Microchip MPLAB XC8 Compiler V1.37 ()

Linker command line:

-W-3 --edf=C:\Program Files (x86)\Microchip\xc8\v1.37\dat\en_msgs.txt -cs \
  -h+dist/default/production\gasflowSensor.X.production.sym \
  --cmf=dist/default/production\gasflowSensor.X.production.cmf -z -Q16F1574 \
  -oC:\Users\ADMINI~1\AppData\Local\Temp\s133o.2 \
  -Mdist/default/production/gasflowSensor.X.production.map -E1 -ver=XC8 \
  -ASTACK=02130h-021efh -pstack=STACK -ACODE=00h-07FFhx2 \
  -ASTRCODE=00h-0FFFh -ASTRING=00h-0FFhx16 -ACONST=00h-0FFhx16 \
  -AENTRY=00h-0FFhx16 -ACOMMON=070h-07Fh -ABANK0=020h-06Fh \
  -ABANK1=0A0h-0EFh -ABANK2=0120h-016Fh -ABANK3=01A0h-01EFh \
  -ABANK4=0220h-026Fh -ABANK5=02A0h-02EFh -ABANK6=0320h-032Fh \
  -ABIGRAM=02000h-021EFh \
  -ARAM=020h-06Fh,0A0h-0EFh,0120h-016Fh,01A0h-01EFh,0220h-026Fh,02A0h-02EFh,0320h-032Fh \
  -AABS1=020h-07Fh,0A0h-0EFh,0120h-016Fh,01A0h-01EFh,0220h-026Fh,02A0h-02EFh,0320h-032Fh \
  -ASFR0=00h-01Fh -ASFR1=080h-09Fh -ASFR2=0100h-011Fh -ASFR3=0180h-019Fh \
  -ASFR4=0200h-021Fh -ASFR5=0280h-029Fh -ASFR6=0300h-031Fh \
  -ASFR7=0380h-03EFh -ASFR8=0400h-046Fh -ASFR9=0480h-04EFh \
  -ASFR10=0500h-056Fh -ASFR11=0580h-05EFh -ASFR12=0600h-066Fh \
  -ASFR13=0680h-06EFh -ASFR14=0700h-076Fh -ASFR15=0780h-07EFh \
  -ASFR16=0800h-086Fh -ASFR17=0880h-08EFh -ASFR18=0900h-096Fh \
  -ASFR19=0980h-09EFh -ASFR20=0A00h-0A6Fh -ASFR21=0A80h-0AEFh \
  -ASFR22=0B00h-0B6Fh -ASFR23=0B80h-0BEFh -ASFR24=0C00h-0C6Fh \
  -ASFR25=0C80h-0CEFh -ASFR26=0D00h-0D6Fh -ASFR27=0D80h-0DEFh \
  -ASFR28=0E00h-0E6Fh -ASFR29=0E80h-0EEFh -ASFR30=0F00h-0F6Fh \
  -ASFR31=0F80h-0FEFh -preset_vec=00h,intentry=04h,init,end_init \
  -ppowerup=CODE -pcinit=CODE -pfunctab=CODE -ACONFIG=08007h-08008h \
  -pconfig=CONFIG -DCONFIG=2 -AIDLOC=08000h-08003h -pidloc=IDLOC -DIDLOC=2 \
  -DCODE=2 -DSTRCODE=2 -DSTRING=2 -DCONST=2 -DENTRY=2 -k \
  C:\Users\ADMINI~1\AppData\Local\Temp\s133o.obj \
  dist/default/production\gasflowSensor.X.production.obj 

Object code version is 3.11

Machine type is 16F1574



                Name                               Link     Load   Length Selector   Space Scale
C:\Users\ADMINI~1\AppData\Local\Temp\s133o.obj
                end_init                             26       26        2        8       0
                reset_vec                             0        0        2        0       0
                config                             8007     8007        2    1000E       0
dist/default/production\gasflowSensor.X.production.obj
                cinit                               811      811      7EF     1022       0
                intentry                              4        4       22        8       0
                text14                               28       28       AB        8       0
                text11                               D3       D3       60        8       0
                text10                              15A      15A       16      2B4       0
                swtext1                             17E      17E        C      2FC       0
                cstackBANK0                          20       20       24       20       1
                cstackCOMMON                         70       70        D       70       1
                inittext                            198      198        6      314       0
                clrtext                             192      192        6      314       0
                bssBANK3                            1A0      1A0       40      1A0       1
                bssBANK2                            120      120       40      120       1
                dataBANK1                            D4       D4        8       A0       1
                bssBANK1                             A0       A0       34       A0       1
                dataBANK0                            62       62        E       20       1
                bssBANK0                             44       44       1E       20       1
                bssCOMMON                            7D       7D        1       70       1
                stringtext                          133      133       27      266       0
                idataBANK1                          18A      18A        8      314       0
                idataBANK0                          170      170        E      2B4       0

TOTAL           Name                               Link     Load   Length     Space
        CLASS   STACK          

        CLASS   CODE           
                end_init                             26       26        2         0
                cinit                               811      811      7EF         0
                intentry                              4        4       22         0
                reset_vec                             0        0        2         0
                text14                               28       28       AB         0
                text11                               D3       D3       60         0
                text10                              15A      15A       16         0
                inittext                            198      198        6         0
                clrtext                             192      192        6         0
                idataBANK1                          18A      18A        8         0
                idataBANK0                          170      170        E         0

        CLASS   STRCODE        
                stringtext                          133      133       27         0

        CLASS   STRING         

        CLASS   CONST          
                swtext1                             17E      17E        C         0

        CLASS   ENTRY          

        CLASS   COMMON         
                cstackCOMMON                         70       70        D         1
                bssCOMMON                            7D       7D        1         1

        CLASS   BANK0          
                cstackBANK0                          20       20       24         1
                dataBANK0                            62       62        E         1
                bssBANK0                             44       44       1E         1

        CLASS   BANK1          
                dataBANK1                            D4       D4        8         1
                bssBANK1                             A0       A0       34         1

        CLASS   BANK2          
                bssBANK2                            120      120       40         1

        CLASS   BANK3          
                bssBANK3                            1A0      1A0       40         1

        CLASS   BANK4          

        CLASS   BANK5          

        CLASS   BANK6          

        CLASS   BIGRAM         

        CLASS   RAM            

        CLASS   ABS1           
                abs_s1                               7E       7E        2         1

        CLASS   SFR0           

        CLASS   SFR1           

        CLASS   SFR2           

        CLASS   SFR3           

        CLASS   SFR4           

        CLASS   SFR5           

        CLASS   SFR6           

        CLASS   SFR7           

        CLASS   SFR8           

        CLASS   SFR9           

        CLASS   SFR10          

        CLASS   SFR11          

        CLASS   SFR12          

        CLASS   SFR13          

        CLASS   SFR14          

        CLASS   SFR15          

        CLASS   SFR16          

        CLASS   SFR17          

        CLASS   SFR18          

        CLASS   SFR19          

        CLASS   SFR20          

        CLASS   SFR21          

        CLASS   SFR22          

        CLASS   SFR23          

        CLASS   SFR24          

        CLASS   SFR25          

        CLASS   SFR26          

        CLASS   SFR27          

        CLASS   SFR28          

        CLASS   SFR29          

        CLASS   SFR30          

        CLASS   SFR31          

        CLASS   CONFIG         
                config                             8007     8007        2         0

        CLASS   IDLOC          

        CLASS   BANK31         

        CLASS   BANK30         

        CLASS   BANK29         

        CLASS   BANK28         

        CLASS   BANK27         

        CLASS   BANK26         

        CLASS   BANK25         

        CLASS   BANK24         

        CLASS   BANK23         

        CLASS   BANK22         

        CLASS   BANK21         

        CLASS   BANK20         

        CLASS   BANK19         

        CLASS   BANK18         

        CLASS   BANK17         

        CLASS   BANK16         

        CLASS   BANK15         

        CLASS   BANK14         

        CLASS   BANK13         

        CLASS   BANK12         

        CLASS   BANK11         

        CLASS   BANK10         

        CLASS   BANK9          

        CLASS   BANK8          

        CLASS   BANK7          

        CLASS   EEDATA         



SEGMENTS        Name                           Load    Length   Top    Selector   Space  Class     Delta

                reset_vec                      000000  000002  000002         0       0  CODE        2
                intentry                       000004  00012F  000133         8       0  CODE        2
                cstackBANK0                    000020  000050  000070        20       1  BANK0       1
                cstackCOMMON                   000070  00000E  00007E        70       1  COMMON      1
                bssBANK1                       0000A0  00003C  0000DC        A0       1  BANK1       1
                bssBANK2                       000120  000040  000160       120       1  BANK2       1
                bssBANK3                       0001A0  000040  0001E0       1A0       1  BANK3       1
                stringtext                     000133  000027  00015A       266       0  STRCODE     2
                text10                         00015A  000024  00017E       2B4       0  CODE        2
                swtext1                        00017E  00000C  00018A       2FC       0  CONST       2
                idataBANK1                     00018A  000014  00019E       314       0  CODE        2
                cinit                          000811  0007EF  001000      1022       0  CODE        2
                config                         008007  000002  008009     1000E       0  CONFIG      2


UNUSED ADDRESS RANGES

        Name                Unused          Largest block    Delta
        BANK1            000DC-000EF              14           1
        BANK2            00160-0016F              10           1
        BANK3            001E0-001EF              10           1
        BANK4            00220-0026F              50           1
        BANK5            002A0-002EF              50           1
        BANK6            00320-0032F              10           1
        BIGRAM           02000-021EF             1F0           1
        CODE             00002-00003               2           2
                         0019E-00810             662
        CONST            00002-00003               2           2
                         0019E-00810             100
        ENTRY            00002-00003               2           2
                         0019E-00810             100
        IDLOC            08000-08003               4           2
        RAM              000DC-000EF              14           1
                         00160-0016F              10
                         001E0-001EF              10
                         00220-0026F              50
                         002A0-002EF              50
                         00320-0032F              10
        SFR0             00000-0001F              20           1
        SFR1             00080-0009F              20           1
        SFR10            00500-0056F              70           1
        SFR11            00580-005EF              70           1
        SFR12            00600-0066F              70           1
        SFR13            00680-006EF              70           1
        SFR14            00700-0076F              70           1
        SFR15            00780-007EF              70           1
        SFR16            00800-0086F              70           1
        SFR17            00880-008EF              70           1
        SFR18            00900-0096F              70           1
        SFR19            00980-009EF              70           1
        SFR2             00100-0011F              20           1
        SFR20            00A00-00A6F              70           1
        SFR21            00A80-00AEF              70           1
        SFR22            00B00-00B6F              70           1
        SFR23            00B80-00BEF              70           1
        SFR24            00C00-00C6F              70           1
        SFR25            00C80-00CEF              70           1
        SFR26            00D00-00D6F              70           1
        SFR27            00D80-00DEF              70           1
        SFR28            00E00-00E6F              70           1
        SFR29            00E80-00EEF              70           1
        SFR3             00180-0019F              20           1
        SFR30            00F00-00F6F              70           1
        SFR31            00F80-00FEF              70           1
        SFR4             00200-0021F              20           1
        SFR5             00280-0029F              20           1
        SFR6             00300-0031F              20           1
        SFR7             00380-003EF              70           1
        SFR8             00400-0046F              70           1
        SFR9             00480-004EF              70           1
        STACK            02130-021EF              C0           1
        STRCODE          00002-00003               2           2
                         0019E-00810             673
        STRING           00002-00003               2           2
                         0019E-00810             100

                                  Symbol Table

?___aldiv                                 cstackBANK0  00020
?___almod                                 cstackCOMMON 00070
?___lldiv                                 cstackCOMMON 00070
?___lmul                                  cstackCOMMON 00070
?_adc_sample                              cstackCOMMON 00072
?_cal_voout_pwm_duty                      cstackBANK0  00020
?_calc_current_rs_avg                     cstackCOMMON 00070
?_calc_temp_rc                            cstackBANK0  00020
?_calc_temp_rs                            cstackBANK0  00020
?_get_idrv_pwm1_duty                      cstackCOMMON 00070
?_get_vout_pwm2_duty                      cstackCOMMON 00070
PIN_MANAGER_Initialize@state              cstackCOMMON 00070
PL10                                      cinit        00FB3
PL12                                      cinit        00FBB
PL14                                      cinit        00FC3
PL16                                      cinit        00FC9
PL18                                      cinit        00FD0
PL2                                       cinit        00F94
PL20                                      cinit        00FD6
PL22                                      text11       0012D
PL24                                      cinit        00FDB
PL4                                       cinit        00F9E
PL6                                       cinit        00FAA
PL8                                       text14       000CA
TMR2_SetInterruptHandler@InterruptHandler cstackCOMMON 00070
_ADC1_Initialize                          cinit        00A25
_ADCON0                                   (abs)        0009D
_ADCON0bits                               (abs)        0009D
_ADCON1                                   (abs)        0009E
_ADCON2                                   (abs)        0009F
_ADRESH                                   (abs)        0009C
_ADRESL                                   (abs)        0009B
_ANSELA                                   (abs)        0018C
_ANSELC                                   (abs)        0018E
_BAUDCON                                  (abs)        0019F
_EUSART_Initialize                        cinit        00FE1
_Event                                    bssCOMMON    0007D
_FVRCON                                   (abs)        00117
_FVRCONbits                               (abs)        00117
_FVR_Initialize                           cinit        00A29
_GIE                                      (abs)        0005F
_INTCONbits                               (abs)        0000B
_INTERRUPT_InterruptManager               intentry     00004
_LATA                                     (abs)        0010C
_LATC                                     (abs)        0010E
_ODCONA                                   (abs)        0028C
_ODCONC                                   (abs)        0028E
_OPTION_REGbits                           (abs)        00095
_OSCCON                                   (abs)        00099
_OSCILLATOR_Initialize                    cinit        00A2D
_OSCTUNE                                  (abs)        00098
_PIE1bits                                 (abs)        00091
_PIN_MANAGER_Initialize                   cinit        00A32
_PIR1bits                                 (abs)        00011
_PPSLOCK                                  (abs)        00E0F
_PPSLOCKbits                              (abs)        00E0F
_PR2                                      (abs)        0001B
_PWM1CLKCON                               (abs)        00D9E
_PWM1CON                                  (abs)        00D9B
_PWM1CONbits                              (abs)        00D9B
_PWM1DCH                                  (abs)        00D94
_PWM1DCL                                  (abs)        00D93
_PWM1INTE                                 (abs)        00D9C
_PWM1INTF                                 (abs)        00D9D
_PWM1LDCON                                (abs)        00D9F
_PWM1OFCON                                (abs)        00DA0
_PWM1OFH                                  (abs)        00D98
_PWM1OFL                                  (abs)        00D97
_PWM1PHH                                  (abs)        00D92
_PWM1PHL                                  (abs)        00D91
_PWM1PRH                                  (abs)        00D96
_PWM1PRL                                  (abs)        00D95
_PWM1TMRH                                 (abs)        00D9A
_PWM1TMRL                                 (abs)        00D99
_PWM1_Initialize                          cinit        00DDE
_PWM1_Start                               cinit        00A11
_PWM2CLKCON                               (abs)        00DAE
_PWM2CON                                  (abs)        00DAB
_PWM2CONbits                              (abs)        00DAB
_PWM2DCH                                  (abs)        00DA4
_PWM2DCL                                  (abs)        00DA3
_PWM2INTE                                 (abs)        00DAC
_PWM2INTF                                 (abs)        00DAD
_PWM2LDCON                                (abs)        00DAF
_PWM2OFCON                                (abs)        00DB0
_PWM2OFH                                  (abs)        00DA8
_PWM2OFL                                  (abs)        00DA7
_PWM2PHH                                  (abs)        00DA2
_PWM2PHL                                  (abs)        00DA1
_PWM2PRH                                  (abs)        00DA6
_PWM2PRL                                  (abs)        00DA5
_PWM2TMRH                                 (abs)        00DAA
_PWM2TMRL                                 (abs)        00DA9
_PWM2_Initialize                          cinit        00DF6
_PidKp                                    bssBANK0     00044
_PidTi                                    bssBANK1     000AC
_RA4PPSbits                               (abs)        00E94
_RA5PPSbits                               (abs)        00E95
_RC5PPSbits                               (abs)        00EA5
_RCSTA                                    (abs)        0019D
_RXPPSbits                                (abs)        00E15
_SPBRGH                                   (abs)        0019C
_SPBRGL                                   (abs)        0019B
_SYSTEM_Initialize                        cinit        00A14
_T2CON                                    (abs)        0001C
_T2CONbits                                (abs)        0001C
_TMR2                                     (abs)        0001A
_TMR2_DefaultInterruptHandler             (abs)        00000
_TMR2_Initialize                          cinit        00FED
_TMR2_SetInterruptHandler                 cinit        00FFC
_TMR2_StartTimer                          cinit        00FFD
_TRISA                                    (abs)        0008C
_TRISC                                    (abs)        0008E
_TXREG                                    (abs)        0019A
_TXSTA                                    (abs)        0019E
_TXSTAbits                                (abs)        0019E
_WDTCON                                   (abs)        00097
_WDT_Initialize                           cinit        00E0D
_WPUA                                     (abs)        0020C
_WPUC                                     (abs)        0020E
__CFG_BOREN$ON                            (abs)        00000
__CFG_BORV$LO                             (abs)        00000
__CFG_CLKOUTEN$OFF                        (abs)        00000
__CFG_CP$OFF                              (abs)        00000
__CFG_FOSC$INTOSC                         (abs)        00000
__CFG_LPBOREN$OFF                         (abs)        00000
__CFG_LVP$ON                              (abs)        00000
__CFG_MCLRE$ON                            (abs)        00000
__CFG_PLLEN$OFF                           (abs)        00000
__CFG_PPS1WAY$ON                          (abs)        00000
__CFG_PWRTE$OFF                           (abs)        00000
__CFG_STVREN$ON                           (abs)        00000
__CFG_WDTE$OFF                            (abs)        00000
__CFG_WRT$OFF                             (abs)        00000
__Habs1                                   abs1         00000
__Hbank0                                  bank0        00000
__Hbank1                                  bank1        00000
__Hbank10                                 bank10       00000
__Hbank11                                 bank11       00000
__Hbank12                                 bank12       00000
__Hbank13                                 bank13       00000
__Hbank14                                 bank14       00000
__Hbank15                                 bank15       00000
__Hbank16                                 bank16       00000
__Hbank17                                 bank17       00000
__Hbank18                                 bank18       00000
__Hbank19                                 bank19       00000
__Hbank2                                  bank2        00000
__Hbank20                                 bank20       00000
__Hbank21                                 bank21       00000
__Hbank22                                 bank22       00000
__Hbank23                                 bank23       00000
__Hbank24                                 bank24       00000
__Hbank25                                 bank25       00000
__Hbank26                                 bank26       00000
__Hbank27                                 bank27       00000
__Hbank28                                 bank28       00000
__Hbank29                                 bank29       00000
__Hbank3                                  bank3        00000
__Hbank30                                 bank30       00000
__Hbank31                                 bank31       00000
__Hbank4                                  bank4        00000
__Hbank5                                  bank5        00000
__Hbank6                                  bank6        00000
__Hbank7                                  bank7        00000
__Hbank8                                  bank8        00000
__Hbank9                                  bank9        00000
__Hbigram                                 bigram       00000
__HbssBANK0                               bssBANK0     00000
__HbssBANK1                               bssBANK1     00000
__HbssBANK2                               bssBANK2     00000
__HbssBANK3                               bssBANK3     00000
__HbssCOMMON                              bssCOMMON    00000
__Hcinit                                  cinit        01000
__Hclrtext                                clrtext      00000
__Hcode                                   code         00000
__Hcommon                                 common       00000
__Hconfig                                 config       08009
__HcstackBANK0                            cstackBANK0  00000
__HcstackCOMMON                           cstackCOMMON 00000
__HdataBANK0                              dataBANK0    00000
__HdataBANK1                              dataBANK1    00000
__Heeprom_data                            eeprom_data  00000
__Hend_init                               end_init     00028
__Hfunctab                                functab      00000
__HidataBANK0                             idataBANK0   00000
__HidataBANK1                             idataBANK1   00000
__Hidloc                                  idloc        00000
__Hinit                                   init         00026
__Hinittext                               inittext     00000
__Hintentry                               intentry     00026
__Hmaintext                               maintext     00000
__Hpa_nodes                               pa_nodes     00000
__Hpowerup                                powerup      00000
__Hram                                    ram          00000
__Hreset_vec                              reset_vec    00002
__Hsfr0                                   sfr0         00000
__Hsfr1                                   sfr1         00000
__Hsfr10                                  sfr10        00000
__Hsfr11                                  sfr11        00000
__Hsfr12                                  sfr12        00000
__Hsfr13                                  sfr13        00000
__Hsfr14                                  sfr14        00000
__Hsfr15                                  sfr15        00000
__Hsfr16                                  sfr16        00000
__Hsfr17                                  sfr17        00000
__Hsfr18                                  sfr18        00000
__Hsfr19                                  sfr19        00000
__Hsfr2                                   sfr2         00000
__Hsfr20                                  sfr20        00000
__Hsfr21                                  sfr21        00000
__Hsfr22                                  sfr22        00000
__Hsfr23                                  sfr23        00000
__Hsfr24                                  sfr24        00000
__Hsfr25                                  sfr25        00000
__Hsfr26                                  sfr26        00000
__Hsfr27                                  sfr27        00000
__Hsfr28                                  sfr28        00000
__Hsfr29                                  sfr29        00000
__Hsfr3                                   sfr3         00000
__Hsfr30                                  sfr30        00000
__Hsfr31                                  sfr31        00000
__Hsfr4                                   sfr4         00000
__Hsfr5                                   sfr5         00000
__Hsfr6                                   sfr6         00000
__Hsfr7                                   sfr7         00000
__Hsfr8                                   sfr8         00000
__Hsfr9                                   sfr9         00000
__Hspace_0                                (abs)        08009
__Hspace_1                                (abs)        001E0
__Hspace_2                                (abs)        00000
__Hspace_3                                (abs)        00000
__Hstack                                  stack        00000
__Hstrings                                strings      00000
__Hstringtext                             stringtext   00000
__Htext                                   text         00000
__Labs1                                   abs1         00000
__Lbank0                                  bank0        00000
__Lbank1                                  bank1        00000
__Lbank10                                 bank10       00000
__Lbank11                                 bank11       00000
__Lbank12                                 bank12       00000
__Lbank13                                 bank13       00000
__Lbank14                                 bank14       00000
__Lbank15                                 bank15       00000
__Lbank16                                 bank16       00000
__Lbank17                                 bank17       00000
__Lbank18                                 bank18       00000
__Lbank19                                 bank19       00000
__Lbank2                                  bank2        00000
__Lbank20                                 bank20       00000
__Lbank21                                 bank21       00000
__Lbank22                                 bank22       00000
__Lbank23                                 bank23       00000
__Lbank24                                 bank24       00000
__Lbank25                                 bank25       00000
__Lbank26                                 bank26       00000
__Lbank27                                 bank27       00000
__Lbank28                                 bank28       00000
__Lbank29                                 bank29       00000
__Lbank3                                  bank3        00000
__Lbank30                                 bank30       00000
__Lbank31                                 bank31       00000
__Lbank4                                  bank4        00000
__Lbank5                                  bank5        00000
__Lbank6                                  bank6        00000
__Lbank7                                  bank7        00000
__Lbank8                                  bank8        00000
__Lbank9                                  bank9        00000
__Lbigram                                 bigram       00000
__LbssBANK0                               bssBANK0     00000
__LbssBANK1                               bssBANK1     00000
__LbssBANK2                               bssBANK2     00000
__LbssBANK3                               bssBANK3     00000
__LbssCOMMON                              bssCOMMON    00000
__Lcinit                                  cinit        00811
__Lclrtext                                clrtext      00000
__Lcode                                   code         00000
__Lcommon                                 common       00000
__Lconfig                                 config       08007
__LcstackBANK0                            cstackBANK0  00000
__LcstackCOMMON                           cstackCOMMON 00000
__LdataBANK0                              dataBANK0    00000
__LdataBANK1                              dataBANK1    00000
__Leeprom_data                            eeprom_data  00000
__Lend_init                               end_init     00026
__Lfunctab                                functab      00000
__LidataBANK0                             idataBANK0   00000
__LidataBANK1                             idataBANK1   00000
__Lidloc                                  idloc        00000
__Linit                                   init         00026
__Linittext                               inittext     00000
__Lintentry                               intentry     00004
__Lmaintext                               maintext     00000
__Lpa_nodes                               pa_nodes     00000
__Lpowerup                                powerup      00000
__Lram                                    ram          00000
__Lreset_vec                              reset_vec    00000
__Lsfr0                                   sfr0         00000
__Lsfr1                                   sfr1         00000
__Lsfr10                                  sfr10        00000
__Lsfr11                                  sfr11        00000
__Lsfr12                                  sfr12        00000
__Lsfr13                                  sfr13        00000
__Lsfr14                                  sfr14        00000
__Lsfr15                                  sfr15        00000
__Lsfr16                                  sfr16        00000
__Lsfr17                                  sfr17        00000
__Lsfr18                                  sfr18        00000
__Lsfr19                                  sfr19        00000
__Lsfr2                                   sfr2         00000
__Lsfr20                                  sfr20        00000
__Lsfr21                                  sfr21        00000
__Lsfr22                                  sfr22        00000
__Lsfr23                                  sfr23        00000
__Lsfr24                                  sfr24        00000
__Lsfr25                                  sfr25        00000
__Lsfr26                                  sfr26        00000
__Lsfr27                                  sfr27        00000
__Lsfr28                                  sfr28        00000
__Lsfr29                                  sfr29        00000
__Lsfr3                                   sfr3         00000
__Lsfr30                                  sfr30        00000
__Lsfr31                                  sfr31        00000
__Lsfr4                                   sfr4         00000
__Lsfr5                                   sfr5         00000
__Lsfr6                                   sfr6         00000
__Lsfr7                                   sfr7         00000
__Lsfr8                                   sfr8         00000
__Lsfr9                                   sfr9         00000
__Lspace_0                                (abs)        00000
__Lspace_1                                (abs)        00000
__Lspace_2                                (abs)        00000
__Lspace_3                                (abs)        00000
__Lstack                                  stack        00000
__Lstrings                                strings      00000
__Lstringtext                             stringtext   00000
__Ltext                                   text         00000
__S0                                      (abs)        08009
__S1                                      (abs)        001E0
__S2                                      (abs)        00000
___aldiv                                  cinit        00D38
___aldiv@counter                          cstackBANK0  00028
___aldiv@dividend                         cstackBANK0  00024
___aldiv@divisor                          cstackBANK0  00020
___aldiv@quotient                         cstackBANK0  0002A
___aldiv@sign                             cstackBANK0  00029
___almod                                  text11       000D3
___almod@counter                          cstackCOMMON 00078
___almod@dividend                         cstackCOMMON 00074
___almod@divisor                          cstackCOMMON 00070
___almod@sign                             cstackCOMMON 00079
___int_sp                                 stack        00000
___latbits                                (abs)        00001
___lldiv                                  cinit        00EA9
___lldiv@counter                          cstackCOMMON 0007C
___lldiv@dividend                         cstackCOMMON 00074
___lldiv@divisor                          cstackCOMMON 00070
___lldiv@quotient                         cstackCOMMON 00078
___lmul                                   cinit        00DA4
___lmul@multiplicand                      cstackCOMMON 00074
___lmul@multiplier                        cstackCOMMON 00070
___lmul@product                           cstackCOMMON 00078
___sp                                     stack        00000
__end_ofPL10                              cinit        00FBB
__end_ofPL12                              cinit        00FC3
__end_ofPL14                              cinit        00FC9
__end_ofPL16                              cinit        00FD0
__end_ofPL18                              cinit        00FD6
__end_ofPL2                               cinit        00F9E
__end_ofPL20                              cinit        00FDB
__end_ofPL22                              text11       00133
__end_ofPL24                              cinit        00FE1
__end_ofPL4                               cinit        00FAA
__end_ofPL6                               cinit        00FB3
__end_ofPL8                               text14       000D3
__end_of_ADC1_Initialize                  cinit        00A29
__end_of_EUSART_Initialize                cinit        00FED
__end_of_FVR_Initialize                   cinit        00A2D
__end_of_INTERRUPT_InterruptManager       intentry     00026
__end_of_OSCILLATOR_Initialize            cinit        00A32
__end_of_PIN_MANAGER_Initialize           cinit        00A6B
__end_of_PWM1_Initialize                  cinit        00DF6
__end_of_PWM1_Start                       cinit        00A14
__end_of_PWM2_Initialize                  cinit        00E0D
__end_of_SYSTEM_Initialize                cinit        00A25
__end_of_TMR2_Initialize                  cinit        00FFC
__end_of_TMR2_SetInterruptHandler         cinit        00FFD
__end_of_TMR2_StartTimer                  cinit        01000
__end_of_WDT_Initialize                   cinit        00E10
__end_of___aldiv                          cinit        00DA4
__end_of___almod                          text11       0012D
__end_of___lldiv                          cinit        00EE8
__end_of___lmul                           cinit        00DC9
__end_of__initialization                  cinit        0084A
__end_of_adc_init                         cinit        00E1F
__end_of_adc_sample                       cinit        00A11
__end_of_cal_voout_pwm_duty               cinit        00EA9
__end_of_calc_current_rs_avg              cinit        00EED
__end_of_calc_temp_rc                     text14       000CA
__end_of_calc_temp_rs                     cinit        00F60
__end_of_fvr_set_gain                     cinit        00E30
__end_of_get_idrv_pwm1_duty               cinit        00F78
__end_of_get_vout_pwm2_duty               cinit        00F94
__end_of_m_int_2_str_ex                   cinit        009D9
__end_of_m_mem_cpy                        text10       00170
__end_of_m_mem_set                        cinit        00F71
__end_of_main                             cinit        0092B
__end_of_pid_b_b_process                  cinit        00D38
__end_of_pid_run_process                  cinit        00B6A
__end_of_set_idrv_pwm1_duty               cinit        00DDE
__end_of_set_vout_pwm2_duty               cinit        00F8D
__end_of_uart_send_str                    cinit        0095E
__initialization                          cinit        00811
__pbssBANK0                               bssBANK0     00044
__pbssBANK1                               bssBANK1     000A0
__pbssBANK2                               bssBANK2     00120
__pbssBANK3                               bssBANK3     001A0
__pbssCOMMON                              bssCOMMON    0007D
__pcstackBANK0                            cstackBANK0  00020
__pcstackCOMMON                           cstackCOMMON 00070
__pdataBANK0                              dataBANK0    00062
__pdataBANK1                              dataBANK1    000D4
__pidataBANK0                             idataBANK0   00170
__pidataBANK1                             idataBANK1   0018A
__pintentry                               intentry     00004
__pmaintext                               cinit        0084D
__pstringtext                             stringtext   00133
__pswtext1                                swtext1      0017E
__ptext1                                  cinit        0092B
__ptext10                                 text10       0015A
__ptext11                                 text11       000D3
__ptext12                                 cinit        00D38
__ptext13                                 cinit        00EED
__ptext14                                 text14       00028
__ptext15                                 cinit        00EE8
__ptext16                                 cinit        00E30
__ptext17                                 cinit        00DA4
__ptext18                                 cinit        00EA9
__ptext19                                 cinit        009D9
__ptext2                                  cinit        00F78
__ptext20                                 cinit        00E1F
__ptext21                                 cinit        00E10
__ptext22                                 cinit        00A14
__ptext23                                 cinit        00E0D
__ptext24                                 cinit        00FED
__ptext25                                 cinit        00FFD
__ptext26                                 cinit        00FFC
__ptext27                                 cinit        00DF6
__ptext28                                 cinit        00DDE
__ptext29                                 cinit        00A32
__ptext3                                  cinit        00F8D
__ptext30                                 cinit        00A2D
__ptext31                                 cinit        00A29
__ptext32                                 cinit        00FE1
__ptext33                                 cinit        00A25
__ptext34                                 cinit        00A11
__ptext4                                  cinit        00A6B
__ptext5                                  cinit        00B6A
__ptext6                                  cinit        00DC9
__ptext7                                  cinit        00F71
__ptext8                                  cinit        0095E
__ptext9                                  cinit        00F60
__size_of_ADC1_Initialize                 (abs)        00000
__size_of_EUSART_Initialize               (abs)        00000
__size_of_FVR_Initialize                  (abs)        00000
__size_of_INTERRUPT_InterruptManager      (abs)        00000
__size_of_OSCILLATOR_Initialize           (abs)        00000
__size_of_PIN_MANAGER_Initialize          (abs)        00000
__size_of_PWM1_Initialize                 (abs)        00000
__size_of_PWM1_Start                      (abs)        00000
__size_of_PWM2_Initialize                 (abs)        00000
__size_of_SYSTEM_Initialize               (abs)        00000
__size_of_TMR2_Initialize                 (abs)        00000
__size_of_TMR2_SetInterruptHandler        (abs)        00000
__size_of_TMR2_StartTimer                 (abs)        00000
__size_of_WDT_Initialize                  (abs)        00000
__size_of___aldiv                         (abs)        00000
__size_of___almod                         (abs)        00000
__size_of___lldiv                         (abs)        00000
__size_of___lmul                          (abs)        00000
__size_of_adc_init                        (abs)        00000
__size_of_adc_sample                      (abs)        00000
__size_of_cal_voout_pwm_duty              (abs)        00000
__size_of_calc_current_rs_avg             (abs)        00000
__size_of_calc_temp_rc                    (abs)        00000
__size_of_calc_temp_rs                    (abs)        00000
__size_of_fvr_set_gain                    (abs)        00000
__size_of_get_idrv_pwm1_duty              (abs)        00000
__size_of_get_vout_pwm2_duty              (abs)        00000
__size_of_m_int_2_str_ex                  (abs)        00000
__size_of_m_mem_cpy                       (abs)        00000
__size_of_m_mem_set                       (abs)        00000
__size_of_main                            (abs)        00000
__size_of_pid_b_b_process                 (abs)        00000
__size_of_pid_run_process                 (abs)        00000
__size_of_set_idrv_pwm1_duty              (abs)        00000
__size_of_set_vout_pwm2_duty              (abs)        00000
__size_of_uart_send_str                   (abs)        00000
_adc_init                                 cinit        00E10
_adc_sample                               cinit        009D9
_bbku                                     bssBANK1     000B0
_bbmax                                    dataBANK1    000D4
_bbmin                                    dataBANK1    000D8
_bbt0                                     bssBANK1     000B4
_bbt1                                     bssBANK1     000B8
_bbta                                     bssBANK1     000BC
_bbtu                                     bssBANK0     00048
_bbu                                      bssBANK1     000C0
_cal_voout_pwm_duty                       cinit        00E30
_calc_current_rs_avg                      cinit        00EE8
_calc_temp_rc                             text14       00028
_calc_temp_rs                             cinit        00EED
_err                                      bssBANK1     000A0
_eusartRxBuffer                           bssBANK3     001A0
_eusartRxCount                            bssBANK0     0005C
_eusartRxIdleTime_ms                      bssBANK0     00050
_eusartTxBuffer                           bssBANK2     00120
_eusartTxLen                              bssBANK0     0005D
_fvr_set_gain                             cinit        00E1F
_get_idrv_pwm1_duty                       cinit        00F71
_get_vout_pwm2_duty                       cinit        00F8D
_globalTicker                             bssBANK0     0004C
_isRunInBoot                              (abs)        00FFF
_m_int_2_str_ex                           cinit        0095E
_m_mem_cpy                                text10       0015A
_m_mem_set                                cinit        00F60
_main                                     cinit        0084D
_pidBbSm                                  bssBANK0     0005E
_pidTestNum                               bssBANK0     0005F
_pidU                                     dataBANK0    00062
_pid_b_b_process                          cinit        00B6A
_pid_run_process                          cinit        00A6B
_pwm2DutyForVout                          dataBANK0    0006E
_resRc                                    dataBANK0    00066
_resRs                                    dataBANK0    0006A
_rtAdcValueRcHi                           bssBANK0     00052
_rtAdcValueRcLo                           bssBANK0     00054
_rtAdcValueRsHi                           bssBANK0     00056
_rtAdcValueRsLo                           bssBANK0     00058
_rtAdcValueRsLoAvg                        bssBANK0     0005A
_set_idrv_pwm1_duty                       cinit        00DC9
_set_vout_pwm2_duty                       cinit        00F78
_str                                      bssBANK1     000C4
_subTickerX                               bssBANK0     00060
_subTickerX_1s                            bssBANK0     00061
_uart_send_str                            cinit        0092B
adc_init@ch                               cstackCOMMON 00071
adc_sample@ch                             cstackCOMMON 00075
adc_sample@gfvr                           cstackCOMMON 00072
adc_sample@i                              cstackCOMMON 00078
adc_sample@num                            cstackCOMMON 00073
adc_sample@ret                            cstackCOMMON 00076
adc_sample@t16                            cstackCOMMON 00079
btemp                                     (abs)        0007E
cal_voout_pwm_duty@t32                    cstackBANK0  00022
calc_temp_rc@x                            cstackBANK0  00028
calc_temp_rc@y                            cstackBANK0  0002C
calc_temp_rs@x                            cstackBANK0  00024
calc_temp_rs@y                            cstackBANK0  00028
clear_ram0                                clrtext      00192
end_of_initialization                     cinit        0084A
fvr_set_gain@g                            cstackCOMMON 00071
fvr_set_gain@t8                           cstackCOMMON 00070
init_ram                                  inittext     00198
int$flags                                 (abs)        0007E
intlevel0                                 functab      00000
intlevel1                                 functab      00000
intlevel2                                 functab      00000
intlevel3                                 functab      00000
intlevel4                                 functab      00000
intlevel5                                 functab      00000
ltemp                                     (abs)        0007E
ltemp0                                    (abs)        0007E
ltemp1                                    (abs)        00082
ltemp2                                    (abs)        00086
ltemp3                                    (abs)        00080
m_int_2_str_ex@buf                        cstackBANK0  0003E
m_int_2_str_ex@i                          cstackBANK0  0003D
m_int_2_str_ex@sig                        cstackBANK0  0003C
m_int_2_str_ex@ssize                      cstackBANK0  00032
m_int_2_str_ex@t                          cstackBANK0  00038
m_int_2_str_ex@x                          cstackBANK0  0002E
m_mem_cpy@d                               cstackCOMMON 00071
m_mem_cpy@s                               cstackCOMMON 00070
m_mem_set@buf                             cstackCOMMON 00073
m_mem_set@len                             cstackCOMMON 00071
m_mem_set@x                               cstackCOMMON 00070
pid_b_b_process@t32                       cstackBANK0  0002E
pid_run_process@ei                        cstackBANK0  00036
pid_run_process@ep                        cstackBANK0  00032
pid_run_process@t16                       cstackBANK0  0003E
pid_run_process@t32                       cstackBANK0  00040
reset_vec                                 reset_vec    00000
set_idrv_pwm1_duty@duty                   cstackCOMMON 00072
set_idrv_pwm1_duty@t16                    cstackCOMMON 00074
set_vout_pwm2_duty@duty                   cstackCOMMON 00072
set_vout_pwm2_duty@t16                    cstackCOMMON 00074
stackhi                                   (abs)        021EF
stacklo                                   (abs)        02130
start                                     init         00026
start_initialization                      cinit        00811
ttemp                                     (abs)        0007E
ttemp0                                    (abs)        0007E
ttemp1                                    (abs)        00081
ttemp2                                    (abs)        00084
ttemp3                                    (abs)        00087
ttemp4                                    (abs)        0007F
uart_send_str@str                         cstackCOMMON 00070
wtemp                                     (abs)        0007E
wtemp0                                    (abs)        0007E
wtemp1                                    (abs)        00080
wtemp2                                    (abs)        00082
wtemp3                                    (abs)        00084
wtemp4                                    (abs)        00086
wtemp5                                    (abs)        00088
wtemp6                                    (abs)        0007F


FUNCTION INFORMATION:

 *************** function _main *****************
 Defined at:
		line 57 in file "src/app/main.c"
 Parameters:    Size  Location     Type
		None
 Auto vars:     Size  Location     Type
		None
 Return value:  Size  Location     Type
                  1    wreg      void 
 Registers used:
		wreg, fsr0l, fsr0h, fsr1l, fsr1h, status,2, status,0, pclath, cstack
 Tracked objects:
		On entry : 
		On exit  : 
		Unchanged: 
 Data sizes:     COMMON   BANK0   BANK1   BANK2   BANK3   BANK4   BANK5   BANK6
      Params:         0       0       0       0       0       0       0       0
      Locals:         0       0       0       0       0       0       0       0
      Temps:          0       0       0       0       0       0       0       0
      Totals:         0       0       0       0       0       0       0       0
Total ram usage:        0 bytes
 Hardware stack levels required when called:    4
 This function calls:
		_PWM1_Start
		_SYSTEM_Initialize
		_adc_sample
		_cal_voout_pwm_duty
		_calc_current_rs_avg
		_calc_temp_rc
		_calc_temp_rs
		_m_int_2_str_ex
		_pid_b_b_process
		_pid_run_process
		_set_vout_pwm2_duty
		_uart_send_str
 This function is called by:
		Startup code after reset
 This function uses a non-reentrant model


 *************** function _uart_send_str *****************
 Defined at:
		line 19 in file "src/api/my_uart.c"
 Parameters:    Size  Location     Type
  str             2    0[COMMON] PTR unsigned char 
		 -> STR_6(3), STR_5(7), STR_4(7), STR_3(7), 
		 -> STR_2(8), str(16), STR_1(7), 
 Auto vars:     Size  Location     Type
		None
 Return value:  Size  Location     Type
                  1    wreg      void 
 Registers used:
		wreg, fsr0l, fsr0h, status,2, status,0, pclath
 Tracked objects:
		On entry : 
		On exit  : 
		Unchanged: 
 Data sizes:     COMMON   BANK0   BANK1   BANK2   BANK3   BANK4   BANK5   BANK6
      Params:         2       0       0       0       0       0       0       0
      Locals:         0       0       0       0       0       0       0       0
      Temps:          1       0       0       0       0       0       0       0
      Totals:         3       0       0       0       0       0       0       0
Total ram usage:        3 bytes
 Hardware stack levels used:    1
 Hardware stack levels required when called:    1
 This function calls:
		Nothing
 This function is called by:
		_main
 This function uses a non-reentrant model


 *************** function _set_vout_pwm2_duty *****************
 Defined at:
		line 40 in file "src/api/sample.c"
 Parameters:    Size  Location     Type
  duty            2    2[COMMON] unsigned int 
 Auto vars:     Size  Location     Type
  t16             2    4[COMMON] unsigned int 
 Return value:  Size  Location     Type
                  1    wreg      void 
 Registers used:
		wreg, pclath, cstack
 Tracked objects:
		On entry : 
		On exit  : 
		Unchanged: 
 Data sizes:     COMMON   BANK0   BANK1   BANK2   BANK3   BANK4   BANK5   BANK6
      Params:         2       0       0       0       0       0       0       0
      Locals:         2       0       0       0       0       0       0       0
      Temps:          0       0       0       0       0       0       0       0
      Totals:         4       0       0       0       0       0       0       0
Total ram usage:        4 bytes
 Hardware stack levels used:    1
 Hardware stack levels required when called:    2
 This function calls:
		_get_vout_pwm2_duty
 This function is called by:
		_main
 This function uses a non-reentrant model


 *************** function _get_vout_pwm2_duty *****************
 Defined at:
		line 35 in file "src/api/sample.c"
 Parameters:    Size  Location     Type
		None
 Auto vars:     Size  Location     Type
		None
 Return value:  Size  Location     Type
                  2    0[COMMON] unsigned int 
 Registers used:
		wreg
 Tracked objects:
		On entry : 
		On exit  : 
		Unchanged: 
 Data sizes:     COMMON   BANK0   BANK1   BANK2   BANK3   BANK4   BANK5   BANK6
      Params:         2       0       0       0       0       0       0       0
      Locals:         0       0       0       0       0       0       0       0
      Temps:          0       0       0       0       0       0       0       0
      Totals:         2       0       0       0       0       0       0       0
Total ram usage:        2 bytes
 Hardware stack levels used:    1
 Hardware stack levels required when called:    1
 This function calls:
		Nothing
 This function is called by:
		_set_vout_pwm2_duty
 This function uses a non-reentrant model


 *************** function _pid_run_process *****************
 Defined at:
		line 225 in file "src/api/sample.c"
 Parameters:    Size  Location     Type
		None
 Auto vars:     Size  Location     Type
  t32             4   32[BANK0 ] long 
  ed              4    0        long 
  ei              4   22[BANK0 ] long 
  ep              4   18[BANK0 ] long 
  t16             2   30[BANK0 ] unsigned int 
 Return value:  Size  Location     Type
                  1    wreg      void 
 Registers used:
		wreg, fsr1l, fsr1h, status,2, status,0, pclath, cstack
 Tracked objects:
		On entry : 
		On exit  : 
		Unchanged: 
 Data sizes:     COMMON   BANK0   BANK1   BANK2   BANK3   BANK4   BANK5   BANK6
      Params:         0       0       0       0       0       0       0       0
      Locals:         0      18       0       0       0       0       0       0
      Temps:          0       4       0       0       0       0       0       0
      Totals:         0      22       0       0       0       0       0       0
Total ram usage:       22 bytes
 Hardware stack levels used:    1
 Hardware stack levels required when called:    3
 This function calls:
		___aldiv
		___lmul
		_set_idrv_pwm1_duty
 This function is called by:
		_main
 This function uses a non-reentrant model


 *************** function _pid_b_b_process *****************
 Defined at:
		line 169 in file "src/api/sample.c"
 Parameters:    Size  Location     Type
		None
 Auto vars:     Size  Location     Type
  t32             4   14[BANK0 ] long 
 Return value:  Size  Location     Type
                  1    wreg      void 
 Registers used:
		wreg, fsr0l, fsr0h, status,2, status,0, pclath, cstack
 Tracked objects:
		On entry : 
		On exit  : 
		Unchanged: 
 Data sizes:     COMMON   BANK0   BANK1   BANK2   BANK3   BANK4   BANK5   BANK6
      Params:         0       0       0       0       0       0       0       0
      Locals:         0       4       0       0       0       0       0       0
      Temps:          1       0       0       0       0       0       0       0
      Totals:         1       4       0       0       0       0       0       0
Total ram usage:        5 bytes
 Hardware stack levels used:    1
 Hardware stack levels required when called:    3
 This function calls:
		___aldiv
		___lmul
		_set_idrv_pwm1_duty
 This function is called by:
		_main
 This function uses a non-reentrant model


 *************** function _set_idrv_pwm1_duty *****************
 Defined at:
		line 24 in file "src/api/sample.c"
 Parameters:    Size  Location     Type
  duty            2    2[COMMON] unsigned int 
 Auto vars:     Size  Location     Type
  t16             2    4[COMMON] unsigned int 
 Return value:  Size  Location     Type
                  1    wreg      void 
 Registers used:
		wreg, pclath, cstack
 Tracked objects:
		On entry : 
		On exit  : 
		Unchanged: 
 Data sizes:     COMMON   BANK0   BANK1   BANK2   BANK3   BANK4   BANK5   BANK6
      Params:         2       0       0       0       0       0       0       0
      Locals:         2       0       0       0       0       0       0       0
      Temps:          0       0       0       0       0       0       0       0
      Totals:         4       0       0       0       0       0       0       0
Total ram usage:        4 bytes
 Hardware stack levels used:    1
 Hardware stack levels required when called:    2
 This function calls:
		_get_idrv_pwm1_duty
 This function is called by:
		_pid_b_b_process
		_pid_run_process
 This function uses a non-reentrant model


 *************** function _get_idrv_pwm1_duty *****************
 Defined at:
		line 19 in file "src/api/sample.c"
 Parameters:    Size  Location     Type
		None
 Auto vars:     Size  Location     Type
		None
 Return value:  Size  Location     Type
                  2    0[COMMON] unsigned int 
 Registers used:
		wreg
 Tracked objects:
		On entry : 
		On exit  : 
		Unchanged: 
 Data sizes:     COMMON   BANK0   BANK1   BANK2   BANK3   BANK4   BANK5   BANK6
      Params:         2       0       0       0       0       0       0       0
      Locals:         0       0       0       0       0       0       0       0
      Temps:          0       0       0       0       0       0       0       0
      Totals:         2       0       0       0       0       0       0       0
Total ram usage:        2 bytes
 Hardware stack levels used:    1
 Hardware stack levels required when called:    1
 This function calls:
		Nothing
 This function is called by:
		_set_idrv_pwm1_duty
 This function uses a non-reentrant model


 *************** function _m_int_2_str_ex *****************
 Defined at:
		line 140 in file "src/depend/m_string.c"
 Parameters:    Size  Location     Type
  buf             1    wreg     PTR unsigned char 
		 -> str(16), 
  x               4   14[BANK0 ] long 
  ssize           2   18[BANK0 ] unsigned int 
 Auto vars:     Size  Location     Type
  buf             1   30[BANK0 ] PTR unsigned char 
		 -> str(16), 
  t               4   24[BANK0 ] long 
  i               1   29[BANK0 ] unsigned char 
  sig             1   28[BANK0 ] unsigned char 
  len             1    0        unsigned char 
 Return value:  Size  Location     Type
                  1    wreg      void 
 Registers used:
		wreg, fsr0l, fsr0h, fsr1l, fsr1h, status,2, status,0, pclath, cstack
 Tracked objects:
		On entry : 
		On exit  : 
		Unchanged: 
 Data sizes:     COMMON   BANK0   BANK1   BANK2   BANK3   BANK4   BANK5   BANK6
      Params:         0       6       0       0       0       0       0       0
      Locals:         0       7       0       0       0       0       0       0
      Temps:          0       4       0       0       0       0       0       0
      Totals:         0      17       0       0       0       0       0       0
Total ram usage:       17 bytes
 Hardware stack levels used:    1
 Hardware stack levels required when called:    2
 This function calls:
		___aldiv
		___almod
		_m_mem_cpy
		_m_mem_set
 This function is called by:
		_main
 This function uses a non-reentrant model


 *************** function _m_mem_set *****************
 Defined at:
		line 32 in file "src/depend/m_string.c"
 Parameters:    Size  Location     Type
  buf             1    wreg     PTR unsigned char 
		 -> str(16), 
  x               1    0[COMMON] unsigned char 
  len             2    1[COMMON] unsigned int 
 Auto vars:     Size  Location     Type
  buf             1    3[COMMON] PTR unsigned char 
		 -> str(16), 
 Return value:  Size  Location     Type
                  1    wreg      void 
 Registers used:
		wreg, fsr1l, fsr1h, status,2, status,0
 Tracked objects:
		On entry : 
		On exit  : 
		Unchanged: 
 Data sizes:     COMMON   BANK0   BANK1   BANK2   BANK3   BANK4   BANK5   BANK6
      Params:         3       0       0       0       0       0       0       0
      Locals:         1       0       0       0       0       0       0       0
      Temps:          0       0       0       0       0       0       0       0
      Totals:         4       0       0       0       0       0       0       0
Total ram usage:        4 bytes
 Hardware stack levels used:    1
 Hardware stack levels required when called:    1
 This function calls:
		Nothing
 This function is called by:
		_m_int_2_str_ex
 This function uses a non-reentrant model


 *************** function _m_mem_cpy *****************
 Defined at:
		line 39 in file "src/depend/m_string.c"
 Parameters:    Size  Location     Type
  d               1    wreg     PTR unsigned char 
		 -> str(16), 
  s               1    0[COMMON] PTR unsigned char 
		 -> str(16), 
 Auto vars:     Size  Location     Type
  d               1    1[COMMON] PTR unsigned char 
		 -> str(16), 
 Return value:  Size  Location     Type
                  1    wreg      void 
 Registers used:
		wreg, fsr0l, fsr0h, fsr1l, fsr1h, status,2, status,0
 Tracked objects:
		On entry : 
		On exit  : 
		Unchanged: 
 Data sizes:     COMMON   BANK0   BANK1   BANK2   BANK3   BANK4   BANK5   BANK6
      Params:         1       0       0       0       0       0       0       0
      Locals:         1       0       0       0       0       0       0       0
      Temps:          0       0       0       0       0       0       0       0
      Totals:         2       0       0       0       0       0       0       0
Total ram usage:        2 bytes
 Hardware stack levels used:    1
 Hardware stack levels required when called:    1
 This function calls:
		Nothing
 This function is called by:
		_m_int_2_str_ex
 This function uses a non-reentrant model


 *************** function ___almod *****************
 Defined at:
		line 5 in file "C:\Program Files (x86)\Microchip\xc8\v1.37\sources\common\almod.c"
 Parameters:    Size  Location     Type
  divisor         4    0[COMMON] long 
  dividend        4    4[COMMON] long 
 Auto vars:     Size  Location     Type
  sign            1    9[COMMON] unsigned char 
  counter         1    8[COMMON] unsigned char 
 Return value:  Size  Location     Type
                  4    0[COMMON] long 
 Registers used:
		wreg, status,2, status,0
 Tracked objects:
		On entry : 
		On exit  : 
		Unchanged: 
 Data sizes:     COMMON   BANK0   BANK1   BANK2   BANK3   BANK4   BANK5   BANK6
      Params:         8       0       0       0       0       0       0       0
      Locals:         2       0       0       0       0       0       0       0
      Temps:          0       0       0       0       0       0       0       0
      Totals:        10       0       0       0       0       0       0       0
Total ram usage:       10 bytes
 Hardware stack levels used:    1
 Hardware stack levels required when called:    1
 This function calls:
		Nothing
 This function is called by:
		_m_int_2_str_ex
 This function uses a non-reentrant model


 *************** function ___aldiv *****************
 Defined at:
		line 6 in file "C:\Program Files (x86)\Microchip\xc8\v1.37\sources\common\aldiv.c"
 Parameters:    Size  Location     Type
  divisor         4    0[BANK0 ] long 
  dividend        4    4[BANK0 ] long 
 Auto vars:     Size  Location     Type
  quotient        4   10[BANK0 ] long 
  sign            1    9[BANK0 ] unsigned char 
  counter         1    8[BANK0 ] unsigned char 
 Return value:  Size  Location     Type
                  4    0[BANK0 ] long 
 Registers used:
		wreg, status,2, status,0
 Tracked objects:
		On entry : 
		On exit  : 
		Unchanged: 
 Data sizes:     COMMON   BANK0   BANK1   BANK2   BANK3   BANK4   BANK5   BANK6
      Params:         0       8       0       0       0       0       0       0
      Locals:         0       6       0       0       0       0       0       0
      Temps:          0       0       0       0       0       0       0       0
      Totals:         0      14       0       0       0       0       0       0
Total ram usage:       14 bytes
 Hardware stack levels used:    1
 Hardware stack levels required when called:    1
 This function calls:
		Nothing
 This function is called by:
		_pid_b_b_process
		_pid_run_process
		_m_int_2_str_ex
 This function uses a non-reentrant model


 *************** function _calc_temp_rs *****************
 Defined at:
		line 98 in file "src/api/sample.c"
 Parameters:    Size  Location     Type
		None
 Auto vars:     Size  Location     Type
  y               4    8[BANK0 ] unsigned long 
  x               4    4[BANK0 ] unsigned long 
 Return value:  Size  Location     Type
                  4    0[BANK0 ] unsigned long 
 Registers used:
		wreg, status,2, status,0, pclath, cstack
 Tracked objects:
		On entry : 
		On exit  : 
		Unchanged: 
 Data sizes:     COMMON   BANK0   BANK1   BANK2   BANK3   BANK4   BANK5   BANK6
      Params:         0       4       0       0       0       0       0       0
      Locals:         0       8       0       0       0       0       0       0
      Temps:          0       0       0       0       0       0       0       0
      Totals:         0      12       0       0       0       0       0       0
Total ram usage:       12 bytes
 Hardware stack levels used:    1
 Hardware stack levels required when called:    2
 This function calls:
		___lldiv
		___lmul
 This function is called by:
		_main
 This function uses a non-reentrant model


 *************** function _calc_temp_rc *****************
 Defined at:
		line 124 in file "src/api/sample.c"
 Parameters:    Size  Location     Type
		None
 Auto vars:     Size  Location     Type
  y               4   12[BANK0 ] unsigned long 
  x               4    8[BANK0 ] unsigned long 
 Return value:  Size  Location     Type
                  4    0[BANK0 ] unsigned long 
 Registers used:
		wreg, status,2, status,0, pclath, cstack
 Tracked objects:
		On entry : 
		On exit  : 
		Unchanged: 
 Data sizes:     COMMON   BANK0   BANK1   BANK2   BANK3   BANK4   BANK5   BANK6
      Params:         0       4       0       0       0       0       0       0
      Locals:         0       8       0       0       0       0       0       0
      Temps:          0       4       0       0       0       0       0       0
      Totals:         0      16       0       0       0       0       0       0
Total ram usage:       16 bytes
 Hardware stack levels used:    1
 Hardware stack levels required when called:    2
 This function calls:
		___lldiv
		___lmul
 This function is called by:
		_main
 This function uses a non-reentrant model


 *************** function _calc_current_rs_avg *****************
 Defined at:
		line 257 in file "src/api/sample.c"
 Parameters:    Size  Location     Type
		None
 Auto vars:     Size  Location     Type
		None
 Return value:  Size  Location     Type
                  2    0[COMMON] unsigned int 
 Registers used:
		wreg
 Tracked objects:
		On entry : 
		On exit  : 
		Unchanged: 
 Data sizes:     COMMON   BANK0   BANK1   BANK2   BANK3   BANK4   BANK5   BANK6
      Params:         2       0       0       0       0       0       0       0
      Locals:         0       0       0       0       0       0       0       0
      Temps:          0       0       0       0       0       0       0       0
      Totals:         2       0       0       0       0       0       0       0
Total ram usage:        2 bytes
 Hardware stack levels used:    1
 Hardware stack levels required when called:    1
 This function calls:
		Nothing
 This function is called by:
		_main
 This function uses a non-reentrant model


 *************** function _cal_voout_pwm_duty *****************
 Defined at:
		line 280 in file "src/api/sample.c"
 Parameters:    Size  Location     Type
		None
 Auto vars:     Size  Location     Type
  t32             4    2[BANK0 ] unsigned long 
 Return value:  Size  Location     Type
                  2    0[BANK0 ] unsigned int 
 Registers used:
		wreg, status,2, status,0, pclath, cstack
 Tracked objects:
		On entry : 
		On exit  : 
		Unchanged: 
 Data sizes:     COMMON   BANK0   BANK1   BANK2   BANK3   BANK4   BANK5   BANK6
      Params:         0       2       0       0       0       0       0       0
      Locals:         0       4       0       0       0       0       0       0
      Temps:          0       0       0       0       0       0       0       0
      Totals:         0       6       0       0       0       0       0       0
Total ram usage:        6 bytes
 Hardware stack levels used:    1
 Hardware stack levels required when called:    2
 This function calls:
		___lldiv
		___lmul
 This function is called by:
		_main
 This function uses a non-reentrant model


 *************** function ___lmul *****************
 Defined at:
		line 15 in file "C:\Program Files (x86)\Microchip\xc8\v1.37\sources\common\Umul32.c"
 Parameters:    Size  Location     Type
  multiplier      4    0[COMMON] unsigned long 
  multiplicand    4    4[COMMON] unsigned long 
 Auto vars:     Size  Location     Type
  product         4    8[COMMON] unsigned long 
 Return value:  Size  Location     Type
                  4    0[COMMON] unsigned long 
 Registers used:
		wreg, status,2, status,0
 Tracked objects:
		On entry : 
		On exit  : 
		Unchanged: 
 Data sizes:     COMMON   BANK0   BANK1   BANK2   BANK3   BANK4   BANK5   BANK6
      Params:         8       0       0       0       0       0       0       0
      Locals:         4       0       0       0       0       0       0       0
      Temps:          0       0       0       0       0       0       0       0
      Totals:        12       0       0       0       0       0       0       0
Total ram usage:       12 bytes
 Hardware stack levels used:    1
 Hardware stack levels required when called:    1
 This function calls:
		Nothing
 This function is called by:
		_calc_temp_rs
		_calc_temp_rc
		_pid_b_b_process
		_pid_run_process
		_cal_voout_pwm_duty
 This function uses a non-reentrant model


 *************** function ___lldiv *****************
 Defined at:
		line 6 in file "C:\Program Files (x86)\Microchip\xc8\v1.37\sources\common\lldiv.c"
 Parameters:    Size  Location     Type
  divisor         4    0[COMMON] unsigned long 
  dividend        4    4[COMMON] unsigned long 
 Auto vars:     Size  Location     Type
  quotient        4    8[COMMON] unsigned long 
  counter         1   12[COMMON] unsigned char 
 Return value:  Size  Location     Type
                  4    0[COMMON] unsigned long 
 Registers used:
		wreg, status,2, status,0
 Tracked objects:
		On entry : 
		On exit  : 
		Unchanged: 
 Data sizes:     COMMON   BANK0   BANK1   BANK2   BANK3   BANK4   BANK5   BANK6
      Params:         8       0       0       0       0       0       0       0
      Locals:         5       0       0       0       0       0       0       0
      Temps:          0       0       0       0       0       0       0       0
      Totals:        13       0       0       0       0       0       0       0
Total ram usage:       13 bytes
 Hardware stack levels used:    1
 Hardware stack levels required when called:    1
 This function calls:
		Nothing
 This function is called by:
		_calc_temp_rs
		_calc_temp_rc
		_cal_voout_pwm_duty
 This function uses a non-reentrant model


 *************** function _adc_sample *****************
 Defined at:
		line 74 in file "src/api/sample.c"
 Parameters:    Size  Location     Type
  ch              1    wreg     unsigned char 
  gfvr            1    2[COMMON] unsigned char 
  num             1    3[COMMON] unsigned char 
 Auto vars:     Size  Location     Type
  ch              1    5[COMMON] unsigned char 
  t16             2    9[COMMON] unsigned int 
  ret             2    6[COMMON] unsigned int 
  i               1    8[COMMON] unsigned char 
 Return value:  Size  Location     Type
                  2    2[COMMON] unsigned int 
 Registers used:
		wreg, status,2, status,0, pclath, cstack
 Tracked objects:
		On entry : 
		On exit  : 
		Unchanged: 
 Data sizes:     COMMON   BANK0   BANK1   BANK2   BANK3   BANK4   BANK5   BANK6
      Params:         2       0       0       0       0       0       0       0
      Locals:         6       0       0       0       0       0       0       0
      Temps:          1       0       0       0       0       0       0       0
      Totals:         9       0       0       0       0       0       0       0
Total ram usage:        9 bytes
 Hardware stack levels used:    1
 Hardware stack levels required when called:    2
 This function calls:
		_adc_init
		_fvr_set_gain
 This function is called by:
		_main
 This function uses a non-reentrant model


 *************** function _fvr_set_gain *****************
 Defined at:
		line 52 in file "src/api/sample.c"
 Parameters:    Size  Location     Type
  g               1    wreg     unsigned char 
 Auto vars:     Size  Location     Type
  g               1    1[COMMON] unsigned char 
  t8              1    0[COMMON] unsigned char 
 Return value:  Size  Location     Type
                  1    wreg      void 
 Registers used:
		wreg, status,2, status,0
 Tracked objects:
		On entry : 
		On exit  : 
		Unchanged: 
 Data sizes:     COMMON   BANK0   BANK1   BANK2   BANK3   BANK4   BANK5   BANK6
      Params:         0       0       0       0       0       0       0       0
      Locals:         2       0       0       0       0       0       0       0
      Temps:          0       0       0       0       0       0       0       0
      Totals:         2       0       0       0       0       0       0       0
Total ram usage:        2 bytes
 Hardware stack levels used:    1
 Hardware stack levels required when called:    1
 This function calls:
		Nothing
 This function is called by:
		_adc_sample
 This function uses a non-reentrant model


 *************** function _adc_init *****************
 Defined at:
		line 61 in file "src/api/sample.c"
 Parameters:    Size  Location     Type
  ch              1    wreg     enum E4968
 Auto vars:     Size  Location     Type
  ch              1    1[COMMON] enum E4968
 Return value:  Size  Location     Type
                  1    wreg      void 
 Registers used:
		wreg, status,2, status,0
 Tracked objects:
		On entry : 
		On exit  : 
		Unchanged: 
 Data sizes:     COMMON   BANK0   BANK1   BANK2   BANK3   BANK4   BANK5   BANK6
      Params:         0       0       0       0       0       0       0       0
      Locals:         1       0       0       0       0       0       0       0
      Temps:          1       0       0       0       0       0       0       0
      Totals:         2       0       0       0       0       0       0       0
Total ram usage:        2 bytes
 Hardware stack levels used:    1
 Hardware stack levels required when called:    1
 This function calls:
		Nothing
 This function is called by:
		_adc_sample
 This function uses a non-reentrant model


 *************** function _SYSTEM_Initialize *****************
 Defined at:
		line 68 in file "mcc_generated_files/mcc.c"
 Parameters:    Size  Location     Type
		None
 Auto vars:     Size  Location     Type
		None
 Return value:  Size  Location     Type
                  1    wreg      void 
 Registers used:
		wreg, status,2, status,0, pclath, cstack
 Tracked objects:
		On entry : 
		On exit  : 
		Unchanged: 
 Data sizes:     COMMON   BANK0   BANK1   BANK2   BANK3   BANK4   BANK5   BANK6
      Params:         0       0       0       0       0       0       0       0
      Locals:         0       0       0       0       0       0       0       0
      Temps:          0       0       0       0       0       0       0       0
      Totals:         0       0       0       0       0       0       0       0
Total ram usage:        0 bytes
 Hardware stack levels used:    1
 Hardware stack levels required when called:    3
 This function calls:
		_ADC1_Initialize
		_EUSART_Initialize
		_FVR_Initialize
		_OSCILLATOR_Initialize
		_PIN_MANAGER_Initialize
		_PWM1_Initialize
		_PWM2_Initialize
		_TMR2_Initialize
		_WDT_Initialize
 This function is called by:
		_main
 This function uses a non-reentrant model


 *************** function _WDT_Initialize *****************
 Defined at:
		line 90 in file "mcc_generated_files/mcc.c"
 Parameters:    Size  Location     Type
		None
 Auto vars:     Size  Location     Type
		None
 Return value:  Size  Location     Type
                  1    wreg      void 
 Registers used:
		wreg
 Tracked objects:
		On entry : 
		On exit  : 
		Unchanged: 
 Data sizes:     COMMON   BANK0   BANK1   BANK2   BANK3   BANK4   BANK5   BANK6
      Params:         0       0       0       0       0       0       0       0
      Locals:         0       0       0       0       0       0       0       0
      Temps:          0       0       0       0       0       0       0       0
      Totals:         0       0       0       0       0       0       0       0
Total ram usage:        0 bytes
 Hardware stack levels used:    1
 Hardware stack levels required when called:    1
 This function calls:
		Nothing
 This function is called by:
		_SYSTEM_Initialize
 This function uses a non-reentrant model


 *************** function _TMR2_Initialize *****************
 Defined at:
		line 63 in file "mcc_generated_files/tmr2.c"
 Parameters:    Size  Location     Type
		None
 Auto vars:     Size  Location     Type
		None
 Return value:  Size  Location     Type
                  1    wreg      void 
 Registers used:
		wreg, status,2, status,0, pclath, cstack
 Tracked objects:
		On entry : 
		On exit  : 
		Unchanged: 
 Data sizes:     COMMON   BANK0   BANK1   BANK2   BANK3   BANK4   BANK5   BANK6
      Params:         0       0       0       0       0       0       0       0
      Locals:         0       0       0       0       0       0       0       0
      Temps:          0       0       0       0       0       0       0       0
      Totals:         0       0       0       0       0       0       0       0
Total ram usage:        0 bytes
 Hardware stack levels used:    1
 Hardware stack levels required when called:    2
 This function calls:
		_TMR2_SetInterruptHandler
		_TMR2_StartTimer
 This function is called by:
		_SYSTEM_Initialize
 This function uses a non-reentrant model


 *************** function _TMR2_StartTimer *****************
 Defined at:
		line 89 in file "mcc_generated_files/tmr2.c"
 Parameters:    Size  Location     Type
		None
 Auto vars:     Size  Location     Type
		None
 Return value:  Size  Location     Type
                  1    wreg      void 
 Registers used:
		None
 Tracked objects:
		On entry : 
		On exit  : 
		Unchanged: 
 Data sizes:     COMMON   BANK0   BANK1   BANK2   BANK3   BANK4   BANK5   BANK6
      Params:         0       0       0       0       0       0       0       0
      Locals:         0       0       0       0       0       0       0       0
      Temps:          0       0       0       0       0       0       0       0
      Totals:         0       0       0       0       0       0       0       0
Total ram usage:        0 bytes
 Hardware stack levels used:    1
 Hardware stack levels required when called:    1
 This function calls:
		Nothing
 This function is called by:
		_TMR2_Initialize
 This function uses a non-reentrant model


 *************** function _TMR2_SetInterruptHandler *****************
 Defined at:
		line 142 in file "mcc_generated_files/tmr2.c"
 Parameters:    Size  Location     Type
  InterruptHan    2    0[COMMON] PTR FTN()void 
		 -> TMR2_DefaultInterruptHandler(1), 
 Auto vars:     Size  Location     Type
		None
 Return value:  Size  Location     Type
                  1    wreg      void 
 Registers used:
		None
 Tracked objects:
		On entry : 
		On exit  : 
		Unchanged: 
 Data sizes:     COMMON   BANK0   BANK1   BANK2   BANK3   BANK4   BANK5   BANK6
      Params:         2       0       0       0       0       0       0       0
      Locals:         0       0       0       0       0       0       0       0
      Temps:          0       0       0       0       0       0       0       0
      Totals:         2       0       0       0       0       0       0       0
Total ram usage:        2 bytes
 Hardware stack levels used:    1
 Hardware stack levels required when called:    1
 This function calls:
		Nothing
 This function is called by:
		_TMR2_Initialize
 This function uses a non-reentrant model


 *************** function _PWM2_Initialize *****************
 Defined at:
		line 58 in file "mcc_generated_files/pwm2.c"
 Parameters:    Size  Location     Type
		None
 Auto vars:     Size  Location     Type
		None
 Return value:  Size  Location     Type
                  1    wreg      void 
 Registers used:
		wreg, status,2
 Tracked objects:
		On entry : 
		On exit  : 
		Unchanged: 
 Data sizes:     COMMON   BANK0   BANK1   BANK2   BANK3   BANK4   BANK5   BANK6
      Params:         0       0       0       0       0       0       0       0
      Locals:         0       0       0       0       0       0       0       0
      Temps:          0       0       0       0       0       0       0       0
      Totals:         0       0       0       0       0       0       0       0
Total ram usage:        0 bytes
 Hardware stack levels used:    1
 Hardware stack levels required when called:    1
 This function calls:
		Nothing
 This function is called by:
		_SYSTEM_Initialize
 This function uses a non-reentrant model


 *************** function _PWM1_Initialize *****************
 Defined at:
		line 58 in file "mcc_generated_files/pwm1.c"
 Parameters:    Size  Location     Type
		None
 Auto vars:     Size  Location     Type
		None
 Return value:  Size  Location     Type
                  1    wreg      void 
 Registers used:
		wreg, status,2
 Tracked objects:
		On entry : 
		On exit  : 
		Unchanged: 
 Data sizes:     COMMON   BANK0   BANK1   BANK2   BANK3   BANK4   BANK5   BANK6
      Params:         0       0       0       0       0       0       0       0
      Locals:         0       0       0       0       0       0       0       0
      Temps:          0       0       0       0       0       0       0       0
      Totals:         0       0       0       0       0       0       0       0
Total ram usage:        0 bytes
 Hardware stack levels used:    1
 Hardware stack levels required when called:    1
 This function calls:
		Nothing
 This function is called by:
		_SYSTEM_Initialize
 This function uses a non-reentrant model


 *************** function _PIN_MANAGER_Initialize *****************
 Defined at:
		line 52 in file "mcc_generated_files/pin_manager.c"
 Parameters:    Size  Location     Type
		None
 Auto vars:     Size  Location     Type
  state           1    0[COMMON] unsigned char 
 Return value:  Size  Location     Type
                  1    wreg      void 
 Registers used:
		wreg, status,2, status,0
 Tracked objects:
		On entry : 
		On exit  : 
		Unchanged: 
 Data sizes:     COMMON   BANK0   BANK1   BANK2   BANK3   BANK4   BANK5   BANK6
      Params:         0       0       0       0       0       0       0       0
      Locals:         1       0       0       0       0       0       0       0
      Temps:          0       0       0       0       0       0       0       0
      Totals:         1       0       0       0       0       0       0       0
Total ram usage:        1 bytes
 Hardware stack levels used:    1
 Hardware stack levels required when called:    1
 This function calls:
		Nothing
 This function is called by:
		_SYSTEM_Initialize
 This function uses a non-reentrant model


 *************** function _OSCILLATOR_Initialize *****************
 Defined at:
		line 82 in file "mcc_generated_files/mcc.c"
 Parameters:    Size  Location     Type
		None
 Auto vars:     Size  Location     Type
		None
 Return value:  Size  Location     Type
                  1    wreg      void 
 Registers used:
		wreg, status,2
 Tracked objects:
		On entry : 
		On exit  : 
		Unchanged: 
 Data sizes:     COMMON   BANK0   BANK1   BANK2   BANK3   BANK4   BANK5   BANK6
      Params:         0       0       0       0       0       0       0       0
      Locals:         0       0       0       0       0       0       0       0
      Temps:          0       0       0       0       0       0       0       0
      Totals:         0       0       0       0       0       0       0       0
Total ram usage:        0 bytes
 Hardware stack levels used:    1
 Hardware stack levels required when called:    1
 This function calls:
		Nothing
 This function is called by:
		_SYSTEM_Initialize
 This function uses a non-reentrant model


 *************** function _FVR_Initialize *****************
 Defined at:
		line 57 in file "mcc_generated_files/fvr.c"
 Parameters:    Size  Location     Type
		None
 Auto vars:     Size  Location     Type
		None
 Return value:  Size  Location     Type
                  1    wreg      void 
 Registers used:
		wreg
 Tracked objects:
		On entry : 
		On exit  : 
		Unchanged: 
 Data sizes:     COMMON   BANK0   BANK1   BANK2   BANK3   BANK4   BANK5   BANK6
      Params:         0       0       0       0       0       0       0       0
      Locals:         0       0       0       0       0       0       0       0
      Temps:          0       0       0       0       0       0       0       0
      Totals:         0       0       0       0       0       0       0       0
Total ram usage:        0 bytes
 Hardware stack levels used:    1
 Hardware stack levels required when called:    1
 This function calls:
		Nothing
 This function is called by:
		_SYSTEM_Initialize
 This function uses a non-reentrant model


 *************** function _EUSART_Initialize *****************
 Defined at:
		line 55 in file "mcc_generated_files/eusart.c"
 Parameters:    Size  Location     Type
		None
 Auto vars:     Size  Location     Type
		None
 Return value:  Size  Location     Type
                  1    wreg      void 
 Registers used:
		wreg
 Tracked objects:
		On entry : 
		On exit  : 
		Unchanged: 
 Data sizes:     COMMON   BANK0   BANK1   BANK2   BANK3   BANK4   BANK5   BANK6
      Params:         0       0       0       0       0       0       0       0
      Locals:         0       0       0       0       0       0       0       0
      Temps:          0       0       0       0       0       0       0       0
      Totals:         0       0       0       0       0       0       0       0
Total ram usage:        0 bytes
 Hardware stack levels used:    1
 Hardware stack levels required when called:    1
 This function calls:
		Nothing
 This function is called by:
		_SYSTEM_Initialize
 This function uses a non-reentrant model


 *************** function _ADC1_Initialize *****************
 Defined at:
		line 64 in file "mcc_generated_files/adc1.c"
 Parameters:    Size  Location     Type
		None
 Auto vars:     Size  Location     Type
		None
 Return value:  Size  Location     Type
                  1    wreg      void 
 Registers used:
		wreg, status,2
 Tracked objects:
		On entry : 
		On exit  : 
		Unchanged: 
 Data sizes:     COMMON   BANK0   BANK1   BANK2   BANK3   BANK4   BANK5   BANK6
      Params:         0       0       0       0       0       0       0       0
      Locals:         0       0       0       0       0       0       0       0
      Temps:          0       0       0       0       0       0       0       0
      Totals:         0       0       0       0       0       0       0       0
Total ram usage:        0 bytes
 Hardware stack levels used:    1
 Hardware stack levels required when called:    1
 This function calls:
		Nothing
 This function is called by:
		_SYSTEM_Initialize
 This function uses a non-reentrant model


 *************** function _PWM1_Start *****************
 Defined at:
		line 112 in file "mcc_generated_files/pwm1.c"
 Parameters:    Size  Location     Type
		None
 Auto vars:     Size  Location     Type
		None
 Return value:  Size  Location     Type
                  1    wreg      void 
 Registers used:
		None
 Tracked objects:
		On entry : 
		On exit  : 
		Unchanged: 
 Data sizes:     COMMON   BANK0   BANK1   BANK2   BANK3   BANK4   BANK5   BANK6
      Params:         0       0       0       0       0       0       0       0
      Locals:         0       0       0       0       0       0       0       0
      Temps:          0       0       0       0       0       0       0       0
      Totals:         0       0       0       0       0       0       0       0
Total ram usage:        0 bytes
 Hardware stack levels used:    1
 Hardware stack levels required when called:    1
 This function calls:
		Nothing
 This function is called by:
		_main
 This function uses a non-reentrant model


 *************** function _INTERRUPT_InterruptManager *****************
 Defined at:
		line 53 in file "mcc_generated_files/interrupt_manager.c"
 Parameters:    Size  Location     Type
		None
 Auto vars:     Size  Location     Type
		None
 Return value:  Size  Location     Type
                  1    wreg      void 
 Registers used:
		wreg, status,2, status,0
 Tracked objects:
		On entry : 
		On exit  : 
		Unchanged: 
 Data sizes:     COMMON   BANK0   BANK1   BANK2   BANK3   BANK4   BANK5   BANK6
      Params:         0       0       0       0       0       0       0       0
      Locals:         0       0       0       0       0       0       0       0
      Temps:          0       0       0       0       0       0       0       0
      Totals:         0       0       0       0       0       0       0       0
Total ram usage:        0 bytes
 Hardware stack levels used:    1
 This function calls:
		Nothing
 This function is called by:
		Interrupt level 1
 This function uses a non-reentrant model



MODULE INFORMATION

Module		Function		Class		Link	Load	Size
C:\Program Files (x86)\Microchip\xc8\v1.37\sources\common\almod.c
		___almod       		CODE           	00D3	0000	91

C:\Program Files (x86)\Microchip\xc8\v1.37\sources\common\almod.c estimated size: 91

mcc_generated_files/fvr.c
		_FVR_Initialize		CODE           	0A29	0000	5

mcc_generated_files/fvr.c estimated size: 5

mcc_generated_files/tmr2.c
		_TMR2_Initialize		CODE           	0FED	0000	16
		_TMR2_SetInterruptHandler		CODE           	0FFC	0000	2
		_TMR2_StartTimer		CODE           	0FFD	0000	4

mcc_generated_files/tmr2.c estimated size: 22

mcc_generated_files/interrupt_manager.c
		_INTERRUPT_InterruptManager		CODE           	0004	0000	35

mcc_generated_files/interrupt_manager.c estimated size: 35

mcc_generated_files/pwm2.c
		_PWM2_Initialize		CODE           	0DF6	0000	24

mcc_generated_files/pwm2.c estimated size: 24

mcc_generated_files/adc1.c
		_ADC1_Initialize		CODE           	0A25	0000	5

mcc_generated_files/adc1.c estimated size: 5

mcc_generated_files/pin_manager.c
		_PIN_MANAGER_Initialize		CODE           	0A32	0000	58

mcc_generated_files/pin_manager.c estimated size: 58

src/api/sample.c
		_pid_run_process		CODE           	0A6B	0000	256
		_fvr_set_gain  		CODE           	0E1F	0000	18
		_calc_temp_rc  		CODE           	0028	0000	163
		_calc_temp_rs  		CODE           	0EED	0000	116
		_get_idrv_pwm1_duty		CODE           	0F71	0000	8
		_calc_current_rs_avg		CODE           	0EE8	0000	6
		_get_vout_pwm2_duty		CODE           	0F8D	0000	8
		_set_idrv_pwm1_duty		CODE           	0DC9	0000	22
		_pid_b_b_process		CODE           	0B6A	0000	463
		_set_vout_pwm2_duty		CODE           	0F78	0000	22
		_adc_init      		CODE           	0E10	0000	16
		_adc_sample    		CODE           	09D9	0000	57
		_cal_voout_pwm_duty		CODE           	0E30	0000	122

src/api/sample.c estimated size: 1277

C:\Program Files (x86)\Microchip\xc8\v1.37\sources\common\lldiv.c
		___lldiv       		CODE           	0EA9	0000	64

C:\Program Files (x86)\Microchip\xc8\v1.37\sources\common\lldiv.c estimated size: 64

C:\Program Files (x86)\Microchip\xc8\v1.37\sources\common\aldiv.c
		___aldiv       		CODE           	0D38	0000	109

C:\Program Files (x86)\Microchip\xc8\v1.37\sources\common\aldiv.c estimated size: 109

src/api/my_uart.c
		_uart_send_str 		CODE           	092B	0000	52

src/api/my_uart.c estimated size: 52

C:\Program Files (x86)\Microchip\xc8\v1.37\sources\common\Umul32.c
		___lmul        		CODE           	0DA4	0000	38

C:\Program Files (x86)\Microchip\xc8\v1.37\sources\common\Umul32.c estimated size: 38

src/depend/m_string.c
		_m_mem_cpy     		CODE           	015A	0000	23
		_m_mem_set     		CODE           	0F60	0000	18
		_m_int_2_str_ex		CODE           	095E	0000	124

src/depend/m_string.c estimated size: 165

shared
		PL12           		CODE           	0FBB	0000	9
		PL8            		CODE           	00CA	0000	10
		PL22           		CODE           	012D	0000	7
		PL14           		CODE           	0FC3	0000	7
		PL24           		CODE           	0FDB	0000	7
		PL16           		CODE           	0FC9	0000	8
		PL18           		CODE           	0FD0	0000	7
		__initialization		CODE           	0811	0000	58
		PL2            		CODE           	0F94	0000	11
		PL10           		CODE           	0FB3	0000	9
		PL4            		CODE           	0F9E	0000	13
		PL20           		CODE           	0FD6	0000	6
		PL6            		CODE           	0FAA	0000	10

shared estimated size: 162

mcc_generated_files/mcc.c
		_WDT_Initialize		CODE           	0E0D	0000	4
		_OSCILLATOR_Initialize		CODE           	0A2D	0000	6
		_SYSTEM_Initialize		CODE           	0A14	0000	18

mcc_generated_files/mcc.c estimated size: 28

mcc_generated_files/pwm1.c
		_PWM1_Initialize		CODE           	0DDE	0000	25
		_PWM1_Start    		CODE           	0A11	0000	4

mcc_generated_files/pwm1.c estimated size: 29

mcc_generated_files/eusart.c
		_EUSART_Initialize		CODE           	0FE1	0000	13

mcc_generated_files/eusart.c estimated size: 13

src/app/main.c
		_main          		CODE           	084D	0000	223

src/app/main.c estimated size: 223

