Microchip MPLAB XC8 Compiler V1.42 ()

Linker command line:

-W-3 --edf=C:\Program Files (x86)\Microchip\xc8\v1.42\dat\en_msgs.txt -cs \
  -h+dist/default/production\bootLoader.X.production.sym \
  --cmf=dist/default/production\bootLoader.X.production.cmf -z -Q16F1575 \
  -oC:\Users\ADMINI~1\AppData\Local\Temp\s5lg.2 \
  -Mdist/default/production/bootLoader.X.production.map -E1 -ver=XC8 \
  -ASTACK=02181h-0233fh -pstack=STACK -ACODE=00h-06FFh -ASTRCODE=00h-06FFh \
  -ASTRING=00h-0FFhx7 -ACONST=00h-0FFhx7 -AENTRY=00h-0FFhx7 \
  -ACOMMON=070h-07Fh -ABANK0=020h-06Fh -ABANK1=0A0h-0EFh \
  -ABANK2=0120h-016Fh -ABANK3=01A0h-01EFh -ABANK4=0220h-026Fh \
  -ABANK5=02A0h-02EFh -ABANK6=0320h-036Fh -ABANK7=03A0h-03EFh \
  -ABANK8=0420h-046Fh -ABANK9=04A0h-04EFh -ABANK10=0520h-056Fh \
  -ABANK11=05A0h-05EFh -ABANK12=0620h-063Fh -ABIGRAM=02000h-023DFh \
  -ARAM=020h-06Fh,0A0h-0EFh,0120h-016Fh,01A0h-01EFh,0220h-026Fh,02A0h-02EFh,0320h-036Fh,03A0h-03EFh,0420h-046Fh,04A0h-04EFh,0520h-056Fh,05A0h-05EFh,0620h-063Fh \
  -AABS1=020h-07Fh,0A0h-0EFh,0120h-016Fh,01A0h-01EFh,0220h-026Fh,02A0h-02EFh,0320h-036Fh,03A0h-03EFh,0420h-046Fh,04A0h-04EFh,0520h-056Fh,05A0h-05EFh,0620h-063Fh \
  -ASFR0=00h-01Fh -ASFR1=080h-09Fh -ASFR2=0100h-011Fh -ASFR3=0180h-019Fh \
  -ASFR4=0200h-021Fh -ASFR5=0280h-029Fh -ASFR6=0300h-031Fh \
  -ASFR7=0380h-039Fh -ASFR8=0400h-041Fh -ASFR9=0480h-049Fh \
  -ASFR10=0500h-051Fh -ASFR11=0580h-059Fh -ASFR12=0600h-061Fh \
  -ASFR13=0680h-06EFh -ASFR14=0700h-076Fh -ASFR15=0780h-07EFh \
  -ASFR16=0800h-086Fh -ASFR17=0880h-08EFh -ASFR18=0900h-096Fh \
  -ASFR19=0980h-09EFh -ASFR20=0A00h-0A6Fh -ASFR21=0A80h-0AEFh \
  -ASFR22=0B00h-0B6Fh -ASFR23=0B80h-0BEFh -ASFR24=0C00h-0C6Fh \
  -ASFR25=0C80h-0CEFh -ASFR26=0D00h-0D6Fh -ASFR27=0D80h-0DEFh \
  -ASFR28=0E00h-0E6Fh -ASFR29=0E80h-0EEFh -ASFR30=0F00h-0F6Fh \
  -ASFR31=0F80h-0FEFh -preset_vec=00h,intentry=04h,init,end_init \
  -ppowerup=CODE -pcinit=CODE -pfunctab=CODE -ACONFIG=08007h-08008h \
  -pconfig=CONFIG -DCONFIG=2 -AIDLOC=08000h-08003h -pidloc=IDLOC -DIDLOC=2 \
  -DCODE=2 -DSTRCODE=2 -DSTRING=2 -DCONST=2 -DENTRY=2 -k \
  C:\Users\ADMINI~1\AppData\Local\Temp\s5lg.obj \
  dist/default/production\bootLoader.X.production.obj 

Object code version is 3.11

Machine type is 16F1575



                Name                               Link     Load   Length Selector   Space Scale
C:\Users\ADMINI~1\AppData\Local\Temp\s5lg.obj
                end_init                             47       47        2        8       0
                reset_vec                             0        0        2        0       0
                config                             8007     8007        2    1000E       0
dist/default/production\bootLoader.X.production.obj
                cinit                                49       49       40        8       0
                intentry                              4        4       43        8       0
                text25                              4A0      4A0       23        8       0
                text24                              4E1      4E1       1C        8       0
                text22                              518      518       1A        8       0
                text21                              5DB      5DB        5      B4C       0
                text20                              3E0      3E0       3F        8       0
                text19                              5D5      5D5        6      B4C       0
                text18                              5E7      5E7        3      B4C       0
                text17                              572      572       13      AE4       0
                text16                              5E0      5E0        4      B4C       0
                text15                              5A6      5A6        F      B4C       0
                text14                              4FD      4FD       1B        8       0
                text13                              4C3      4C3       1E        8       0
                text12                              290      290       5D        8       0
                text11                              2ED      2ED       57        8       0
                text10                              532      532       19        8       0
                text9                               452      452       28        8       0
                text8                               344      344       56        8       0
                text7                                89       89       FF        8       0
                text6                               39A      39A       46        8       0
                text5                               5CF      5CF        6      B4C       0
                text4                               5B5      5B5        E      B4C       0
                text3                               41F      41F       33        8       0
                text2                               47A      47A       26        8       0
                text1                               225      225       6B        8       0
                maintext                            188      188       9D        8       0
                cstackBANK0                          20       20       21       20       1
                cstackCOMMON                         70       70        6       70       1
                cstackBANK4                         220      220       41      220       1
                clrtext                             5C3      5C3        C      B4C       0
                bssBANK3                            1A0      1A0       50      1A0       1
                bssBANK2                            120      120       30      120       1
                dataBANK1                            C1       C1        3       A0       1
                bssBANK1                             A0       A0       1E       A0       1
                bssCOMMON                            76       76        4       70       1
                stringtext4                         596      596       10      B0A       0
                stringtext3                         55F      55F       13      A96       0
                stringtext2                         54B      54B       14      A96       0
                nvBANK1                              BE       BE        3       A0       1
                stringtext1                         585      585       11      B0A       0
                idataBANK1                          5E4      5E4        3      B4C       0

TOTAL           Name                               Link     Load   Length     Space
        CLASS   STACK          

        CLASS   CODE           
                end_init                             47       47        2         0
                cinit                                49       49       40         0
                intentry                              4        4       43         0
                reset_vec                             0        0        2         0
                text25                              4A0      4A0       23         0
                text24                              4E1      4E1       1C         0
                text22                              518      518       1A         0
                text21                              5DB      5DB        5         0
                text20                              3E0      3E0       3F         0
                text19                              5D5      5D5        6         0
                text18                              5E7      5E7        3         0
                text17                              572      572       13         0
                text16                              5E0      5E0        4         0
                text15                              5A6      5A6        F         0
                text14                              4FD      4FD       1B         0
                text13                              4C3      4C3       1E         0
                text12                              290      290       5D         0
                text11                              2ED      2ED       57         0
                text10                              532      532       19         0
                text9                               452      452       28         0
                text8                               344      344       56         0
                text7                                89       89       FF         0
                text6                               39A      39A       46         0
                text5                               5CF      5CF        6         0
                text4                               5B5      5B5        E         0
                text3                               41F      41F       33         0
                text2                               47A      47A       26         0
                text1                               225      225       6B         0
                maintext                            188      188       9D         0
                clrtext                             5C3      5C3        C         0
                idataBANK1                          5E4      5E4        3         0

        CLASS   STRCODE        
                stringtext4                         596      596       10         0
                stringtext3                         55F      55F       13         0
                stringtext2                         54B      54B       14         0
                stringtext1                         585      585       11         0

        CLASS   STRING         

        CLASS   CONST          

        CLASS   ENTRY          

        CLASS   COMMON         
                cstackCOMMON                         70       70        6         1
                bssCOMMON                            76       76        4         1

        CLASS   BANK0          
                cstackBANK0                          20       20       21         1

        CLASS   BANK1          
                dataBANK1                            C1       C1        3         1
                bssBANK1                             A0       A0       1E         1
                nvBANK1                              BE       BE        3         1

        CLASS   BANK2          
                bssBANK2                            120      120       30         1

        CLASS   BANK3          
                bssBANK3                            1A0      1A0       50         1

        CLASS   BANK4          
                cstackBANK4                         220      220       41         1

        CLASS   BANK5          

        CLASS   BANK6          

        CLASS   BANK7          

        CLASS   BANK8          

        CLASS   BANK9          

        CLASS   BANK10         

        CLASS   BANK11         

        CLASS   BANK12         

        CLASS   BIGRAM         

        CLASS   RAM            

        CLASS   ABS1           
                abs_s1                               7E       7E        2         1
                abs_s1                              540      540       30         1
                abs_s1                              5A0      5A0       50         1
                abs_s1                              620      620       20         1
                abs_s1                             2340     2340        0         1

        CLASS   SFR0           

        CLASS   SFR1           

        CLASS   SFR2           

        CLASS   SFR3           

        CLASS   SFR4           

        CLASS   SFR5           

        CLASS   SFR6           

        CLASS   SFR7           

        CLASS   SFR8           

        CLASS   SFR9           

        CLASS   SFR10          

        CLASS   SFR11          

        CLASS   SFR12          

        CLASS   SFR13          

        CLASS   SFR14          

        CLASS   SFR15          

        CLASS   SFR16          

        CLASS   SFR17          

        CLASS   SFR18          

        CLASS   SFR19          

        CLASS   SFR20          

        CLASS   SFR21          

        CLASS   SFR22          

        CLASS   SFR23          

        CLASS   SFR24          

        CLASS   SFR25          

        CLASS   SFR26          

        CLASS   SFR27          

        CLASS   SFR28          

        CLASS   SFR29          

        CLASS   SFR30          

        CLASS   SFR31          

        CLASS   CONFIG         
                config                             8007     8007        2         0

        CLASS   IDLOC          

        CLASS   BANK31         

        CLASS   BANK30         

        CLASS   BANK29         

        CLASS   BANK28         

        CLASS   BANK27         

        CLASS   BANK26         

        CLASS   BANK25         

        CLASS   BANK24         

        CLASS   BANK23         

        CLASS   BANK22         

        CLASS   BANK21         

        CLASS   BANK20         

        CLASS   BANK19         

        CLASS   BANK18         

        CLASS   BANK17         

        CLASS   BANK16         

        CLASS   BANK15         

        CLASS   BANK14         

        CLASS   BANK13         

        CLASS   EEDATA         



SEGMENTS        Name                           Load    Length   Top    Selector   Space  Class     Delta

                reset_vec                      000000  000002  000002         0       0  CODE        2
                intentry                       000004  000547  00054B         8       0  CODE        2
                cstackBANK0                    000020  000021  000041        20       1  BANK0       1
                cstackCOMMON                   000070  00000A  00007A        70       1  COMMON      1
                bssBANK1                       0000A0  000024  0000C4        A0       1  BANK1       1
                bssBANK2                       000120  000030  000150       120       1  BANK2       1
                bssBANK3                       0001A0  000050  0001F0       1A0       1  BANK3       1
                cstackBANK4                    000220  000041  000261       220       1  BANK4       1
                stringtext2                    00054B  000027  000572       A96       0  STRCODE     2
                text17                         000572  000013  000585       AE4       0  CODE        2
                stringtext1                    000585  000021  0005A6       B0A       0  STRCODE     2
                text15                         0005A6  000044  0005EA       B4C       0  CODE        2
                config                         008007  000002  008009     1000E       0  CONFIG      2


UNUSED ADDRESS RANGES

        Name                Unused          Largest block    Delta
        BANK0            00041-0006F              2F           1
        BANK1            000C4-000EF              2C           1
        BANK10           00520-0053F              20           1
        BANK2            00150-0016F              20           1
        BANK4            00261-0026F               F           1
        BANK5            002A0-002EF              50           1
        BANK6            00320-0036F              50           1
        BANK7            003A0-003EF              50           1
        BANK8            00420-0046F              50           1
        BANK9            004A0-004EF              50           1
        BIGRAM           02000-023DF             3E0           1
        CODE             00002-00003               2           2
                         005EA-006FF             116
        COMMON           0007A-0007D               4           1
        CONST            00002-00003               2           2
                         005EA-006FF              16
        ENTRY            00002-00003               2           2
                         005EA-006FF              16
        IDLOC            08000-08003               4           2
        RAM              00041-0006F              2F           1
                         000C4-000EF              2C
                         00150-0016F              20
                         00261-0026F               F
                         002A0-002EF              50
                         00320-0036F              50
                         003A0-003EF              50
                         00420-0046F              50
                         004A0-004EF              50
                         00520-0053F              20
        SFR0             00000-0001F              20           1
        SFR1             00080-0009F              20           1
        SFR10            00500-0051F              20           1
        SFR11            00580-0059F              20           1
        SFR12            00600-0061F              20           1
        SFR13            00680-006EF              70           1
        SFR14            00700-0076F              70           1
        SFR15            00780-007EF              70           1
        SFR16            00800-0086F              70           1
        SFR17            00880-008EF              70           1
        SFR18            00900-0096F              70           1
        SFR19            00980-009EF              70           1
        SFR2             00100-0011F              20           1
        SFR20            00A00-00A6F              70           1
        SFR21            00A80-00AEF              70           1
        SFR22            00B00-00B6F              70           1
        SFR23            00B80-00BEF              70           1
        SFR24            00C00-00C6F              70           1
        SFR25            00C80-00CEF              70           1
        SFR26            00D00-00D6F              70           1
        SFR27            00D80-00DEF              70           1
        SFR28            00E00-00E6F              70           1
        SFR29            00E80-00EEF              70           1
        SFR3             00180-0019F              20           1
        SFR30            00F00-00F6F              70           1
        SFR31            00F80-00FEF              70           1
        SFR4             00200-0021F              20           1
        SFR5             00280-0029F              20           1
        SFR6             00300-0031F              20           1
        SFR7             00380-0039F              20           1
        SFR8             00400-0041F              20           1
        SFR9             00480-0049F              20           1
        STACK            02181-0233F             1BF           1
        STRCODE          00002-00003               2           2
                         005EA-006FF             116
        STRING           00002-00003               2           2
                         005EA-006FF              16

                                  Symbol Table

?_FLASH_ReadWord                          cstackCOMMON 00074
?_m_str_h2b                               cstackBANK0  00022
EUSART_Receive_ISR@t8                     cstackCOMMON 00072
FLASH_EraseBlock@GIEBitValue              cstackBANK0  00020
FLASH_EraseBlock@startAddr                cstackCOMMON 00074
FLASH_ReadWord@GIEBitValue                cstackBANK0  00020
FLASH_ReadWord@flashAddr                  cstackCOMMON 00074
FLASH_WriteBlock@GIEBitValue              cstackBANK0  00027
FLASH_WriteBlock@flashWordArray           cstackBANK0  00023
FLASH_WriteBlock@i                        cstackBANK0  00028
FLASH_WriteBlock@writeAddr                cstackBANK0  00021
PIN_MANAGER_Initialize@state              cstackCOMMON 00074
TMR2_SetInterruptHandler@InterruptHandler cstackCOMMON 00074
_ANSELA                                   (abs)        0018C
_ANSELC                                   (abs)        0018E
_BAUDCON                                  (abs)        0019F
_EUSART_Initialize                        text22       00518
_EUSART_Receive_ISR                       text25       004A0
_EUSART_Transmit_ISR                      text24       004E1
_Event                                    bssCOMMON    00079
_FLASH_EraseBlock                         text13       004C3
_FLASH_ReadWord                           text14       004FD
_FLASH_WriteBlock                         text12       00290
_GIE                                      (abs)        0005F
_HexTable                                 stringtext1  00585
_INTCONbits                               (abs)        0000B
_INTERRUPT_InterruptManager               intentry     00004
_LATA                                     (abs)        0010C
_LATC                                     (abs)        0010E
_ODCONA                                   (abs)        0028C
_ODCONC                                   (abs)        0028E
_OPTION_REGbits                           (abs)        00095
_OSCCON                                   (abs)        00099
_OSCILLATOR_Initialize                    text21       005DB
_OSCTUNE                                  (abs)        00098
_PIE1bits                                 (abs)        00091
_PIN_MANAGER_Initialize                   text20       003E0
_PIR1bits                                 (abs)        00011
_PMADRH                                   (abs)        00192
_PMADRL                                   (abs)        00191
_PMCON1bits                               (abs)        00195
_PMCON2                                   (abs)        00196
_PMDATH                                   (abs)        00194
_PMDATL                                   (abs)        00193
_PPSLOCK                                  (abs)        00E0F
_PPSLOCKbits                              (abs)        00E0F
_PR2                                      (abs)        0001B
_RA4PPSbits                               (abs)        00E94
_RA5PPSbits                               (abs)        00E95
_RC5PPSbits                               (abs)        00EA5
_RCREG                                    (abs)        00199
_RCSTA                                    (abs)        0019D
_RCSTAbits                                (abs)        0019D
_RXPPSbits                                (abs)        00E15
_SPBRGH                                   (abs)        0019C
_SPBRGL                                   (abs)        0019B
_SYSTEM_Initialize                        text15       005A6
_T2CON                                    (abs)        0001C
_T2CONbits                                (abs)        0001C
_TMR2                                     (abs)        0001A
_TMR2_DefaultInterruptHandler             (abs)        00000
_TMR2_Initialize                          text17       00572
_TMR2_InterruptHandler                    nvBANK1      000BE
_TMR2_SetInterruptHandler                 text19       005D5
_TMR2_StartTimer                          text18       005E7
_TRISA                                    (abs)        0008C
_TRISC                                    (abs)        0008E
_TXREG                                    (abs)        0019A
_TXSTA                                    (abs)        0019E
_TXSTAbits                                (abs)        0019E
_WDTCON                                   (abs)        00097
_WDT_Initialize                           text16       005E0
_WPUA                                     (abs)        0020C
_WPUC                                     (abs)        0020E
__CFG_BOREN$ON                            (abs)        00000
__CFG_BORV$LO                             (abs)        00000
__CFG_CLKOUTEN$OFF                        (abs)        00000
__CFG_CP$OFF                              (abs)        00000
__CFG_FOSC$INTOSC                         (abs)        00000
__CFG_LPBOREN$OFF                         (abs)        00000
__CFG_LVP$ON                              (abs)        00000
__CFG_MCLRE$ON                            (abs)        00000
__CFG_PLLEN$OFF                           (abs)        00000
__CFG_PPS1WAY$OFF                         (abs)        00000
__CFG_PWRTE$OFF                           (abs)        00000
__CFG_STVREN$ON                           (abs)        00000
__CFG_WDTE$OFF                            (abs)        00000
__CFG_WRT$OFF                             (abs)        00000
__Habs1                                   abs1         00000
__Hbank0                                  bank0        00000
__Hbank1                                  bank1        00000
__Hbank10                                 bank10       00000
__Hbank11                                 bank11       00000
__Hbank12                                 bank12       00000
__Hbank13                                 bank13       00000
__Hbank14                                 bank14       00000
__Hbank15                                 bank15       00000
__Hbank16                                 bank16       00000
__Hbank17                                 bank17       00000
__Hbank18                                 bank18       00000
__Hbank19                                 bank19       00000
__Hbank2                                  bank2        00000
__Hbank20                                 bank20       00000
__Hbank21                                 bank21       00000
__Hbank22                                 bank22       00000
__Hbank23                                 bank23       00000
__Hbank24                                 bank24       00000
__Hbank25                                 bank25       00000
__Hbank26                                 bank26       00000
__Hbank27                                 bank27       00000
__Hbank28                                 bank28       00000
__Hbank29                                 bank29       00000
__Hbank3                                  bank3        00000
__Hbank30                                 bank30       00000
__Hbank31                                 bank31       00000
__Hbank4                                  bank4        00000
__Hbank5                                  bank5        00000
__Hbank6                                  bank6        00000
__Hbank7                                  bank7        00000
__Hbank8                                  bank8        00000
__Hbank9                                  bank9        00000
__Hbigram                                 bigram       00000
__HbssBANK1                               bssBANK1     00000
__HbssBANK2                               bssBANK2     00000
__HbssBANK3                               bssBANK3     00000
__HbssCOMMON                              bssCOMMON    00000
__Hcinit                                  cinit        00089
__Hclrtext                                clrtext      00000
__Hcode                                   code         00000
__Hcommon                                 common       00000
__Hconfig                                 config       08009
__HcstackBANK0                            cstackBANK0  00000
__HcstackBANK4                            cstackBANK4  00000
__HcstackCOMMON                           cstackCOMMON 00000
__HdataBANK1                              dataBANK1    00000
__Heeprom_data                            eeprom_data  00000
__Hend_init                               end_init     00049
__Hfunctab                                functab      00000
__HidataBANK1                             idataBANK1   00000
__Hidloc                                  idloc        00000
__Hinit                                   init         00047
__Hintentry                               intentry     00047
__Hmaintext                               maintext     00000
__HnvBANK1                                nvBANK1      00000
__Hpowerup                                powerup      00000
__Hram                                    ram          00000
__Hreset_vec                              reset_vec    00002
__Hsfr0                                   sfr0         00000
__Hsfr1                                   sfr1         00000
__Hsfr10                                  sfr10        00000
__Hsfr11                                  sfr11        00000
__Hsfr12                                  sfr12        00000
__Hsfr13                                  sfr13        00000
__Hsfr14                                  sfr14        00000
__Hsfr15                                  sfr15        00000
__Hsfr16                                  sfr16        00000
__Hsfr17                                  sfr17        00000
__Hsfr18                                  sfr18        00000
__Hsfr19                                  sfr19        00000
__Hsfr2                                   sfr2         00000
__Hsfr20                                  sfr20        00000
__Hsfr21                                  sfr21        00000
__Hsfr22                                  sfr22        00000
__Hsfr23                                  sfr23        00000
__Hsfr24                                  sfr24        00000
__Hsfr25                                  sfr25        00000
__Hsfr26                                  sfr26        00000
__Hsfr27                                  sfr27        00000
__Hsfr28                                  sfr28        00000
__Hsfr29                                  sfr29        00000
__Hsfr3                                   sfr3         00000
__Hsfr30                                  sfr30        00000
__Hsfr31                                  sfr31        00000
__Hsfr4                                   sfr4         00000
__Hsfr5                                   sfr5         00000
__Hsfr6                                   sfr6         00000
__Hsfr7                                   sfr7         00000
__Hsfr8                                   sfr8         00000
__Hsfr9                                   sfr9         00000
__Hspace_0                                (abs)        08009
__Hspace_1                                (abs)        00261
__Hspace_2                                (abs)        00000
__Hspace_3                                (abs)        00000
__Hstack                                  stack        00000
__Hstrings                                strings      00000
__Hstringtext1                            stringtext1  00000
__Hstringtext2                            stringtext2  00000
__Hstringtext3                            stringtext3  00000
__Hstringtext4                            stringtext4  00000
__Hstringtext5                            stringtext5  00000
__Htext                                   text         00000
__Labs1                                   abs1         00000
__Lbank0                                  bank0        00000
__Lbank1                                  bank1        00000
__Lbank10                                 bank10       00000
__Lbank11                                 bank11       00000
__Lbank12                                 bank12       00000
__Lbank13                                 bank13       00000
__Lbank14                                 bank14       00000
__Lbank15                                 bank15       00000
__Lbank16                                 bank16       00000
__Lbank17                                 bank17       00000
__Lbank18                                 bank18       00000
__Lbank19                                 bank19       00000
__Lbank2                                  bank2        00000
__Lbank20                                 bank20       00000
__Lbank21                                 bank21       00000
__Lbank22                                 bank22       00000
__Lbank23                                 bank23       00000
__Lbank24                                 bank24       00000
__Lbank25                                 bank25       00000
__Lbank26                                 bank26       00000
__Lbank27                                 bank27       00000
__Lbank28                                 bank28       00000
__Lbank29                                 bank29       00000
__Lbank3                                  bank3        00000
__Lbank30                                 bank30       00000
__Lbank31                                 bank31       00000
__Lbank4                                  bank4        00000
__Lbank5                                  bank5        00000
__Lbank6                                  bank6        00000
__Lbank7                                  bank7        00000
__Lbank8                                  bank8        00000
__Lbank9                                  bank9        00000
__Lbigram                                 bigram       00000
__LbssBANK1                               bssBANK1     00000
__LbssBANK2                               bssBANK2     00000
__LbssBANK3                               bssBANK3     00000
__LbssCOMMON                              bssCOMMON    00000
__Lcinit                                  cinit        00049
__Lclrtext                                clrtext      00000
__Lcode                                   code         00000
__Lcommon                                 common       00000
__Lconfig                                 config       08007
__LcstackBANK0                            cstackBANK0  00000
__LcstackBANK4                            cstackBANK4  00000
__LcstackCOMMON                           cstackCOMMON 00000
__LdataBANK1                              dataBANK1    00000
__Leeprom_data                            eeprom_data  00000
__Lend_init                               end_init     00047
__Lfunctab                                functab      00000
__LidataBANK1                             idataBANK1   00000
__Lidloc                                  idloc        00000
__Linit                                   init         00047
__Lintentry                               intentry     00004
__Lmaintext                               maintext     00000
__LnvBANK1                                nvBANK1      00000
__Lpowerup                                powerup      00000
__Lram                                    ram          00000
__Lreset_vec                              reset_vec    00000
__Lsfr0                                   sfr0         00000
__Lsfr1                                   sfr1         00000
__Lsfr10                                  sfr10        00000
__Lsfr11                                  sfr11        00000
__Lsfr12                                  sfr12        00000
__Lsfr13                                  sfr13        00000
__Lsfr14                                  sfr14        00000
__Lsfr15                                  sfr15        00000
__Lsfr16                                  sfr16        00000
__Lsfr17                                  sfr17        00000
__Lsfr18                                  sfr18        00000
__Lsfr19                                  sfr19        00000
__Lsfr2                                   sfr2         00000
__Lsfr20                                  sfr20        00000
__Lsfr21                                  sfr21        00000
__Lsfr22                                  sfr22        00000
__Lsfr23                                  sfr23        00000
__Lsfr24                                  sfr24        00000
__Lsfr25                                  sfr25        00000
__Lsfr26                                  sfr26        00000
__Lsfr27                                  sfr27        00000
__Lsfr28                                  sfr28        00000
__Lsfr29                                  sfr29        00000
__Lsfr3                                   sfr3         00000
__Lsfr30                                  sfr30        00000
__Lsfr31                                  sfr31        00000
__Lsfr4                                   sfr4         00000
__Lsfr5                                   sfr5         00000
__Lsfr6                                   sfr6         00000
__Lsfr7                                   sfr7         00000
__Lsfr8                                   sfr8         00000
__Lsfr9                                   sfr9         00000
__Lspace_0                                (abs)        00000
__Lspace_1                                (abs)        00000
__Lspace_2                                (abs)        00000
__Lspace_3                                (abs)        00000
__Lstack                                  stack        00000
__Lstrings                                strings      00000
__Lstringtext1                            stringtext1  00000
__Lstringtext2                            stringtext2  00000
__Lstringtext3                            stringtext3  00000
__Lstringtext4                            stringtext4  00000
__Lstringtext5                            stringtext5  00000
__Ltext                                   text         00000
__S0                                      (abs)        08009
__S1                                      (abs)        00261
__S2                                      (abs)        00000
___int_sp                                 stack        00000
___latbits                                (abs)        00002
___sp                                     stack        00000
__bEusartRxBuffer                         (abs)        02340
__bEusartRxCount                          bssCOMMON    00078
__chr2hex                                 text9        00452
__chr2hex@c                               cstackBANK0  00021
__chr2hex@h                               cstackBANK0  00020
__end_of_EUSART_Initialize                text22       00532
__end_of_EUSART_Receive_ISR               text25       004C3
__end_of_EUSART_Transmit_ISR              text24       004FD
__end_of_FLASH_EraseBlock                 text13       004E1
__end_of_FLASH_ReadWord                   text14       00518
__end_of_FLASH_WriteBlock                 text12       002ED
__end_of_HexTable                         stringtext1  00596
__end_of_INTERRUPT_InterruptManager       intentry     00047
__end_of_OSCILLATOR_Initialize            text21       005E0
__end_of_PIN_MANAGER_Initialize           text20       0041F
__end_of_SYSTEM_Initialize                text15       005B5
__end_of_TMR2_Initialize                  text17       00585
__end_of_TMR2_SetInterruptHandler         text19       005DB
__end_of_TMR2_StartTimer                  text18       005EA
__end_of_WDT_Initialize                   text16       005E4
__end_of__chr2hex                         text9        0047A
__end_of__initialization                  cinit        00085
__end_of_api_write_block                  text11       00344
__end_of_decode_hex_len                   text7        00188
__end_of_decode_xmodem_package            text6        003E0
__end_of_iap_process                      text1        00290
__end_of_iap_received_package             text3        00452
__end_of_m_mem_set                        text10       0054B
__end_of_m_str_h2b                        text8        0039A
__end_of_main                             maintext     00225
__end_of_uart_received_start              text5        005D5
__end_of_uart_send_byte                   text4        005C3
__end_of_uart_send_str                    text2        004A0
__initialization                          cinit        00049
__pbssBANK1                               bssBANK1     000A0
__pbssBANK2                               bssBANK2     00120
__pbssBANK3                               bssBANK3     001A0
__pbssBIGRAM                              (abs)        02340
__pbssCOMMON                              bssCOMMON    00076
__pcstackBANK0                            cstackBANK0  00020
__pcstackBANK4                            cstackBANK4  00220
__pcstackCOMMON                           cstackCOMMON 00070
__pdataBANK1                              dataBANK1    000C1
__pidataBANK1                             idataBANK1   005E4
__pintentry                               intentry     00004
__pmaintext                               maintext     00188
__pnvBANK1                                nvBANK1      000BE
__pstringtext1                            stringtext1  00585
__pstringtext2                            stringtext2  0054B
__pstringtext3                            stringtext3  0055F
__pstringtext4                            stringtext4  00596
__pstringtext5                            stringtext5  00000
__ptext1                                  text1        00225
__ptext10                                 text10       00532
__ptext11                                 text11       002ED
__ptext12                                 text12       00290
__ptext13                                 text13       004C3
__ptext14                                 text14       004FD
__ptext15                                 text15       005A6
__ptext16                                 text16       005E0
__ptext17                                 text17       00572
__ptext18                                 text18       005E7
__ptext19                                 text19       005D5
__ptext2                                  text2        0047A
__ptext20                                 text20       003E0
__ptext21                                 text21       005DB
__ptext22                                 text22       00518
__ptext24                                 text24       004E1
__ptext25                                 text25       004A0
__ptext3                                  text3        0041F
__ptext4                                  text4        005B5
__ptext5                                  text5        005CF
__ptext6                                  text6        0039A
__ptext7                                  text7        00089
__ptext8                                  text8        00344
__ptext9                                  text9        00452
__size_of_EUSART_Initialize               (abs)        00000
__size_of_EUSART_Receive_ISR              (abs)        00000
__size_of_EUSART_Transmit_ISR             (abs)        00000
__size_of_FLASH_EraseBlock                (abs)        00000
__size_of_FLASH_ReadWord                  (abs)        00000
__size_of_FLASH_WriteBlock                (abs)        00000
__size_of_INTERRUPT_InterruptManager      (abs)        00000
__size_of_OSCILLATOR_Initialize           (abs)        00000
__size_of_PIN_MANAGER_Initialize          (abs)        00000
__size_of_SYSTEM_Initialize               (abs)        00000
__size_of_TMR2_Initialize                 (abs)        00000
__size_of_TMR2_SetInterruptHandler        (abs)        00000
__size_of_TMR2_StartTimer                 (abs)        00000
__size_of_WDT_Initialize                  (abs)        00000
__size_of__chr2hex                        (abs)        00000
__size_of_api_write_block                 (abs)        00000
__size_of_decode_hex_len                  (abs)        00000
__size_of_decode_xmodem_package           (abs)        00000
__size_of_iap_process                     (abs)        00000
__size_of_iap_received_package            (abs)        00000
__size_of_m_mem_set                       (abs)        00000
__size_of_m_str_h2b                       (abs)        00000
__size_of_main                            (abs)        00000
__size_of_uart_received_start             (abs)        00000
__size_of_uart_send_byte                  (abs)        00000
__size_of_uart_send_str                   (abs)        00000
_addrInline                               bssBANK1     000B4
_addrWritedFlash                          dataBANK1    000C1
_api_write_block                          text11       002ED
_binBuffer                                bssBANK3     001A0
_binBufferLen                             bssBANK1     000B9
_decode_hex_len                           text7        00089
_decode_xmodem_package                    text6        0039A
_eusartRxHead                             bssBANK1     000BD
_eusartRxIdleTime_ms                      bssBANK1     000B6
_eusartRxTail                             bssBANK1     000BC
_eusartTxBuffer                           bssBANK1     000A0
_eusartTxBufferRemaining                  nvBANK1      000C0
_eusartTxHead                             bssCOMMON    00077
_eusartTxLen                              bssBANK1     000B8
_eusartTxTail                             bssCOMMON    00076
_firstPackage                             dataBANK1    000C3
_globalTicker                             bssBANK1     000B0
_hexLineBuffer                            bssBANK2     00120
_hexLineCharCount                         bssBANK1     000BA
_iap_process                              text1        00225
_iap_received_package                     text3        0041F
_isRunInBoot                              (abs)        00FFF
_lengthInline                             bssBANK1     000BB
_m_mem_set                                text10       00532
_m_str_h2b                                text8        00344
_main                                     maintext     00188
_uart_received_start                      text5        005CF
_uart_send_byte                           text4        005B5
_uart_send_str                            text2        0047A
api_write_block@addr                      cstackBANK0  00029
api_write_block@binbuf                    cstackBANK0  0002B
api_write_block@buf                       cstackBANK4  00220
api_write_block@i                         cstackBANK4  00260
btemp                                     (abs)        0007E
clear_ram0                                clrtext      005C3
decode_hex_len@i8                         cstackBANK0  00035
decode_hex_len@t16                        cstackBANK0  00033
decode_xmodem_package@xloc                cstackBANK0  00038
end_of_initialization                     cinit        00085
iap_process@ret                           cstackBANK0  0003B
iap_received_package@tm                   cstackBANK0  00020
int$flags                                 (abs)        0007E
intlevel0                                 functab      00000
intlevel1                                 functab      00000
intlevel2                                 functab      00000
intlevel3                                 functab      00000
intlevel4                                 functab      00000
intlevel5                                 functab      00000
m_mem_set@buf                             cstackCOMMON 00075
m_mem_set@len                             cstackBANK0  00021
m_mem_set@x                               cstackBANK0  00020
m_str_h2b@b                               cstackBANK0  00029
m_str_h2b@bb                              cstackBANK0  0002B
m_str_h2b@h                               cstackBANK0  00022
m_str_h2b@i                               cstackBANK0  00027
m_str_h2b@len                             cstackBANK0  00023
m_str_h2b@s                               cstackBANK0  0002A
main@ret                                  cstackBANK0  0003E
main@t16                                  cstackBANK0  0003F
reset_vec                                 reset_vec    00000
stackhi                                   (abs)        0233F
stacklo                                   (abs)        02181
start                                     init         00047
start_initialization                      cinit        00049
uart_send_byte@x                          cstackCOMMON 00074
uart_send_str@str                         cstackCOMMON 00074
wtemp0                                    (abs)        0007E


FUNCTION INFORMATION:

 *************** function _main *****************
 Defined at:
		line 51 in file "src/app/boot_main.c"
 Parameters:    Size  Location     Type
		None
 Auto vars:     Size  Location     Type
  t16             2   31[BANK0 ] unsigned int 
  ret             1   30[BANK0 ] unsigned char 
 Return value:  Size  Location     Type
                  1    wreg      void 
 Registers used:
		wreg, fsr0l, fsr0h, fsr1l, fsr1h, status,2, status,0, pclath, cstack
 Tracked objects:
		On entry : 
		On exit  : 
		Unchanged: 
 Data sizes:     COMMON   BANK0   BANK1   BANK2   BANK3   BANK4   BANK5   BANK6   BANK7   BANK8   BANK9  BANK10  BANK11  BANK12
      Params:         0       0       0       0       0       0       0       0       0       0       0       0       0       0
      Locals:         0       3       0       0       0       0       0       0       0       0       0       0       0       0
      Temps:          0       2       0       0       0       0       0       0       0       0       0       0       0       0
      Totals:         0       5       0       0       0       0       0       0       0       0       0       0       0       0
Total ram usage:        5 bytes
 Hardware stack levels required when called:    8
 This function calls:
		_FLASH_ReadWord
		_SYSTEM_Initialize
		_iap_process
		_uart_received_start
		_uart_send_str
 This function is called by:
		Startup code after reset
 This function uses a non-reentrant model


 *************** function _iap_process *****************
 Defined at:
		line 151 in file "src/api/iap.c"
 Parameters:    Size  Location     Type
		None
 Auto vars:     Size  Location     Type
  ret             1   27[BANK0 ] unsigned char 
 Return value:  Size  Location     Type
                  1    wreg      unsigned char 
 Registers used:
		wreg, fsr0l, fsr0h, fsr1l, fsr1h, status,2, status,0, pclath, cstack
 Tracked objects:
		On entry : 
		On exit  : 
		Unchanged: 
 Data sizes:     COMMON   BANK0   BANK1   BANK2   BANK3   BANK4   BANK5   BANK6   BANK7   BANK8   BANK9  BANK10  BANK11  BANK12
      Params:         0       0       0       0       0       0       0       0       0       0       0       0       0       0
      Locals:         0       1       0       0       0       0       0       0       0       0       0       0       0       0
      Temps:          0       2       0       0       0       0       0       0       0       0       0       0       0       0
      Totals:         0       3       0       0       0       0       0       0       0       0       0       0       0       0
Total ram usage:        3 bytes
 Hardware stack levels used:    1
 Hardware stack levels required when called:    7
 This function calls:
		_FLASH_WriteBlock
		_decode_xmodem_package
		_iap_received_package
		_uart_send_byte
		_uart_send_str
 This function is called by:
		_main
 This function uses a non-reentrant model


 *************** function _uart_send_str *****************
 Defined at:
		line 21 in file "src/api/my_uart.c"
 Parameters:    Size  Location     Type
  str             2    4[COMMON] PTR unsigned char 
		 -> STR_3(20), STR_2(16), STR_1(19), 
 Auto vars:     Size  Location     Type
		None
 Return value:  Size  Location     Type
                  1    wreg      void 
 Registers used:
		wreg, fsr0l, fsr0h, status,2, status,0, pclath
 Tracked objects:
		On entry : 
		On exit  : 
		Unchanged: 
 Data sizes:     COMMON   BANK0   BANK1   BANK2   BANK3   BANK4   BANK5   BANK6   BANK7   BANK8   BANK9  BANK10  BANK11  BANK12
      Params:         2       0       0       0       0       0       0       0       0       0       0       0       0       0
      Locals:         0       0       0       0       0       0       0       0       0       0       0       0       0       0
      Temps:          0       1       0       0       0       0       0       0       0       0       0       0       0       0
      Totals:         2       1       0       0       0       0       0       0       0       0       0       0       0       0
Total ram usage:        3 bytes
 Hardware stack levels used:    1
 Hardware stack levels required when called:    2
 This function calls:
		Nothing
 This function is called by:
		_iap_process
		_main
 This function uses a non-reentrant model


 *************** function _iap_received_package *****************
 Defined at:
		line 27 in file "src/api/iap.c"
 Parameters:    Size  Location     Type
		None
 Auto vars:     Size  Location     Type
  tm              1    0[BANK0 ] unsigned char 
 Return value:  Size  Location     Type
                  1    wreg      unsigned char 
 Registers used:
		wreg, status,2, status,0, pclath, cstack
 Tracked objects:
		On entry : 
		On exit  : 
		Unchanged: 
 Data sizes:     COMMON   BANK0   BANK1   BANK2   BANK3   BANK4   BANK5   BANK6   BANK7   BANK8   BANK9  BANK10  BANK11  BANK12
      Params:         0       0       0       0       0       0       0       0       0       0       0       0       0       0
      Locals:         0       1       0       0       0       0       0       0       0       0       0       0       0       0
      Temps:          1       0       0       0       0       0       0       0       0       0       0       0       0       0
      Totals:         1       1       0       0       0       0       0       0       0       0       0       0       0       0
Total ram usage:        2 bytes
 Hardware stack levels used:    1
 Hardware stack levels required when called:    3
 This function calls:
		_uart_received_start
		_uart_send_byte
 This function is called by:
		_iap_process
 This function uses a non-reentrant model


 *************** function _uart_send_byte *****************
 Defined at:
		line 12 in file "src/api/my_uart.c"
 Parameters:    Size  Location     Type
  x               1    wreg     unsigned char 
 Auto vars:     Size  Location     Type
  x               1    4[COMMON] unsigned char 
 Return value:  Size  Location     Type
                  1    wreg      void 
 Registers used:
		wreg
 Tracked objects:
		On entry : 
		On exit  : 
		Unchanged: 
 Data sizes:     COMMON   BANK0   BANK1   BANK2   BANK3   BANK4   BANK5   BANK6   BANK7   BANK8   BANK9  BANK10  BANK11  BANK12
      Params:         0       0       0       0       0       0       0       0       0       0       0       0       0       0
      Locals:         1       0       0       0       0       0       0       0       0       0       0       0       0       0
      Temps:          0       0       0       0       0       0       0       0       0       0       0       0       0       0
      Totals:         1       0       0       0       0       0       0       0       0       0       0       0       0       0
Total ram usage:        1 bytes
 Hardware stack levels used:    1
 Hardware stack levels required when called:    2
 This function calls:
		Nothing
 This function is called by:
		_iap_received_package
		_iap_process
 This function uses a non-reentrant model


 *************** function _uart_received_start *****************
 Defined at:
		line 50 in file "src/api/my_uart.c"
 Parameters:    Size  Location     Type
		None
 Auto vars:     Size  Location     Type
		None
 Return value:  Size  Location     Type
                  1    wreg      void 
 Registers used:
		status,2
 Tracked objects:
		On entry : 
		On exit  : 
		Unchanged: 
 Data sizes:     COMMON   BANK0   BANK1   BANK2   BANK3   BANK4   BANK5   BANK6   BANK7   BANK8   BANK9  BANK10  BANK11  BANK12
      Params:         0       0       0       0       0       0       0       0       0       0       0       0       0       0
      Locals:         0       0       0       0       0       0       0       0       0       0       0       0       0       0
      Temps:          0       0       0       0       0       0       0       0       0       0       0       0       0       0
      Totals:         0       0       0       0       0       0       0       0       0       0       0       0       0       0
Total ram usage:        0 bytes
 Hardware stack levels used:    1
 Hardware stack levels required when called:    2
 This function calls:
		Nothing
 This function is called by:
		_iap_received_package
		_main
 This function uses a non-reentrant model


 *************** function _decode_xmodem_package *****************
 Defined at:
		line 134 in file "src/api/iap.c"
 Parameters:    Size  Location     Type
		None
 Auto vars:     Size  Location     Type
  xloc            1   24[BANK0 ] unsigned char 
 Return value:  Size  Location     Type
                  1    wreg      unsigned char 
 Registers used:
		wreg, fsr1l, fsr1h, status,2, status,0, pclath, cstack
 Tracked objects:
		On entry : 
		On exit  : 
		Unchanged: 
 Data sizes:     COMMON   BANK0   BANK1   BANK2   BANK3   BANK4   BANK5   BANK6   BANK7   BANK8   BANK9  BANK10  BANK11  BANK12
      Params:         0       0       0       0       0       0       0       0       0       0       0       0       0       0
      Locals:         0       1       0       0       0       0       0       0       0       0       0       0       0       0
      Temps:          0       2       0       0       0       0       0       0       0       0       0       0       0       0
      Totals:         0       3       0       0       0       0       0       0       0       0       0       0       0       0
Total ram usage:        3 bytes
 Hardware stack levels used:    1
 Hardware stack levels required when called:    6
 This function calls:
		_decode_hex_len
 This function is called by:
		_iap_process
 This function uses a non-reentrant model


 *************** function _decode_hex_len *****************
 Defined at:
		line 74 in file "src/api/iap.c"
 Parameters:    Size  Location     Type
		None
 Auto vars:     Size  Location     Type
  t16             2   19[BANK0 ] unsigned int 
  i8              1   21[BANK0 ] unsigned char 
 Return value:  Size  Location     Type
                  1    wreg      unsigned char 
 Registers used:
		wreg, fsr1l, fsr1h, status,2, status,0, pclath, cstack
 Tracked objects:
		On entry : 
		On exit  : 
		Unchanged: 
 Data sizes:     COMMON   BANK0   BANK1   BANK2   BANK3   BANK4   BANK5   BANK6   BANK7   BANK8   BANK9  BANK10  BANK11  BANK12
      Params:         0       0       0       0       0       0       0       0       0       0       0       0       0       0
      Locals:         0       3       0       0       0       0       0       0       0       0       0       0       0       0
      Temps:          0       2       0       0       0       0       0       0       0       0       0       0       0       0
      Totals:         0       5       0       0       0       0       0       0       0       0       0       0       0       0
Total ram usage:        5 bytes
 Hardware stack levels used:    1
 Hardware stack levels required when called:    5
 This function calls:
		_api_write_block
		_m_mem_set
		_m_str_h2b
 This function is called by:
		_decode_xmodem_package
 This function uses a non-reentrant model


 *************** function _m_str_h2b *****************
 Defined at:
		line 208 in file "src/depend/m_string.c"
 Parameters:    Size  Location     Type
  b               1    wreg     PTR unsigned char 
		 -> hexLineBuffer(48), 
  h               1    2[BANK0 ] PTR unsigned char 
		 -> hexLineBuffer(48), 
  len             2    3[BANK0 ] unsigned int 
 Auto vars:     Size  Location     Type
  b               1    9[BANK0 ] PTR unsigned char 
		 -> hexLineBuffer(48), 
  i               2    7[BANK0 ] unsigned int 
  bb              1   11[BANK0 ] unsigned char 
  s               1   10[BANK0 ] unsigned char 
 Return value:  Size  Location     Type
                  2    2[BANK0 ] unsigned int 
 Registers used:
		wreg, fsr1l, fsr1h, status,2, status,0, pclath, cstack
 Tracked objects:
		On entry : 
		On exit  : 
		Unchanged: 
 Data sizes:     COMMON   BANK0   BANK1   BANK2   BANK3   BANK4   BANK5   BANK6   BANK7   BANK8   BANK9  BANK10  BANK11  BANK12
      Params:         0       3       0       0       0       0       0       0       0       0       0       0       0       0
      Locals:         0       5       0       0       0       0       0       0       0       0       0       0       0       0
      Temps:          0       2       0       0       0       0       0       0       0       0       0       0       0       0
      Totals:         0      10       0       0       0       0       0       0       0       0       0       0       0       0
Total ram usage:       10 bytes
 Hardware stack levels used:    1
 Hardware stack levels required when called:    3
 This function calls:
		__chr2hex
 This function is called by:
		_decode_hex_len
 This function uses a non-reentrant model


 *************** function __chr2hex *****************
 Defined at:
		line 197 in file "src/depend/m_string.c"
 Parameters:    Size  Location     Type
  c               1    wreg     unsigned char 
 Auto vars:     Size  Location     Type
  c               1    1[BANK0 ] unsigned char 
  h               1    0[BANK0 ] unsigned char 
 Return value:  Size  Location     Type
                  1    wreg      unsigned char 
 Registers used:
		wreg, status,2, status,0
 Tracked objects:
		On entry : 
		On exit  : 
		Unchanged: 
 Data sizes:     COMMON   BANK0   BANK1   BANK2   BANK3   BANK4   BANK5   BANK6   BANK7   BANK8   BANK9  BANK10  BANK11  BANK12
      Params:         0       0       0       0       0       0       0       0       0       0       0       0       0       0
      Locals:         0       2       0       0       0       0       0       0       0       0       0       0       0       0
      Temps:          1       0       0       0       0       0       0       0       0       0       0       0       0       0
      Totals:         1       2       0       0       0       0       0       0       0       0       0       0       0       0
Total ram usage:        3 bytes
 Hardware stack levels used:    1
 Hardware stack levels required when called:    2
 This function calls:
		Nothing
 This function is called by:
		_m_str_h2b
 This function uses a non-reentrant model


 *************** function _m_mem_set *****************
 Defined at:
		line 32 in file "src/depend/m_string.c"
 Parameters:    Size  Location     Type
  buf             1    wreg     PTR unsigned char 
		 -> hexLineBuffer(48), 
  x               1    0[BANK0 ] unsigned char 
  len             2    1[BANK0 ] unsigned int 
 Auto vars:     Size  Location     Type
  buf             1    5[COMMON] PTR unsigned char 
		 -> hexLineBuffer(48), 
 Return value:  Size  Location     Type
                  1    wreg      void 
 Registers used:
		wreg, fsr1l, fsr1h, status,2, status,0
 Tracked objects:
		On entry : 
		On exit  : 
		Unchanged: 
 Data sizes:     COMMON   BANK0   BANK1   BANK2   BANK3   BANK4   BANK5   BANK6   BANK7   BANK8   BANK9  BANK10  BANK11  BANK12
      Params:         0       3       0       0       0       0       0       0       0       0       0       0       0       0
      Locals:         1       0       0       0       0       0       0       0       0       0       0       0       0       0
      Temps:          1       0       0       0       0       0       0       0       0       0       0       0       0       0
      Totals:         2       3       0       0       0       0       0       0       0       0       0       0       0       0
Total ram usage:        5 bytes
 Hardware stack levels used:    1
 Hardware stack levels required when called:    2
 This function calls:
		Nothing
 This function is called by:
		_decode_hex_len
 This function uses a non-reentrant model


 *************** function _api_write_block *****************
 Defined at:
		line 56 in file "src/api/iap.c"
 Parameters:    Size  Location     Type
  addr            2    9[BANK0 ] unsigned int 
  binbuf          1   11[BANK0 ] PTR unsigned int 
		 -> binBuffer(80), 
 Auto vars:     Size  Location     Type
  buf            64    0[BANK4 ] unsigned int [32]
  i               1   64[BANK4 ] unsigned char 
 Return value:  Size  Location     Type
                  1    wreg      unsigned char 
 Registers used:
		wreg, fsr1l, fsr1h, status,2, status,0, pclath, cstack
 Tracked objects:
		On entry : 
		On exit  : 
		Unchanged: 
 Data sizes:     COMMON   BANK0   BANK1   BANK2   BANK3   BANK4   BANK5   BANK6   BANK7   BANK8   BANK9  BANK10  BANK11  BANK12
      Params:         0       3       0       0       0       0       0       0       0       0       0       0       0       0
      Locals:         0       0       0       0       0      65       0       0       0       0       0       0       0       0
      Temps:          0       5       0       0       0       0       0       0       0       0       0       0       0       0
      Totals:         0       8       0       0       0      65       0       0       0       0       0       0       0       0
Total ram usage:       73 bytes
 Hardware stack levels used:    1
 Hardware stack levels required when called:    4
 This function calls:
		_FLASH_EraseBlock
		_FLASH_ReadWord
		_FLASH_WriteBlock
 This function is called by:
		_decode_hex_len
 This function uses a non-reentrant model


 *************** function _FLASH_WriteBlock *****************
 Defined at:
		line 93 in file "mcc_generated_files/memory.c"
 Parameters:    Size  Location     Type
  writeAddr       2    1[BANK0 ] unsigned int 
  flashWordArr    1    3[BANK0 ] PTR unsigned int 
		 -> binBuffer(80), 
 Auto vars:     Size  Location     Type
  i               1    8[BANK0 ] unsigned char 
  GIEBitValue     1    7[BANK0 ] unsigned char 
 Return value:  Size  Location     Type
                  1    wreg      char 
 Registers used:
		wreg, fsr1l, fsr1h, status,2, status,0, pclath, cstack
 Tracked objects:
		On entry : 
		On exit  : 
		Unchanged: 
 Data sizes:     COMMON   BANK0   BANK1   BANK2   BANK3   BANK4   BANK5   BANK6   BANK7   BANK8   BANK9  BANK10  BANK11  BANK12
      Params:         0       3       0       0       0       0       0       0       0       0       0       0       0       0
      Locals:         0       2       0       0       0       0       0       0       0       0       0       0       0       0
      Temps:          0       3       0       0       0       0       0       0       0       0       0       0       0       0
      Totals:         0       8       0       0       0       0       0       0       0       0       0       0       0       0
Total ram usage:        8 bytes
 Hardware stack levels used:    1
 Hardware stack levels required when called:    3
 This function calls:
		_FLASH_EraseBlock
 This function is called by:
		_api_write_block
		_iap_process
		_FLASH_WriteWord
 This function uses a non-reentrant model


 *************** function _FLASH_EraseBlock *****************
 Defined at:
		line 148 in file "mcc_generated_files/memory.c"
 Parameters:    Size  Location     Type
  startAddr       2    4[COMMON] unsigned int 
 Auto vars:     Size  Location     Type
  GIEBitValue     1    0[BANK0 ] unsigned char 
 Return value:  Size  Location     Type
                  1    wreg      void 
 Registers used:
		wreg, status,2, status,0
 Tracked objects:
		On entry : 
		On exit  : 
		Unchanged: 
 Data sizes:     COMMON   BANK0   BANK1   BANK2   BANK3   BANK4   BANK5   BANK6   BANK7   BANK8   BANK9  BANK10  BANK11  BANK12
      Params:         2       0       0       0       0       0       0       0       0       0       0       0       0       0
      Locals:         0       1       0       0       0       0       0       0       0       0       0       0       0       0
      Temps:          0       0       0       0       0       0       0       0       0       0       0       0       0       0
      Totals:         2       1       0       0       0       0       0       0       0       0       0       0       0       0
Total ram usage:        3 bytes
 Hardware stack levels used:    1
 Hardware stack levels required when called:    2
 This function calls:
		Nothing
 This function is called by:
		_FLASH_WriteBlock
		_api_write_block
 This function uses a non-reentrant model


 *************** function _FLASH_ReadWord *****************
 Defined at:
		line 57 in file "mcc_generated_files/memory.c"
 Parameters:    Size  Location     Type
  flashAddr       2    4[COMMON] unsigned int 
 Auto vars:     Size  Location     Type
  GIEBitValue     1    0[BANK0 ] unsigned char 
 Return value:  Size  Location     Type
                  2    4[COMMON] unsigned int 
 Registers used:
		wreg, status,2, status,0
 Tracked objects:
		On entry : 
		On exit  : 
		Unchanged: 
 Data sizes:     COMMON   BANK0   BANK1   BANK2   BANK3   BANK4   BANK5   BANK6   BANK7   BANK8   BANK9  BANK10  BANK11  BANK12
      Params:         2       0       0       0       0       0       0       0       0       0       0       0       0       0
      Locals:         0       1       0       0       0       0       0       0       0       0       0       0       0       0
      Temps:          0       0       0       0       0       0       0       0       0       0       0       0       0       0
      Totals:         2       1       0       0       0       0       0       0       0       0       0       0       0       0
Total ram usage:        3 bytes
 Hardware stack levels used:    1
 Hardware stack levels required when called:    2
 This function calls:
		Nothing
 This function is called by:
		_api_write_block
		_main
		_FLASH_WriteWord
 This function uses a non-reentrant model


 *************** function _SYSTEM_Initialize *****************
 Defined at:
		line 69 in file "mcc_generated_files/mcc.c"
 Parameters:    Size  Location     Type
		None
 Auto vars:     Size  Location     Type
		None
 Return value:  Size  Location     Type
                  1    wreg      void 
 Registers used:
		wreg, status,2, status,0, pclath, cstack
 Tracked objects:
		On entry : 
		On exit  : 
		Unchanged: 
 Data sizes:     COMMON   BANK0   BANK1   BANK2   BANK3   BANK4   BANK5   BANK6   BANK7   BANK8   BANK9  BANK10  BANK11  BANK12
      Params:         0       0       0       0       0       0       0       0       0       0       0       0       0       0
      Locals:         0       0       0       0       0       0       0       0       0       0       0       0       0       0
      Temps:          0       0       0       0       0       0       0       0       0       0       0       0       0       0
      Totals:         0       0       0       0       0       0       0       0       0       0       0       0       0       0
Total ram usage:        0 bytes
 Hardware stack levels used:    1
 Hardware stack levels required when called:    4
 This function calls:
		_EUSART_Initialize
		_OSCILLATOR_Initialize
		_PIN_MANAGER_Initialize
		_TMR2_Initialize
		_WDT_Initialize
 This function is called by:
		_main
 This function uses a non-reentrant model


 *************** function _WDT_Initialize *****************
 Defined at:
		line 87 in file "mcc_generated_files/mcc.c"
 Parameters:    Size  Location     Type
		None
 Auto vars:     Size  Location     Type
		None
 Return value:  Size  Location     Type
                  1    wreg      void 
 Registers used:
		wreg
 Tracked objects:
		On entry : 
		On exit  : 
		Unchanged: 
 Data sizes:     COMMON   BANK0   BANK1   BANK2   BANK3   BANK4   BANK5   BANK6   BANK7   BANK8   BANK9  BANK10  BANK11  BANK12
      Params:         0       0       0       0       0       0       0       0       0       0       0       0       0       0
      Locals:         0       0       0       0       0       0       0       0       0       0       0       0       0       0
      Temps:          0       0       0       0       0       0       0       0       0       0       0       0       0       0
      Totals:         0       0       0       0       0       0       0       0       0       0       0       0       0       0
Total ram usage:        0 bytes
 Hardware stack levels used:    1
 Hardware stack levels required when called:    2
 This function calls:
		Nothing
 This function is called by:
		_SYSTEM_Initialize
 This function uses a non-reentrant model


 *************** function _TMR2_Initialize *****************
 Defined at:
		line 63 in file "mcc_generated_files/tmr2.c"
 Parameters:    Size  Location     Type
		None
 Auto vars:     Size  Location     Type
		None
 Return value:  Size  Location     Type
                  1    wreg      void 
 Registers used:
		wreg, status,2, status,0, pclath, cstack
 Tracked objects:
		On entry : 
		On exit  : 
		Unchanged: 
 Data sizes:     COMMON   BANK0   BANK1   BANK2   BANK3   BANK4   BANK5   BANK6   BANK7   BANK8   BANK9  BANK10  BANK11  BANK12
      Params:         0       0       0       0       0       0       0       0       0       0       0       0       0       0
      Locals:         0       0       0       0       0       0       0       0       0       0       0       0       0       0
      Temps:          0       0       0       0       0       0       0       0       0       0       0       0       0       0
      Totals:         0       0       0       0       0       0       0       0       0       0       0       0       0       0
Total ram usage:        0 bytes
 Hardware stack levels used:    1
 Hardware stack levels required when called:    3
 This function calls:
		_TMR2_SetInterruptHandler
		_TMR2_StartTimer
 This function is called by:
		_SYSTEM_Initialize
 This function uses a non-reentrant model


 *************** function _TMR2_StartTimer *****************
 Defined at:
		line 89 in file "mcc_generated_files/tmr2.c"
 Parameters:    Size  Location     Type
		None
 Auto vars:     Size  Location     Type
		None
 Return value:  Size  Location     Type
                  1    wreg      void 
 Registers used:
		None
 Tracked objects:
		On entry : 
		On exit  : 
		Unchanged: 
 Data sizes:     COMMON   BANK0   BANK1   BANK2   BANK3   BANK4   BANK5   BANK6   BANK7   BANK8   BANK9  BANK10  BANK11  BANK12
      Params:         0       0       0       0       0       0       0       0       0       0       0       0       0       0
      Locals:         0       0       0       0       0       0       0       0       0       0       0       0       0       0
      Temps:          0       0       0       0       0       0       0       0       0       0       0       0       0       0
      Totals:         0       0       0       0       0       0       0       0       0       0       0       0       0       0
Total ram usage:        0 bytes
 Hardware stack levels used:    1
 Hardware stack levels required when called:    2
 This function calls:
		Nothing
 This function is called by:
		_TMR2_Initialize
 This function uses a non-reentrant model


 *************** function _TMR2_SetInterruptHandler *****************
 Defined at:
		line 142 in file "mcc_generated_files/tmr2.c"
 Parameters:    Size  Location     Type
  InterruptHan    2    4[COMMON] PTR FTN()void 
		 -> TMR2_DefaultInterruptHandler(1), 
 Auto vars:     Size  Location     Type
		None
 Return value:  Size  Location     Type
                  1    wreg      void 
 Registers used:
		wreg
 Tracked objects:
		On entry : 
		On exit  : 
		Unchanged: 
 Data sizes:     COMMON   BANK0   BANK1   BANK2   BANK3   BANK4   BANK5   BANK6   BANK7   BANK8   BANK9  BANK10  BANK11  BANK12
      Params:         2       0       0       0       0       0       0       0       0       0       0       0       0       0
      Locals:         0       0       0       0       0       0       0       0       0       0       0       0       0       0
      Temps:          0       0       0       0       0       0       0       0       0       0       0       0       0       0
      Totals:         2       0       0       0       0       0       0       0       0       0       0       0       0       0
Total ram usage:        2 bytes
 Hardware stack levels used:    1
 Hardware stack levels required when called:    2
 This function calls:
		Nothing
 This function is called by:
		_TMR2_Initialize
 This function uses a non-reentrant model


 *************** function _PIN_MANAGER_Initialize *****************
 Defined at:
		line 104 in file "mcc_generated_files/pin_manager.c"
 Parameters:    Size  Location     Type
		None
 Auto vars:     Size  Location     Type
  state           1    4[COMMON] unsigned char 
 Return value:  Size  Location     Type
                  1    wreg      void 
 Registers used:
		wreg, status,2, status,0
 Tracked objects:
		On entry : 
		On exit  : 
		Unchanged: 
 Data sizes:     COMMON   BANK0   BANK1   BANK2   BANK3   BANK4   BANK5   BANK6   BANK7   BANK8   BANK9  BANK10  BANK11  BANK12
      Params:         0       0       0       0       0       0       0       0       0       0       0       0       0       0
      Locals:         1       0       0       0       0       0       0       0       0       0       0       0       0       0
      Temps:          0       0       0       0       0       0       0       0       0       0       0       0       0       0
      Totals:         1       0       0       0       0       0       0       0       0       0       0       0       0       0
Total ram usage:        1 bytes
 Hardware stack levels used:    1
 Hardware stack levels required when called:    2
 This function calls:
		Nothing
 This function is called by:
		_SYSTEM_Initialize
 This function uses a non-reentrant model


 *************** function _OSCILLATOR_Initialize *****************
 Defined at:
		line 79 in file "mcc_generated_files/mcc.c"
 Parameters:    Size  Location     Type
		None
 Auto vars:     Size  Location     Type
		None
 Return value:  Size  Location     Type
                  1    wreg      void 
 Registers used:
		wreg, status,2
 Tracked objects:
		On entry : 
		On exit  : 
		Unchanged: 
 Data sizes:     COMMON   BANK0   BANK1   BANK2   BANK3   BANK4   BANK5   BANK6   BANK7   BANK8   BANK9  BANK10  BANK11  BANK12
      Params:         0       0       0       0       0       0       0       0       0       0       0       0       0       0
      Locals:         0       0       0       0       0       0       0       0       0       0       0       0       0       0
      Temps:          0       0       0       0       0       0       0       0       0       0       0       0       0       0
      Totals:         0       0       0       0       0       0       0       0       0       0       0       0       0       0
Total ram usage:        0 bytes
 Hardware stack levels used:    1
 Hardware stack levels required when called:    2
 This function calls:
		Nothing
 This function is called by:
		_SYSTEM_Initialize
 This function uses a non-reentrant model


 *************** function _EUSART_Initialize *****************
 Defined at:
		line 78 in file "mcc_generated_files/eusart.c"
 Parameters:    Size  Location     Type
		None
 Auto vars:     Size  Location     Type
		None
 Return value:  Size  Location     Type
                  1    wreg      void 
 Registers used:
		wreg, status,2
 Tracked objects:
		On entry : 
		On exit  : 
		Unchanged: 
 Data sizes:     COMMON   BANK0   BANK1   BANK2   BANK3   BANK4   BANK5   BANK6   BANK7   BANK8   BANK9  BANK10  BANK11  BANK12
      Params:         0       0       0       0       0       0       0       0       0       0       0       0       0       0
      Locals:         0       0       0       0       0       0       0       0       0       0       0       0       0       0
      Temps:          1       0       0       0       0       0       0       0       0       0       0       0       0       0
      Totals:         1       0       0       0       0       0       0       0       0       0       0       0       0       0
Total ram usage:        1 bytes
 Hardware stack levels used:    1
 Hardware stack levels required when called:    2
 This function calls:
		Nothing
 This function is called by:
		_SYSTEM_Initialize
 This function uses a non-reentrant model


 *************** function _INTERRUPT_InterruptManager *****************
 Defined at:
		line 52 in file "mcc_generated_files/interrupt_manager.c"
 Parameters:    Size  Location     Type
		None
 Auto vars:     Size  Location     Type
		None
 Return value:  Size  Location     Type
                  1    wreg      void 
 Registers used:
		wreg, fsr1l, fsr1h, status,2, status,0, pclath, cstack
 Tracked objects:
		On entry : 
		On exit  : 
		Unchanged: 
 Data sizes:     COMMON   BANK0   BANK1   BANK2   BANK3   BANK4   BANK5   BANK6   BANK7   BANK8   BANK9  BANK10  BANK11  BANK12
      Params:         0       0       0       0       0       0       0       0       0       0       0       0       0       0
      Locals:         0       0       0       0       0       0       0       0       0       0       0       0       0       0
      Temps:          1       0       0       0       0       0       0       0       0       0       0       0       0       0
      Totals:         1       0       0       0       0       0       0       0       0       0       0       0       0       0
Total ram usage:        1 bytes
 Hardware stack levels used:    1
 Hardware stack levels required when called:    1
 This function calls:
		_EUSART_Receive_ISR
		_EUSART_Transmit_ISR
 This function is called by:
		Interrupt level 1
 This function uses a non-reentrant model


 *************** function _EUSART_Transmit_ISR *****************
 Defined at:
		line 158 in file "mcc_generated_files/eusart.c"
 Parameters:    Size  Location     Type
		None
 Auto vars:     Size  Location     Type
		None
 Return value:  Size  Location     Type
                  1    wreg      void 
 Registers used:
		wreg, fsr1l, fsr1h, status,2, status,0
 Tracked objects:
		On entry : 
		On exit  : 
		Unchanged: 
 Data sizes:     COMMON   BANK0   BANK1   BANK2   BANK3   BANK4   BANK5   BANK6   BANK7   BANK8   BANK9  BANK10  BANK11  BANK12
      Params:         0       0       0       0       0       0       0       0       0       0       0       0       0       0
      Locals:         0       0       0       0       0       0       0       0       0       0       0       0       0       0
      Temps:          1       0       0       0       0       0       0       0       0       0       0       0       0       0
      Totals:         1       0       0       0       0       0       0       0       0       0       0       0       0       0
Total ram usage:        1 bytes
 Hardware stack levels used:    1
 This function calls:
		Nothing
 This function is called by:
		_INTERRUPT_InterruptManager
 This function uses a non-reentrant model


 *************** function _EUSART_Receive_ISR *****************
 Defined at:
		line 177 in file "mcc_generated_files/eusart.c"
 Parameters:    Size  Location     Type
		None
 Auto vars:     Size  Location     Type
  t8              1    2[COMMON] unsigned char 
 Return value:  Size  Location     Type
                  1    wreg      void 
 Registers used:
		wreg, fsr1l, fsr1h, status,2, status,0
 Tracked objects:
		On entry : 
		On exit  : 
		Unchanged: 
 Data sizes:     COMMON   BANK0   BANK1   BANK2   BANK3   BANK4   BANK5   BANK6   BANK7   BANK8   BANK9  BANK10  BANK11  BANK12
      Params:         0       0       0       0       0       0       0       0       0       0       0       0       0       0
      Locals:         1       0       0       0       0       0       0       0       0       0       0       0       0       0
      Temps:          2       0       0       0       0       0       0       0       0       0       0       0       0       0
      Totals:         3       0       0       0       0       0       0       0       0       0       0       0       0       0
Total ram usage:        3 bytes
 Hardware stack levels used:    1
 This function calls:
		Nothing
 This function is called by:
		_INTERRUPT_InterruptManager
 This function uses a non-reentrant model



MODULE INFORMATION

Module		Function		Class		Link	Load	Size
src/api/iap.c
		_iap_process   		CODE           	0225	0000	108
		_iap_received_package		CODE           	041F	0000	52
		_decode_xmodem_package		CODE           	039A	0000	71
		_api_write_block		CODE           	02ED	0000	88
		_decode_hex_len		CODE           	0089	0000	256

src/api/iap.c estimated size: 575

mcc_generated_files/tmr2.c
		_TMR2_Initialize		CODE           	0572	0000	20
		_TMR2_SetInterruptHandler		CODE           	05D5	0000	7
		_TMR2_StartTimer		CODE           	05E7	0000	4

mcc_generated_files/tmr2.c estimated size: 31

src/app/boot_main.c
		_main          		CODE           	0188	0000	158

src/app/boot_main.c estimated size: 158

mcc_generated_files/interrupt_manager.c
		_INTERRUPT_InterruptManager		CODE           	0004	0000	68

mcc_generated_files/interrupt_manager.c estimated size: 68

mcc_generated_files/pin_manager.c
		_PIN_MANAGER_Initialize		CODE           	03E0	0000	64

mcc_generated_files/pin_manager.c estimated size: 64

src/api/my_uart.c
		_uart_received_start		CODE           	05CF	0000	7
		_uart_send_str 		CODE           	047A	0000	39
		_uart_send_byte		CODE           	05B5	0000	15

src/api/my_uart.c estimated size: 61

src/depend/m_string.c
		_m_str_h2b     		CODE           	0344	0000	87
		_m_mem_set     		CODE           	0532	0000	26
		__chr2hex      		CODE           	0452	0000	41

src/depend/m_string.c estimated size: 154

shared
		_HexTable      		STRCODE        	0585	0000	18
		__initialization		CODE           	0049	0000	61

shared estimated size: 79

mcc_generated_files/mcc.c
		_WDT_Initialize		CODE           	05E0	0000	5
		_OSCILLATOR_Initialize		CODE           	05DB	0000	6
		_SYSTEM_Initialize		CODE           	05A6	0000	16

mcc_generated_files/mcc.c estimated size: 27

mcc_generated_files/memory.c
		_FLASH_EraseBlock		CODE           	04C3	0000	31
		_FLASH_ReadWord		CODE           	04FD	0000	28
		_FLASH_WriteBlock		CODE           	0290	0000	94

mcc_generated_files/memory.c estimated size: 153

mcc_generated_files/eusart.c
		_EUSART_Transmit_ISR		CODE           	04E1	0000	29
		_EUSART_Initialize		CODE           	0518	0000	27
		_EUSART_Receive_ISR		CODE           	04A0	0000	36

mcc_generated_files/eusart.c estimated size: 92

