Microchip MPLAB XC8 Compiler V2.00 ()

Linker command line:

-W-3 --edf=C:\Program Files (x86)\Microchip\xc8\v2.00\pic\dat\en_msgs.txt \
  -cs -h+dist/default/production\bootLoader.X.production.sym \
  --cmf=dist/default/production\bootLoader.X.production.cmf -z -Q16F1575 \
  -oC:\Users\ADMINI~1\AppData\Local\Temp\sgl0.2 --defsym=__MPLAB_BUILD=1 \
  -Mdist/default/production/bootLoader.X.production.map -E1 -ver=XC8 \
  --acfsm=1493 -ASTACK=02140h-0233fh -pstack=STACK -ACODE=00h-06FFh \
  -ASTRCODE=00h-06FFh -ASTRING=00h-0FFhx7 -ACONST=00h-0FFhx7 \
  -AENTRY=00h-0FFhx7 -ACOMMON=070h-07Fh -ABANK0=020h-06Fh -ABANK1=0A0h-0EFh \
  -ABANK2=0120h-016Fh -ABANK3=01A0h-01EFh -ABANK4=0220h-026Fh \
  -ABANK5=02A0h-02EFh -ABANK6=0320h-036Fh -ABANK7=03A0h-03EFh \
  -ABANK8=0420h-046Fh -ABANK9=04A0h-04EFh -ABANK10=0520h-056Fh \
  -ABANK11=05A0h-05EFh -ABANK12=0620h-063Fh -ABIGRAM=02000h-023DFh \
  -ARAM=020h-06Fh,0A0h-0EFh,0120h-016Fh,01A0h-01EFh,0220h-026Fh,02A0h-02EFh,0320h-036Fh,03A0h-03EFh,0420h-046Fh,04A0h-04EFh,0520h-056Fh,05A0h-05EFh,0620h-063Fh \
  -AABS1=020h-07Fh,0A0h-0EFh,0120h-016Fh,01A0h-01EFh,0220h-026Fh,02A0h-02EFh,0320h-036Fh,03A0h-03EFh,0420h-046Fh,04A0h-04EFh,0520h-056Fh,05A0h-05EFh,0620h-063Fh \
  -ASFR0=00h-01Fh -ASFR1=080h-09Fh -ASFR2=0100h-011Fh -ASFR3=0180h-019Fh \
  -ASFR4=0200h-021Fh -ASFR5=0280h-029Fh -ASFR6=0300h-031Fh \
  -ASFR7=0380h-039Fh -ASFR8=0400h-041Fh -ASFR9=0480h-049Fh \
  -ASFR10=0500h-051Fh -ASFR11=0580h-059Fh -ASFR12=0600h-061Fh \
  -ASFR13=0680h-06EFh -ASFR14=0700h-076Fh -ASFR15=0780h-07EFh \
  -ASFR16=0800h-086Fh -ASFR17=0880h-08EFh -ASFR18=0900h-096Fh \
  -ASFR19=0980h-09EFh -ASFR20=0A00h-0A6Fh -ASFR21=0A80h-0AEFh \
  -ASFR22=0B00h-0B6Fh -ASFR23=0B80h-0BEFh -ASFR24=0C00h-0C6Fh \
  -ASFR25=0C80h-0CEFh -ASFR26=0D00h-0D6Fh -ASFR27=0D80h-0DEFh \
  -ASFR28=0E00h-0E6Fh -ASFR29=0E80h-0EEFh -ASFR30=0F00h-0F6Fh \
  -ASFR31=0F80h-0FEFh -preset_vec=00h,intentry=04h,init,end_init \
  -ppowerup=CODE -pcinit=CODE -pfunctab=ENTRY -ACONFIG=08007h-08008h \
  -pconfig=CONFIG -DCONFIG=2 -AIDLOC=08000h-08003h -pidloc=IDLOC -DIDLOC=2 \
  -DCODE=2 -DSTRCODE=2 -DSTRING=2 -DCONST=2 -DENTRY=2 -k \
  C:\Users\ADMINI~1\AppData\Local\Temp\sgl0.o \
  dist/default/production\bootLoader.X.production.o 

Object code version is 3.11

Machine type is 16F1575



                Name                               Link     Load   Length Selector   Space Scale
C:\Users\ADMINI~1\AppData\Local\Temp\sgl0.o
                end_init                             41       41        2        8       0
                reset_vec                             0        0        2        0       0
                config                             8007     8007        2    1000E       0
dist/default/production\bootLoader.X.production.o
                cinit                                43       43       3F        8       0
                intentry                              4        4       3D        8       0
                text25                              47B      47B       23        8       0
                text24                              4BA      4BA       1C        8       0
                text22                              4D6      4D6       1A        8       0
                text21                              5B0      5B0        5      AF6       0
                text20                              3BF      3BF       3F        8       0
                text19                              5AA      5AA        6      AF6       0
                text18                              5BC      5BC        3      AF6       0
                text17                              547      547       13      A8E       0
                text16                              5B5      5B5        4      AF6       0
                text15                              57B      57B        F      AF6       0
                text14                              4F0      4F0       19        8       0
                text13                              49E      49E       1C        8       0
                text12                              278      278       58        8       0
                text11                              326      326       50        8       0
                text10                              509      509       17        8       0
                text9                               42E      42E       27        8       0
                text8                               2D0      2D0       56        8       0
                text7                                82       82       EE        8       0
                text6                               376      376       49        8       0
                text5                               5A4      5A4        6      AF6       0
                text4                               58A      58A        E      AF6       0
                text3                               3FE      3FE       30        8       0
                text2                               455      455       26        8       0
                text1                               20D      20D       6B        8       0
                maintext                            170      170       9D        8       0
                cstackBANK0                          20       20       50       20       1
                cstackCOMMON                         70       70        8       70       1
                cstackBANK1                          BF       BF        F       A0       1
                clrtext                             598      598        C      AF6       0
                bssBANK3                            1A0      1A0       50      1A0       1
                bssBANK2                            120      120       30      120       1
                dataBANK1                            D1       D1        3       A0       1
                bssBANK1                             A0       A0       1F       A0       1
                bssCOMMON                            78       78        3       70       1
                stringtext4                         56B      56B       10      AB4       0
                stringtext3                         534      534       13      A40       0
                stringtext2                         520      520       14      A40       0
                nvBANK1                              CE       CE        3       A0       1
                stringtext1                         55A      55A       11      AB4       0
                idataBANK1                          5B9      5B9        3      AF6       0

TOTAL           Name                               Link     Load   Length     Space
        CLASS   STACK          

        CLASS   CODE           
                end_init                             41       41        2         0
                cinit                                43       43       3F         0
                intentry                              4        4       3D         0
                reset_vec                             0        0        2         0
                text25                              47B      47B       23         0
                text24                              4BA      4BA       1C         0
                text22                              4D6      4D6       1A         0
                text21                              5B0      5B0        5         0
                text20                              3BF      3BF       3F         0
                text19                              5AA      5AA        6         0
                text18                              5BC      5BC        3         0
                text17                              547      547       13         0
                text16                              5B5      5B5        4         0
                text15                              57B      57B        F         0
                text14                              4F0      4F0       19         0
                text13                              49E      49E       1C         0
                text12                              278      278       58         0
                text11                              326      326       50         0
                text10                              509      509       17         0
                text9                               42E      42E       27         0
                text8                               2D0      2D0       56         0
                text7                                82       82       EE         0
                text6                               376      376       49         0
                text5                               5A4      5A4        6         0
                text4                               58A      58A        E         0
                text3                               3FE      3FE       30         0
                text2                               455      455       26         0
                text1                               20D      20D       6B         0
                maintext                            170      170       9D         0
                clrtext                             598      598        C         0
                idataBANK1                          5B9      5B9        3         0

        CLASS   STRCODE        
                stringtext4                         56B      56B       10         0
                stringtext3                         534      534       13         0
                stringtext2                         520      520       14         0
                stringtext1                         55A      55A       11         0

        CLASS   STRING         

        CLASS   CONST          

        CLASS   ENTRY          

        CLASS   COMMON         
                cstackCOMMON                         70       70        8         1
                bssCOMMON                            78       78        3         1

        CLASS   BANK0          
                cstackBANK0                          20       20       50         1

        CLASS   BANK1          
                cstackBANK1                          BF       BF        F         1
                dataBANK1                            D1       D1        3         1
                bssBANK1                             A0       A0       1F         1
                nvBANK1                              CE       CE        3         1

        CLASS   BANK2          
                bssBANK2                            120      120       30         1

        CLASS   BANK3          
                bssBANK3                            1A0      1A0       50         1

        CLASS   BANK4          

        CLASS   BANK5          

        CLASS   BANK6          

        CLASS   BANK7          

        CLASS   BANK8          

        CLASS   BANK9          

        CLASS   BANK10         

        CLASS   BANK11         

        CLASS   BANK12         

        CLASS   BIGRAM         

        CLASS   RAM            

        CLASS   ABS1           
                abs_s1                               7E       7E        2         1
                abs_s1                              540      540       30         1
                abs_s1                              5A0      5A0       50         1
                abs_s1                              620      620       20         1
                abs_s1                             2340     2340        0         1

        CLASS   SFR0           

        CLASS   SFR1           

        CLASS   SFR2           

        CLASS   SFR3           

        CLASS   SFR4           

        CLASS   SFR5           

        CLASS   SFR6           

        CLASS   SFR7           

        CLASS   SFR8           

        CLASS   SFR9           

        CLASS   SFR10          

        CLASS   SFR11          

        CLASS   SFR12          

        CLASS   SFR13          

        CLASS   SFR14          

        CLASS   SFR15          

        CLASS   SFR16          

        CLASS   SFR17          

        CLASS   SFR18          

        CLASS   SFR19          

        CLASS   SFR20          

        CLASS   SFR21          

        CLASS   SFR22          

        CLASS   SFR23          

        CLASS   SFR24          

        CLASS   SFR25          

        CLASS   SFR26          

        CLASS   SFR27          

        CLASS   SFR28          

        CLASS   SFR29          

        CLASS   SFR30          

        CLASS   SFR31          

        CLASS   CONFIG         
                config                             8007     8007        2         0

        CLASS   IDLOC          

        CLASS   BANK31         

        CLASS   BANK30         

        CLASS   BANK29         

        CLASS   BANK28         

        CLASS   BANK27         

        CLASS   BANK26         

        CLASS   BANK25         

        CLASS   BANK24         

        CLASS   BANK23         

        CLASS   BANK22         

        CLASS   BANK21         

        CLASS   BANK20         

        CLASS   BANK19         

        CLASS   BANK18         

        CLASS   BANK17         

        CLASS   BANK16         

        CLASS   BANK15         

        CLASS   BANK14         

        CLASS   BANK13         

        CLASS   EEDATA         



SEGMENTS        Name                           Load    Length   Top    Selector   Space  Class     Delta

                reset_vec                      000000  000002  000002         0       0  CODE        2
                intentry                       000004  00051C  000520         8       0  CODE        2
                cstackBANK0                    000020  000050  000070        20       1  BANK0       1
                cstackCOMMON                   000070  00000B  00007B        70       1  COMMON      1
                bssBANK1                       0000A0  000034  0000D4        A0       1  BANK1       1
                bssBANK2                       000120  000030  000150       120       1  BANK2       1
                bssBANK3                       0001A0  000050  0001F0       1A0       1  BANK3       1
                stringtext2                    000520  000027  000547       A40       0  STRCODE     2
                text17                         000547  000013  00055A       A8E       0  CODE        2
                stringtext1                    00055A  000021  00057B       AB4       0  STRCODE     2
                text15                         00057B  000044  0005BF       AF6       0  CODE        2
                config                         008007  000002  008009     1000E       0  CONFIG      2


UNUSED ADDRESS RANGES

        Name                Unused          Largest block    Delta
        BANK1            000D4-000EF              1C           1
        BANK10           00520-0053F              20           1
        BANK2            00150-0016F              20           1
        BANK4            00220-0026F              50           1
        BANK5            002A0-002EF              50           1
        BANK6            00320-0036F              50           1
        BANK7            003A0-003EF              50           1
        BANK8            00420-0046F              50           1
        BANK9            004A0-004EF              50           1
        BIGRAM           02000-023DF             3E0           1
        CODE             00002-00003               2           2
                         005BF-006FF             141
        COMMON           0007B-0007D               3           1
        CONST            00002-00003               2           2
                         005BF-006FF              41
        ENTRY            00002-00003               2           2
                         005BF-006FF              41
        IDLOC            08000-08003               4           2
        RAM              000D4-000EF              1C           1
                         00150-0016F              20
                         00220-0026F              50
                         002A0-002EF              50
                         00320-0036F              50
                         003A0-003EF              50
                         00420-0046F              50
                         004A0-004EF              50
                         00520-0053F              20
        SFR0             00000-0001F              20           1
        SFR1             00080-0009F              20           1
        SFR10            00500-0051F              20           1
        SFR11            00580-0059F              20           1
        SFR12            00600-0061F              20           1
        SFR13            00680-006EF              70           1
        SFR14            00700-0076F              70           1
        SFR15            00780-007EF              70           1
        SFR16            00800-0086F              70           1
        SFR17            00880-008EF              70           1
        SFR18            00900-0096F              70           1
        SFR19            00980-009EF              70           1
        SFR2             00100-0011F              20           1
        SFR20            00A00-00A6F              70           1
        SFR21            00A80-00AEF              70           1
        SFR22            00B00-00B6F              70           1
        SFR23            00B80-00BEF              70           1
        SFR24            00C00-00C6F              70           1
        SFR25            00C80-00CEF              70           1
        SFR26            00D00-00D6F              70           1
        SFR27            00D80-00DEF              70           1
        SFR28            00E00-00E6F              70           1
        SFR29            00E80-00EEF              70           1
        SFR3             00180-0019F              20           1
        SFR30            00F00-00F6F              70           1
        SFR31            00F80-00FEF              70           1
        SFR4             00200-0021F              20           1
        SFR5             00280-0029F              20           1
        SFR6             00300-0031F              20           1
        SFR7             00380-0039F              20           1
        SFR8             00400-0041F              20           1
        SFR9             00480-0049F              20           1
        STACK            02140-0233F             200           1
        STRCODE          00002-00003               2           2
                         005BF-006FF             141
        STRING           00002-00003               2           2
                         005BF-006FF              41

                                  Symbol Table

?_FLASH_ReadWord                          cstackCOMMON 00073
?_m_str_h2b                               cstackBANK0  00020
EUSART_Receive_ISR@t8                     cstackCOMMON 00072
FLASH_EraseBlock@GIEBitValue              cstackCOMMON 00075
FLASH_EraseBlock@startAddr                cstackCOMMON 00073
FLASH_ReadWord@GIEBitValue                cstackCOMMON 00075
FLASH_ReadWord@flashAddr                  cstackCOMMON 00073
FLASH_WriteBlock@GIEBitValue              cstackCOMMON 00076
FLASH_WriteBlock@flashWordArray           cstackBANK0  00022
FLASH_WriteBlock@i                        cstackCOMMON 00077
FLASH_WriteBlock@writeAddr                cstackBANK0  00020
PIN_MANAGER_Initialize@state              cstackCOMMON 00073
TMR2_SetInterruptHandler@InterruptHandler cstackCOMMON 00073
_ANSELA                                   (abs)        0018C
_ANSELC                                   (abs)        0018E
_BAUDCON                                  (abs)        0019F
_EUSART_Initialize                        text22       004D6
_EUSART_Receive_ISR                       text25       0047B
_EUSART_Transmit_ISR                      text24       004BA
_Event                                    bssCOMMON    0007A
_FLASH_EraseBlock                         text13       0049E
_FLASH_ReadWord                           text14       004F0
_FLASH_WriteBlock                         text12       00278
_GIE                                      (abs)        0005F
_HexTable                                 stringtext1  0055A
_INTCONbits                               (abs)        0000B
_INTERRUPT_InterruptManager               intentry     00004
_LATA                                     (abs)        0010C
_LATC                                     (abs)        0010E
_ODCONA                                   (abs)        0028C
_ODCONC                                   (abs)        0028E
_OPTION_REGbits                           (abs)        00095
_OSCCON                                   (abs)        00099
_OSCILLATOR_Initialize                    text21       005B0
_OSCTUNE                                  (abs)        00098
_PIE1bits                                 (abs)        00091
_PIN_MANAGER_Initialize                   text20       003BF
_PIR1bits                                 (abs)        00011
_PMADRH                                   (abs)        00192
_PMADRL                                   (abs)        00191
_PMCON1bits                               (abs)        00195
_PMCON2                                   (abs)        00196
_PMDATH                                   (abs)        00194
_PMDATL                                   (abs)        00193
_PPSLOCK                                  (abs)        00E0F
_PPSLOCKbits                              (abs)        00E0F
_PR2                                      (abs)        0001B
_RA4PPSbits                               (abs)        00E94
_RA5PPSbits                               (abs)        00E95
_RC5PPSbits                               (abs)        00EA5
_RCREG                                    (abs)        00199
_RCSTA                                    (abs)        0019D
_RCSTAbits                                (abs)        0019D
_RXPPSbits                                (abs)        00E15
_SPBRGH                                   (abs)        0019C
_SPBRGL                                   (abs)        0019B
_SYSTEM_Initialize                        text15       0057B
_T2CON                                    (abs)        0001C
_T2CONbits                                (abs)        0001C
_TMR2                                     (abs)        0001A
_TMR2_DefaultInterruptHandler             (abs)        00000
_TMR2_Initialize                          text17       00547
_TMR2_InterruptHandler                    nvBANK1      000CE
_TMR2_SetInterruptHandler                 text19       005AA
_TMR2_StartTimer                          text18       005BC
_TRISA                                    (abs)        0008C
_TRISC                                    (abs)        0008E
_TXREG                                    (abs)        0019A
_TXSTA                                    (abs)        0019E
_TXSTAbits                                (abs)        0019E
_WDTCON                                   (abs)        00097
_WDT_Initialize                           text16       005B5
_WPUA                                     (abs)        0020C
_WPUC                                     (abs)        0020E
__CFG_BOREN$ON                            (abs)        00000
__CFG_BORV$LO                             (abs)        00000
__CFG_CLKOUTEN$OFF                        (abs)        00000
__CFG_CP$OFF                              (abs)        00000
__CFG_FOSC$INTOSC                         (abs)        00000
__CFG_LPBOREN$OFF                         (abs)        00000
__CFG_LVP$ON                              (abs)        00000
__CFG_MCLRE$ON                            (abs)        00000
__CFG_PLLEN$OFF                           (abs)        00000
__CFG_PPS1WAY$OFF                         (abs)        00000
__CFG_PWRTE$OFF                           (abs)        00000
__CFG_STVREN$ON                           (abs)        00000
__CFG_WDTE$OFF                            (abs)        00000
__CFG_WRT$OFF                             (abs)        00000
__Habs1                                   abs1         00000
__Hbank0                                  bank0        00000
__Hbank1                                  bank1        00000
__Hbank10                                 bank10       00000
__Hbank11                                 bank11       00000
__Hbank12                                 bank12       00000
__Hbank13                                 bank13       00000
__Hbank14                                 bank14       00000
__Hbank15                                 bank15       00000
__Hbank16                                 bank16       00000
__Hbank17                                 bank17       00000
__Hbank18                                 bank18       00000
__Hbank19                                 bank19       00000
__Hbank2                                  bank2        00000
__Hbank20                                 bank20       00000
__Hbank21                                 bank21       00000
__Hbank22                                 bank22       00000
__Hbank23                                 bank23       00000
__Hbank24                                 bank24       00000
__Hbank25                                 bank25       00000
__Hbank26                                 bank26       00000
__Hbank27                                 bank27       00000
__Hbank28                                 bank28       00000
__Hbank29                                 bank29       00000
__Hbank3                                  bank3        00000
__Hbank30                                 bank30       00000
__Hbank31                                 bank31       00000
__Hbank4                                  bank4        00000
__Hbank5                                  bank5        00000
__Hbank6                                  bank6        00000
__Hbank7                                  bank7        00000
__Hbank8                                  bank8        00000
__Hbank9                                  bank9        00000
__Hbigram                                 bigram       00000
__HbssBANK1                               bssBANK1     00000
__HbssBANK2                               bssBANK2     00000
__HbssBANK3                               bssBANK3     00000
__HbssCOMMON                              bssCOMMON    00000
__Hcinit                                  cinit        00082
__Hclrtext                                clrtext      00000
__Hcode                                   code         00000
__Hcommon                                 common       00000
__Hconfig                                 config       08009
__HcstackBANK0                            cstackBANK0  00000
__HcstackBANK1                            cstackBANK1  00000
__HcstackCOMMON                           cstackCOMMON 00000
__HdataBANK1                              dataBANK1    00000
__Heeprom_data                            eeprom_data  00000
__Hend_init                               end_init     00043
__Hfunctab                                functab      00000
__HidataBANK1                             idataBANK1   00000
__Hidloc                                  idloc        00000
__Hinit                                   init         00041
__Hintentry                               intentry     00041
__Hmaintext                               maintext     00000
__HnvBANK1                                nvBANK1      00000
__Hpowerup                                powerup      00000
__Hram                                    ram          00000
__Hreset_vec                              reset_vec    00002
__Hsfr0                                   sfr0         00000
__Hsfr1                                   sfr1         00000
__Hsfr10                                  sfr10        00000
__Hsfr11                                  sfr11        00000
__Hsfr12                                  sfr12        00000
__Hsfr13                                  sfr13        00000
__Hsfr14                                  sfr14        00000
__Hsfr15                                  sfr15        00000
__Hsfr16                                  sfr16        00000
__Hsfr17                                  sfr17        00000
__Hsfr18                                  sfr18        00000
__Hsfr19                                  sfr19        00000
__Hsfr2                                   sfr2         00000
__Hsfr20                                  sfr20        00000
__Hsfr21                                  sfr21        00000
__Hsfr22                                  sfr22        00000
__Hsfr23                                  sfr23        00000
__Hsfr24                                  sfr24        00000
__Hsfr25                                  sfr25        00000
__Hsfr26                                  sfr26        00000
__Hsfr27                                  sfr27        00000
__Hsfr28                                  sfr28        00000
__Hsfr29                                  sfr29        00000
__Hsfr3                                   sfr3         00000
__Hsfr30                                  sfr30        00000
__Hsfr31                                  sfr31        00000
__Hsfr4                                   sfr4         00000
__Hsfr5                                   sfr5         00000
__Hsfr6                                   sfr6         00000
__Hsfr7                                   sfr7         00000
__Hsfr8                                   sfr8         00000
__Hsfr9                                   sfr9         00000
__Hspace_0                                (abs)        08009
__Hspace_1                                (abs)        001F0
__Hspace_2                                (abs)        00000
__Hspace_3                                (abs)        00000
__Hstack                                  stack        00000
__Hstrings                                strings      00000
__Hstringtext1                            stringtext1  00000
__Hstringtext2                            stringtext2  00000
__Hstringtext3                            stringtext3  00000
__Hstringtext4                            stringtext4  00000
__Hstringtext5                            stringtext5  00000
__Htext                                   text         00000
__Labs1                                   abs1         00000
__Lbank0                                  bank0        00000
__Lbank1                                  bank1        00000
__Lbank10                                 bank10       00000
__Lbank11                                 bank11       00000
__Lbank12                                 bank12       00000
__Lbank13                                 bank13       00000
__Lbank14                                 bank14       00000
__Lbank15                                 bank15       00000
__Lbank16                                 bank16       00000
__Lbank17                                 bank17       00000
__Lbank18                                 bank18       00000
__Lbank19                                 bank19       00000
__Lbank2                                  bank2        00000
__Lbank20                                 bank20       00000
__Lbank21                                 bank21       00000
__Lbank22                                 bank22       00000
__Lbank23                                 bank23       00000
__Lbank24                                 bank24       00000
__Lbank25                                 bank25       00000
__Lbank26                                 bank26       00000
__Lbank27                                 bank27       00000
__Lbank28                                 bank28       00000
__Lbank29                                 bank29       00000
__Lbank3                                  bank3        00000
__Lbank30                                 bank30       00000
__Lbank31                                 bank31       00000
__Lbank4                                  bank4        00000
__Lbank5                                  bank5        00000
__Lbank6                                  bank6        00000
__Lbank7                                  bank7        00000
__Lbank8                                  bank8        00000
__Lbank9                                  bank9        00000
__Lbigram                                 bigram       00000
__LbssBANK1                               bssBANK1     00000
__LbssBANK2                               bssBANK2     00000
__LbssBANK3                               bssBANK3     00000
__LbssCOMMON                              bssCOMMON    00000
__Lcinit                                  cinit        00043
__Lclrtext                                clrtext      00000
__Lcode                                   code         00000
__Lcommon                                 common       00000
__Lconfig                                 config       08007
__LcstackBANK0                            cstackBANK0  00000
__LcstackBANK1                            cstackBANK1  00000
__LcstackCOMMON                           cstackCOMMON 00000
__LdataBANK1                              dataBANK1    00000
__Leeprom_data                            eeprom_data  00000
__Lend_init                               end_init     00041
__Lfunctab                                functab      00000
__LidataBANK1                             idataBANK1   00000
__Lidloc                                  idloc        00000
__Linit                                   init         00041
__Lintentry                               intentry     00004
__Lmaintext                               maintext     00000
__LnvBANK1                                nvBANK1      00000
__Lpowerup                                powerup      00000
__Lram                                    ram          00000
__Lreset_vec                              reset_vec    00000
__Lsfr0                                   sfr0         00000
__Lsfr1                                   sfr1         00000
__Lsfr10                                  sfr10        00000
__Lsfr11                                  sfr11        00000
__Lsfr12                                  sfr12        00000
__Lsfr13                                  sfr13        00000
__Lsfr14                                  sfr14        00000
__Lsfr15                                  sfr15        00000
__Lsfr16                                  sfr16        00000
__Lsfr17                                  sfr17        00000
__Lsfr18                                  sfr18        00000
__Lsfr19                                  sfr19        00000
__Lsfr2                                   sfr2         00000
__Lsfr20                                  sfr20        00000
__Lsfr21                                  sfr21        00000
__Lsfr22                                  sfr22        00000
__Lsfr23                                  sfr23        00000
__Lsfr24                                  sfr24        00000
__Lsfr25                                  sfr25        00000
__Lsfr26                                  sfr26        00000
__Lsfr27                                  sfr27        00000
__Lsfr28                                  sfr28        00000
__Lsfr29                                  sfr29        00000
__Lsfr3                                   sfr3         00000
__Lsfr30                                  sfr30        00000
__Lsfr31                                  sfr31        00000
__Lsfr4                                   sfr4         00000
__Lsfr5                                   sfr5         00000
__Lsfr6                                   sfr6         00000
__Lsfr7                                   sfr7         00000
__Lsfr8                                   sfr8         00000
__Lsfr9                                   sfr9         00000
__Lspace_0                                (abs)        00000
__Lspace_1                                (abs)        00000
__Lspace_2                                (abs)        00000
__Lspace_3                                (abs)        00000
__Lstack                                  stack        00000
__Lstrings                                strings      00000
__Lstringtext1                            stringtext1  00000
__Lstringtext2                            stringtext2  00000
__Lstringtext3                            stringtext3  00000
__Lstringtext4                            stringtext4  00000
__Lstringtext5                            stringtext5  00000
__Ltext                                   text         00000
__S0                                      (abs)        08009
__S1                                      (abs)        001F0
__S2                                      (abs)        00000
___int_sp                                 stack        00000
___latbits                                (abs)        00002
___sp                                     stack        00000
__bEusartRxBuffer                         (abs)        02340
__bEusartRxCount                          bssCOMMON    00079
__chr2hex                                 text9        0042E
__chr2hex@c                               cstackCOMMON 00075
__chr2hex@h                               cstackCOMMON 00074
__end_of_EUSART_Initialize                text22       004F0
__end_of_EUSART_Receive_ISR               text25       0049E
__end_of_EUSART_Transmit_ISR              text24       004D6
__end_of_FLASH_EraseBlock                 text13       004BA
__end_of_FLASH_ReadWord                   text14       00509
__end_of_FLASH_WriteBlock                 text12       002D0
__end_of_HexTable                         stringtext1  0056B
__end_of_INTERRUPT_InterruptManager       intentry     00041
__end_of_OSCILLATOR_Initialize            text21       005B5
__end_of_PIN_MANAGER_Initialize           text20       003FE
__end_of_SYSTEM_Initialize                text15       0058A
__end_of_TMR2_Initialize                  text17       0055A
__end_of_TMR2_SetInterruptHandler         text19       005B0
__end_of_TMR2_StartTimer                  text18       005BF
__end_of_WDT_Initialize                   text16       005B9
__end_of__chr2hex                         text9        00455
__end_of__initialization                  cinit        0007E
__end_of_api_write_block                  text11       00376
__end_of_decode_hex_len                   text7        00170
__end_of_decode_xmodem_package            text6        003BF
__end_of_iap_process                      text1        00278
__end_of_iap_received_package             text3        0042E
__end_of_m_mem_set                        text10       00520
__end_of_m_str_h2b                        text8        00326
__end_of_main                             maintext     0020D
__end_of_uart_received_start              text5        005AA
__end_of_uart_send_byte                   text4        00598
__end_of_uart_send_str                    text2        0047B
__initialization                          cinit        00043
__pbssBANK1                               bssBANK1     000A0
__pbssBANK2                               bssBANK2     00120
__pbssBANK3                               bssBANK3     001A0
__pbssBIGRAM                              (abs)        02340
__pbssCOMMON                              bssCOMMON    00078
__pcstackBANK0                            cstackBANK0  00020
__pcstackBANK1                            cstackBANK1  000BF
__pcstackCOMMON                           cstackCOMMON 00070
__pdataBANK1                              dataBANK1    000D1
__pidataBANK1                             idataBANK1   005B9
__pintentry                               intentry     00004
__pmaintext                               maintext     00170
__pnvBANK1                                nvBANK1      000CE
__pstringtext1                            stringtext1  0055A
__pstringtext2                            stringtext2  00520
__pstringtext3                            stringtext3  00534
__pstringtext4                            stringtext4  0056B
__pstringtext5                            stringtext5  00000
__ptext1                                  text1        0020D
__ptext10                                 text10       00509
__ptext11                                 text11       00326
__ptext12                                 text12       00278
__ptext13                                 text13       0049E
__ptext14                                 text14       004F0
__ptext15                                 text15       0057B
__ptext16                                 text16       005B5
__ptext17                                 text17       00547
__ptext18                                 text18       005BC
__ptext19                                 text19       005AA
__ptext2                                  text2        00455
__ptext20                                 text20       003BF
__ptext21                                 text21       005B0
__ptext22                                 text22       004D6
__ptext24                                 text24       004BA
__ptext25                                 text25       0047B
__ptext3                                  text3        003FE
__ptext4                                  text4        0058A
__ptext5                                  text5        005A4
__ptext6                                  text6        00376
__ptext7                                  text7        00082
__ptext8                                  text8        002D0
__ptext9                                  text9        0042E
__size_of_EUSART_Initialize               (abs)        00000
__size_of_EUSART_Receive_ISR              (abs)        00000
__size_of_EUSART_Transmit_ISR             (abs)        00000
__size_of_FLASH_EraseBlock                (abs)        00000
__size_of_FLASH_ReadWord                  (abs)        00000
__size_of_FLASH_WriteBlock                (abs)        00000
__size_of_INTERRUPT_InterruptManager      (abs)        00000
__size_of_OSCILLATOR_Initialize           (abs)        00000
__size_of_PIN_MANAGER_Initialize          (abs)        00000
__size_of_SYSTEM_Initialize               (abs)        00000
__size_of_TMR2_Initialize                 (abs)        00000
__size_of_TMR2_SetInterruptHandler        (abs)        00000
__size_of_TMR2_StartTimer                 (abs)        00000
__size_of_WDT_Initialize                  (abs)        00000
__size_of__chr2hex                        (abs)        00000
__size_of_api_write_block                 (abs)        00000
__size_of_decode_hex_len                  (abs)        00000
__size_of_decode_xmodem_package           (abs)        00000
__size_of_iap_process                     (abs)        00000
__size_of_iap_received_package            (abs)        00000
__size_of_m_mem_set                       (abs)        00000
__size_of_m_str_h2b                       (abs)        00000
__size_of_main                            (abs)        00000
__size_of_uart_received_start             (abs)        00000
__size_of_uart_send_byte                  (abs)        00000
__size_of_uart_send_str                   (abs)        00000
_addrInline                               bssBANK1     000B4
_addrWritedFlash                          dataBANK1    000D1
_api_write_block                          text11       00326
_binBuffer                                bssBANK3     001A0
_binBufferLen                             bssBANK1     000B9
_decode_hex_len                           text7        00082
_decode_xmodem_package                    text6        00376
_eusartRxHead                             bssBANK1     000BD
_eusartRxIdleTime_ms                      bssBANK1     000B6
_eusartRxTail                             bssBANK1     000BC
_eusartTxBuffer                           bssBANK1     000A0
_eusartTxBufferRemaining                  nvBANK1      000D0
_eusartTxHead                             bssCOMMON    00078
_eusartTxLen                              bssBANK1     000B8
_eusartTxTail                             bssBANK1     000BE
_firstPackage                             dataBANK1    000D3
_globalTicker                             bssBANK1     000B0
_hexLineBuffer                            bssBANK2     00120
_hexLineCharCount                         bssBANK1     000BA
_iap_process                              text1        0020D
_iap_received_package                     text3        003FE
_isRunInBoot                              (abs)        00FFF
_lengthInline                             bssBANK1     000BB
_m_mem_set                                text10       00509
_m_str_h2b                                text8        002D0
_main                                     maintext     00170
_uart_received_start                      text5        005A4
_uart_send_byte                           text4        0058A
_uart_send_str                            text2        00455
api_write_block@addr                      cstackBANK0  00026
api_write_block@binbuf                    cstackBANK0  00028
api_write_block@buf                       cstackBANK0  0002E
api_write_block@i                         cstackBANK0  0006E
btemp                                     (abs)        0007E
clear_ram0                                clrtext      00598
decode_hex_len@i8                         cstackBANK1  000C3
decode_hex_len@t16                        cstackBANK1  000C1
decode_xmodem_package@xloc                cstackBANK0  0006F
end_of_initialization                     cinit        0007E
iap_process@ret                           cstackBANK1  000C8
iap_received_package@tm                   cstackCOMMON 00075
int$flags                                 (abs)        0007E
intlevel0                                 functab      00000
intlevel1                                 functab      00000
intlevel2                                 functab      00000
intlevel3                                 functab      00000
intlevel4                                 functab      00000
intlevel5                                 functab      00000
m_mem_set@buf                             cstackCOMMON 00077
m_mem_set@len                             cstackCOMMON 00074
m_mem_set@x                               cstackCOMMON 00073
m_str_h2b@b                               cstackBANK0  00025
m_str_h2b@bb                              cstackBANK0  00027
m_str_h2b@h                               cstackBANK0  00020
m_str_h2b@i                               cstackBANK0  00023
m_str_h2b@len                             cstackBANK0  00021
m_str_h2b@s                               cstackBANK0  00026
main@ret                                  cstackBANK1  000CB
main@t16                                  cstackBANK1  000CC
reset_vec                                 reset_vec    00000
stackhi                                   (abs)        0233F
stacklo                                   (abs)        02140
start                                     init         00041
start_initialization                      cinit        00043
uart_send_byte@x                          cstackCOMMON 00073
uart_send_str@str                         cstackCOMMON 00073
wtemp0                                    (abs)        0007E


FUNCTION INFORMATION:

 *************** function _main *****************
 Defined at:
		line 51 in file "src/app/boot_main.c"
 Parameters:    Size  Location     Type
		None
 Auto vars:     Size  Location     Type
  t16             2   13[BANK1 ] unsigned int 
  ret             1   12[BANK1 ] unsigned char 
 Return value:  Size  Location     Type
                  1    wreg      void 
 Registers used:
		wreg, fsr0l, fsr0h, fsr1l, fsr1h, status,2, status,0, pclath, cstack
 Tracked objects:
		On entry : 
		On exit  : 
		Unchanged: 
 Data sizes:     COMMON   BANK0   BANK1   BANK2   BANK3   BANK4   BANK5   BANK6   BANK7   BANK8   BANK9  BANK10  BANK11  BANK12
      Params:         0       0       0       0       0       0       0       0       0       0       0       0       0       0
      Locals:         0       0       3       0       0       0       0       0       0       0       0       0       0       0
      Temps:          0       0       2       0       0       0       0       0       0       0       0       0       0       0
      Totals:         0       0       5       0       0       0       0       0       0       0       0       0       0       0
Total ram usage:        5 bytes
 Hardware stack levels required when called:    8
 This function calls:
		_FLASH_ReadWord
		_SYSTEM_Initialize
		_iap_process
		_uart_received_start
		_uart_send_str
 This function is called by:
		Startup code after reset
 This function uses a non-reentrant model


 *************** function _iap_process *****************
 Defined at:
		line 151 in file "src/api/iap.c"
 Parameters:    Size  Location     Type
		None
 Auto vars:     Size  Location     Type
  ret             1    9[BANK1 ] unsigned char 
 Return value:  Size  Location     Type
                  1    wreg      unsigned char 
 Registers used:
		wreg, fsr0l, fsr0h, fsr1l, fsr1h, status,2, status,0, pclath, cstack
 Tracked objects:
		On entry : 
		On exit  : 
		Unchanged: 
 Data sizes:     COMMON   BANK0   BANK1   BANK2   BANK3   BANK4   BANK5   BANK6   BANK7   BANK8   BANK9  BANK10  BANK11  BANK12
      Params:         0       0       0       0       0       0       0       0       0       0       0       0       0       0
      Locals:         0       0       1       0       0       0       0       0       0       0       0       0       0       0
      Temps:          0       0       2       0       0       0       0       0       0       0       0       0       0       0
      Totals:         0       0       3       0       0       0       0       0       0       0       0       0       0       0
Total ram usage:        3 bytes
 Hardware stack levels used:    1
 Hardware stack levels required when called:    7
 This function calls:
		_FLASH_WriteBlock
		_decode_xmodem_package
		_iap_received_package
		_uart_send_byte
		_uart_send_str
 This function is called by:
		_main
 This function uses a non-reentrant model


 *************** function _uart_send_str *****************
 Defined at:
		line 21 in file "src/api/my_uart.c"
 Parameters:    Size  Location     Type
  str             2    3[COMMON] PTR unsigned char 
		 -> STR_3(20), STR_2(16), STR_1(19), 
 Auto vars:     Size  Location     Type
		None
 Return value:  Size  Location     Type
                  1    wreg      void 
 Registers used:
		wreg, fsr0l, fsr0h, status,2, status,0, pclath
 Tracked objects:
		On entry : 
		On exit  : 
		Unchanged: 
 Data sizes:     COMMON   BANK0   BANK1   BANK2   BANK3   BANK4   BANK5   BANK6   BANK7   BANK8   BANK9  BANK10  BANK11  BANK12
      Params:         2       0       0       0       0       0       0       0       0       0       0       0       0       0
      Locals:         0       0       0       0       0       0       0       0       0       0       0       0       0       0
      Temps:          1       0       0       0       0       0       0       0       0       0       0       0       0       0
      Totals:         3       0       0       0       0       0       0       0       0       0       0       0       0       0
Total ram usage:        3 bytes
 Hardware stack levels used:    1
 Hardware stack levels required when called:    2
 This function calls:
		Nothing
 This function is called by:
		_iap_process
		_main
 This function uses a non-reentrant model


 *************** function _iap_received_package *****************
 Defined at:
		line 27 in file "src/api/iap.c"
 Parameters:    Size  Location     Type
		None
 Auto vars:     Size  Location     Type
  tm              1    5[COMMON] unsigned char 
 Return value:  Size  Location     Type
                  1    wreg      unsigned char 
 Registers used:
		wreg, status,2, status,0, pclath, cstack
 Tracked objects:
		On entry : 
		On exit  : 
		Unchanged: 
 Data sizes:     COMMON   BANK0   BANK1   BANK2   BANK3   BANK4   BANK5   BANK6   BANK7   BANK8   BANK9  BANK10  BANK11  BANK12
      Params:         0       0       0       0       0       0       0       0       0       0       0       0       0       0
      Locals:         1       0       0       0       0       0       0       0       0       0       0       0       0       0
      Temps:          1       0       0       0       0       0       0       0       0       0       0       0       0       0
      Totals:         2       0       0       0       0       0       0       0       0       0       0       0       0       0
Total ram usage:        2 bytes
 Hardware stack levels used:    1
 Hardware stack levels required when called:    3
 This function calls:
		_uart_received_start
		_uart_send_byte
 This function is called by:
		_iap_process
 This function uses a non-reentrant model


 *************** function _uart_send_byte *****************
 Defined at:
		line 12 in file "src/api/my_uart.c"
 Parameters:    Size  Location     Type
  x               1    wreg     unsigned char 
 Auto vars:     Size  Location     Type
  x               1    3[COMMON] unsigned char 
 Return value:  Size  Location     Type
                  1    wreg      void 
 Registers used:
		wreg
 Tracked objects:
		On entry : 
		On exit  : 
		Unchanged: 
 Data sizes:     COMMON   BANK0   BANK1   BANK2   BANK3   BANK4   BANK5   BANK6   BANK7   BANK8   BANK9  BANK10  BANK11  BANK12
      Params:         0       0       0       0       0       0       0       0       0       0       0       0       0       0
      Locals:         1       0       0       0       0       0       0       0       0       0       0       0       0       0
      Temps:          0       0       0       0       0       0       0       0       0       0       0       0       0       0
      Totals:         1       0       0       0       0       0       0       0       0       0       0       0       0       0
Total ram usage:        1 bytes
 Hardware stack levels used:    1
 Hardware stack levels required when called:    2
 This function calls:
		Nothing
 This function is called by:
		_iap_received_package
		_iap_process
 This function uses a non-reentrant model


 *************** function _uart_received_start *****************
 Defined at:
		line 50 in file "src/api/my_uart.c"
 Parameters:    Size  Location     Type
		None
 Auto vars:     Size  Location     Type
		None
 Return value:  Size  Location     Type
                  1    wreg      void 
 Registers used:
		status,2
 Tracked objects:
		On entry : 
		On exit  : 
		Unchanged: 
 Data sizes:     COMMON   BANK0   BANK1   BANK2   BANK3   BANK4   BANK5   BANK6   BANK7   BANK8   BANK9  BANK10  BANK11  BANK12
      Params:         0       0       0       0       0       0       0       0       0       0       0       0       0       0
      Locals:         0       0       0       0       0       0       0       0       0       0       0       0       0       0
      Temps:          0       0       0       0       0       0       0       0       0       0       0       0       0       0
      Totals:         0       0       0       0       0       0       0       0       0       0       0       0       0       0
Total ram usage:        0 bytes
 Hardware stack levels used:    1
 Hardware stack levels required when called:    2
 This function calls:
		Nothing
 This function is called by:
		_iap_received_package
		_main
 This function uses a non-reentrant model


 *************** function _decode_xmodem_package *****************
 Defined at:
		line 134 in file "src/api/iap.c"
 Parameters:    Size  Location     Type
		None
 Auto vars:     Size  Location     Type
  xloc            1   79[BANK0 ] unsigned char 
 Return value:  Size  Location     Type
                  1    wreg      unsigned char 
 Registers used:
		wreg, fsr1l, fsr1h, status,2, status,0, pclath, cstack
 Tracked objects:
		On entry : 
		On exit  : 
		Unchanged: 
 Data sizes:     COMMON   BANK0   BANK1   BANK2   BANK3   BANK4   BANK5   BANK6   BANK7   BANK8   BANK9  BANK10  BANK11  BANK12
      Params:         0       0       0       0       0       0       0       0       0       0       0       0       0       0
      Locals:         0       1       0       0       0       0       0       0       0       0       0       0       0       0
      Temps:          0       0       2       0       0       0       0       0       0       0       0       0       0       0
      Totals:         0       1       2       0       0       0       0       0       0       0       0       0       0       0
Total ram usage:        3 bytes
 Hardware stack levels used:    1
 Hardware stack levels required when called:    6
 This function calls:
		_decode_hex_len
 This function is called by:
		_iap_process
 This function uses a non-reentrant model


 *************** function _decode_hex_len *****************
 Defined at:
		line 74 in file "src/api/iap.c"
 Parameters:    Size  Location     Type
		None
 Auto vars:     Size  Location     Type
  t16             2    2[BANK1 ] unsigned int 
  i8              1    4[BANK1 ] unsigned char 
 Return value:  Size  Location     Type
                  1    wreg      unsigned char 
 Registers used:
		wreg, fsr1l, fsr1h, status,2, status,0, pclath, cstack
 Tracked objects:
		On entry : 
		On exit  : 
		Unchanged: 
 Data sizes:     COMMON   BANK0   BANK1   BANK2   BANK3   BANK4   BANK5   BANK6   BANK7   BANK8   BANK9  BANK10  BANK11  BANK12
      Params:         0       0       0       0       0       0       0       0       0       0       0       0       0       0
      Locals:         0       0       3       0       0       0       0       0       0       0       0       0       0       0
      Temps:          0       0       2       0       0       0       0       0       0       0       0       0       0       0
      Totals:         0       0       5       0       0       0       0       0       0       0       0       0       0       0
Total ram usage:        5 bytes
 Hardware stack levels used:    1
 Hardware stack levels required when called:    5
 This function calls:
		_api_write_block
		_m_mem_set
		_m_str_h2b
 This function is called by:
		_decode_xmodem_package
 This function uses a non-reentrant model


 *************** function _m_str_h2b *****************
 Defined at:
		line 208 in file "src/depend/m_string.c"
 Parameters:    Size  Location     Type
  b               1    wreg     PTR unsigned char 
		 -> hexLineBuffer(48), 
  h               1    0[BANK0 ] PTR unsigned char 
		 -> hexLineBuffer(48), 
  len             2    1[BANK0 ] unsigned int 
 Auto vars:     Size  Location     Type
  b               1    5[BANK0 ] PTR unsigned char 
		 -> hexLineBuffer(48), 
  i               2    3[BANK0 ] unsigned int 
  bb              1    7[BANK0 ] unsigned char 
  s               1    6[BANK0 ] unsigned char 
 Return value:  Size  Location     Type
                  2    0[BANK0 ] unsigned int 
 Registers used:
		wreg, fsr1l, fsr1h, status,2, status,0, pclath, cstack
 Tracked objects:
		On entry : 
		On exit  : 
		Unchanged: 
 Data sizes:     COMMON   BANK0   BANK1   BANK2   BANK3   BANK4   BANK5   BANK6   BANK7   BANK8   BANK9  BANK10  BANK11  BANK12
      Params:         0       3       0       0       0       0       0       0       0       0       0       0       0       0
      Locals:         0       5       0       0       0       0       0       0       0       0       0       0       0       0
      Temps:          2       0       0       0       0       0       0       0       0       0       0       0       0       0
      Totals:         2       8       0       0       0       0       0       0       0       0       0       0       0       0
Total ram usage:       10 bytes
 Hardware stack levels used:    1
 Hardware stack levels required when called:    3
 This function calls:
		__chr2hex
 This function is called by:
		_decode_hex_len
 This function uses a non-reentrant model


 *************** function __chr2hex *****************
 Defined at:
		line 197 in file "src/depend/m_string.c"
 Parameters:    Size  Location     Type
  c               1    wreg     unsigned char 
 Auto vars:     Size  Location     Type
  c               1    5[COMMON] unsigned char 
  h               1    4[COMMON] unsigned char 
 Return value:  Size  Location     Type
                  1    wreg      unsigned char 
 Registers used:
		wreg, status,2, status,0
 Tracked objects:
		On entry : 
		On exit  : 
		Unchanged: 
 Data sizes:     COMMON   BANK0   BANK1   BANK2   BANK3   BANK4   BANK5   BANK6   BANK7   BANK8   BANK9  BANK10  BANK11  BANK12
      Params:         0       0       0       0       0       0       0       0       0       0       0       0       0       0
      Locals:         2       0       0       0       0       0       0       0       0       0       0       0       0       0
      Temps:          1       0       0       0       0       0       0       0       0       0       0       0       0       0
      Totals:         3       0       0       0       0       0       0       0       0       0       0       0       0       0
Total ram usage:        3 bytes
 Hardware stack levels used:    1
 Hardware stack levels required when called:    2
 This function calls:
		Nothing
 This function is called by:
		_m_str_h2b
 This function uses a non-reentrant model


 *************** function _m_mem_set *****************
 Defined at:
		line 32 in file "src/depend/m_string.c"
 Parameters:    Size  Location     Type
  buf             1    wreg     PTR unsigned char 
		 -> hexLineBuffer(48), 
  x               1    3[COMMON] unsigned char 
  len             2    4[COMMON] unsigned int 
 Auto vars:     Size  Location     Type
  buf             1    7[COMMON] PTR unsigned char 
		 -> hexLineBuffer(48), 
 Return value:  Size  Location     Type
                  1    wreg      void 
 Registers used:
		wreg, fsr1l, fsr1h, status,2, status,0
 Tracked objects:
		On entry : 
		On exit  : 
		Unchanged: 
 Data sizes:     COMMON   BANK0   BANK1   BANK2   BANK3   BANK4   BANK5   BANK6   BANK7   BANK8   BANK9  BANK10  BANK11  BANK12
      Params:         3       0       0       0       0       0       0       0       0       0       0       0       0       0
      Locals:         1       0       0       0       0       0       0       0       0       0       0       0       0       0
      Temps:          1       0       0       0       0       0       0       0       0       0       0       0       0       0
      Totals:         5       0       0       0       0       0       0       0       0       0       0       0       0       0
Total ram usage:        5 bytes
 Hardware stack levels used:    1
 Hardware stack levels required when called:    2
 This function calls:
		Nothing
 This function is called by:
		_decode_hex_len
 This function uses a non-reentrant model


 *************** function _api_write_block *****************
 Defined at:
		line 56 in file "src/api/iap.c"
 Parameters:    Size  Location     Type
  addr            2    6[BANK0 ] unsigned int 
  binbuf          1    8[BANK0 ] PTR unsigned int 
		 -> binBuffer(80), 
 Auto vars:     Size  Location     Type
  buf            64   14[BANK0 ] unsigned int [32]
  i               1   78[BANK0 ] unsigned char 
 Return value:  Size  Location     Type
                  1    wreg      unsigned char 
 Registers used:
		wreg, fsr1l, fsr1h, status,2, status,0, pclath, cstack
 Tracked objects:
		On entry : 
		On exit  : 
		Unchanged: 
 Data sizes:     COMMON   BANK0   BANK1   BANK2   BANK3   BANK4   BANK5   BANK6   BANK7   BANK8   BANK9  BANK10  BANK11  BANK12
      Params:         0       3       0       0       0       0       0       0       0       0       0       0       0       0
      Locals:         0      65       0       0       0       0       0       0       0       0       0       0       0       0
      Temps:          0       5       0       0       0       0       0       0       0       0       0       0       0       0
      Totals:         0      73       0       0       0       0       0       0       0       0       0       0       0       0
Total ram usage:       73 bytes
 Hardware stack levels used:    1
 Hardware stack levels required when called:    4
 This function calls:
		_FLASH_EraseBlock
		_FLASH_ReadWord
		_FLASH_WriteBlock
 This function is called by:
		_decode_hex_len
 This function uses a non-reentrant model


 *************** function _FLASH_WriteBlock *****************
 Defined at:
		line 93 in file "mcc_generated_files/memory.c"
 Parameters:    Size  Location     Type
  writeAddr       2    0[BANK0 ] unsigned int 
  flashWordArr    1    2[BANK0 ] PTR unsigned int 
		 -> binBuffer(80), 
 Auto vars:     Size  Location     Type
  i               1    7[COMMON] unsigned char 
  GIEBitValue     1    6[COMMON] unsigned char 
 Return value:  Size  Location     Type
                  1    wreg      char 
 Registers used:
		wreg, fsr1l, fsr1h, status,2, status,0, pclath, cstack
 Tracked objects:
		On entry : 
		On exit  : 
		Unchanged: 
 Data sizes:     COMMON   BANK0   BANK1   BANK2   BANK3   BANK4   BANK5   BANK6   BANK7   BANK8   BANK9  BANK10  BANK11  BANK12
      Params:         0       3       0       0       0       0       0       0       0       0       0       0       0       0
      Locals:         2       0       0       0       0       0       0       0       0       0       0       0       0       0
      Temps:          0       3       0       0       0       0       0       0       0       0       0       0       0       0
      Totals:         2       6       0       0       0       0       0       0       0       0       0       0       0       0
Total ram usage:        8 bytes
 Hardware stack levels used:    1
 Hardware stack levels required when called:    3
 This function calls:
		_FLASH_EraseBlock
 This function is called by:
		_api_write_block
		_iap_process
		_FLASH_WriteWord
 This function uses a non-reentrant model


 *************** function _FLASH_EraseBlock *****************
 Defined at:
		line 148 in file "mcc_generated_files/memory.c"
 Parameters:    Size  Location     Type
  startAddr       2    3[COMMON] unsigned int 
 Auto vars:     Size  Location     Type
  GIEBitValue     1    5[COMMON] unsigned char 
 Return value:  Size  Location     Type
                  1    wreg      void 
 Registers used:
		wreg, status,2, status,0
 Tracked objects:
		On entry : 
		On exit  : 
		Unchanged: 
 Data sizes:     COMMON   BANK0   BANK1   BANK2   BANK3   BANK4   BANK5   BANK6   BANK7   BANK8   BANK9  BANK10  BANK11  BANK12
      Params:         2       0       0       0       0       0       0       0       0       0       0       0       0       0
      Locals:         1       0       0       0       0       0       0       0       0       0       0       0       0       0
      Temps:          0       0       0       0       0       0       0       0       0       0       0       0       0       0
      Totals:         3       0       0       0       0       0       0       0       0       0       0       0       0       0
Total ram usage:        3 bytes
 Hardware stack levels used:    1
 Hardware stack levels required when called:    2
 This function calls:
		Nothing
 This function is called by:
		_FLASH_WriteBlock
		_api_write_block
 This function uses a non-reentrant model


 *************** function _FLASH_ReadWord *****************
 Defined at:
		line 57 in file "mcc_generated_files/memory.c"
 Parameters:    Size  Location     Type
  flashAddr       2    3[COMMON] unsigned int 
 Auto vars:     Size  Location     Type
  GIEBitValue     1    5[COMMON] unsigned char 
 Return value:  Size  Location     Type
                  2    3[COMMON] unsigned int 
 Registers used:
		wreg, status,2, status,0
 Tracked objects:
		On entry : 
		On exit  : 
		Unchanged: 
 Data sizes:     COMMON   BANK0   BANK1   BANK2   BANK3   BANK4   BANK5   BANK6   BANK7   BANK8   BANK9  BANK10  BANK11  BANK12
      Params:         2       0       0       0       0       0       0       0       0       0       0       0       0       0
      Locals:         1       0       0       0       0       0       0       0       0       0       0       0       0       0
      Temps:          0       0       0       0       0       0       0       0       0       0       0       0       0       0
      Totals:         3       0       0       0       0       0       0       0       0       0       0       0       0       0
Total ram usage:        3 bytes
 Hardware stack levels used:    1
 Hardware stack levels required when called:    2
 This function calls:
		Nothing
 This function is called by:
		_api_write_block
		_main
		_FLASH_WriteWord
 This function uses a non-reentrant model


 *************** function _SYSTEM_Initialize *****************
 Defined at:
		line 69 in file "mcc_generated_files/mcc.c"
 Parameters:    Size  Location     Type
		None
 Auto vars:     Size  Location     Type
		None
 Return value:  Size  Location     Type
                  1    wreg      void 
 Registers used:
		wreg, status,2, status,0, pclath, cstack
 Tracked objects:
		On entry : 
		On exit  : 
		Unchanged: 
 Data sizes:     COMMON   BANK0   BANK1   BANK2   BANK3   BANK4   BANK5   BANK6   BANK7   BANK8   BANK9  BANK10  BANK11  BANK12
      Params:         0       0       0       0       0       0       0       0       0       0       0       0       0       0
      Locals:         0       0       0       0       0       0       0       0       0       0       0       0       0       0
      Temps:          0       0       0       0       0       0       0       0       0       0       0       0       0       0
      Totals:         0       0       0       0       0       0       0       0       0       0       0       0       0       0
Total ram usage:        0 bytes
 Hardware stack levels used:    1
 Hardware stack levels required when called:    4
 This function calls:
		_EUSART_Initialize
		_OSCILLATOR_Initialize
		_PIN_MANAGER_Initialize
		_TMR2_Initialize
		_WDT_Initialize
 This function is called by:
		_main
 This function uses a non-reentrant model


 *************** function _WDT_Initialize *****************
 Defined at:
		line 87 in file "mcc_generated_files/mcc.c"
 Parameters:    Size  Location     Type
		None
 Auto vars:     Size  Location     Type
		None
 Return value:  Size  Location     Type
                  1    wreg      void 
 Registers used:
		wreg
 Tracked objects:
		On entry : 
		On exit  : 
		Unchanged: 
 Data sizes:     COMMON   BANK0   BANK1   BANK2   BANK3   BANK4   BANK5   BANK6   BANK7   BANK8   BANK9  BANK10  BANK11  BANK12
      Params:         0       0       0       0       0       0       0       0       0       0       0       0       0       0
      Locals:         0       0       0       0       0       0       0       0       0       0       0       0       0       0
      Temps:          0       0       0       0       0       0       0       0       0       0       0       0       0       0
      Totals:         0       0       0       0       0       0       0       0       0       0       0       0       0       0
Total ram usage:        0 bytes
 Hardware stack levels used:    1
 Hardware stack levels required when called:    2
 This function calls:
		Nothing
 This function is called by:
		_SYSTEM_Initialize
 This function uses a non-reentrant model


 *************** function _TMR2_Initialize *****************
 Defined at:
		line 63 in file "mcc_generated_files/tmr2.c"
 Parameters:    Size  Location     Type
		None
 Auto vars:     Size  Location     Type
		None
 Return value:  Size  Location     Type
                  1    wreg      void 
 Registers used:
		wreg, status,2, status,0, pclath, cstack
 Tracked objects:
		On entry : 
		On exit  : 
		Unchanged: 
 Data sizes:     COMMON   BANK0   BANK1   BANK2   BANK3   BANK4   BANK5   BANK6   BANK7   BANK8   BANK9  BANK10  BANK11  BANK12
      Params:         0       0       0       0       0       0       0       0       0       0       0       0       0       0
      Locals:         0       0       0       0       0       0       0       0       0       0       0       0       0       0
      Temps:          0       0       0       0       0       0       0       0       0       0       0       0       0       0
      Totals:         0       0       0       0       0       0       0       0       0       0       0       0       0       0
Total ram usage:        0 bytes
 Hardware stack levels used:    1
 Hardware stack levels required when called:    3
 This function calls:
		_TMR2_SetInterruptHandler
		_TMR2_StartTimer
 This function is called by:
		_SYSTEM_Initialize
 This function uses a non-reentrant model


 *************** function _TMR2_StartTimer *****************
 Defined at:
		line 89 in file "mcc_generated_files/tmr2.c"
 Parameters:    Size  Location     Type
		None
 Auto vars:     Size  Location     Type
		None
 Return value:  Size  Location     Type
                  1    wreg      void 
 Registers used:
		None
 Tracked objects:
		On entry : 
		On exit  : 
		Unchanged: 
 Data sizes:     COMMON   BANK0   BANK1   BANK2   BANK3   BANK4   BANK5   BANK6   BANK7   BANK8   BANK9  BANK10  BANK11  BANK12
      Params:         0       0       0       0       0       0       0       0       0       0       0       0       0       0
      Locals:         0       0       0       0       0       0       0       0       0       0       0       0       0       0
      Temps:          0       0       0       0       0       0       0       0       0       0       0       0       0       0
      Totals:         0       0       0       0       0       0       0       0       0       0       0       0       0       0
Total ram usage:        0 bytes
 Hardware stack levels used:    1
 Hardware stack levels required when called:    2
 This function calls:
		Nothing
 This function is called by:
		_TMR2_Initialize
 This function uses a non-reentrant model


 *************** function _TMR2_SetInterruptHandler *****************
 Defined at:
		line 142 in file "mcc_generated_files/tmr2.c"
 Parameters:    Size  Location     Type
  InterruptHan    2    3[COMMON] PTR FTN()void 
		 -> TMR2_DefaultInterruptHandler(1), 
 Auto vars:     Size  Location     Type
		None
 Return value:  Size  Location     Type
                  1    wreg      void 
 Registers used:
		wreg
 Tracked objects:
		On entry : 
		On exit  : 
		Unchanged: 
 Data sizes:     COMMON   BANK0   BANK1   BANK2   BANK3   BANK4   BANK5   BANK6   BANK7   BANK8   BANK9  BANK10  BANK11  BANK12
      Params:         2       0       0       0       0       0       0       0       0       0       0       0       0       0
      Locals:         0       0       0       0       0       0       0       0       0       0       0       0       0       0
      Temps:          0       0       0       0       0       0       0       0       0       0       0       0       0       0
      Totals:         2       0       0       0       0       0       0       0       0       0       0       0       0       0
Total ram usage:        2 bytes
 Hardware stack levels used:    1
 Hardware stack levels required when called:    2
 This function calls:
		Nothing
 This function is called by:
		_TMR2_Initialize
 This function uses a non-reentrant model


 *************** function _PIN_MANAGER_Initialize *****************
 Defined at:
		line 104 in file "mcc_generated_files/pin_manager.c"
 Parameters:    Size  Location     Type
		None
 Auto vars:     Size  Location     Type
  state           1    3[COMMON] unsigned char 
 Return value:  Size  Location     Type
                  1    wreg      void 
 Registers used:
		wreg, status,2, status,0
 Tracked objects:
		On entry : 
		On exit  : 
		Unchanged: 
 Data sizes:     COMMON   BANK0   BANK1   BANK2   BANK3   BANK4   BANK5   BANK6   BANK7   BANK8   BANK9  BANK10  BANK11  BANK12
      Params:         0       0       0       0       0       0       0       0       0       0       0       0       0       0
      Locals:         1       0       0       0       0       0       0       0       0       0       0       0       0       0
      Temps:          0       0       0       0       0       0       0       0       0       0       0       0       0       0
      Totals:         1       0       0       0       0       0       0       0       0       0       0       0       0       0
Total ram usage:        1 bytes
 Hardware stack levels used:    1
 Hardware stack levels required when called:    2
 This function calls:
		Nothing
 This function is called by:
		_SYSTEM_Initialize
 This function uses a non-reentrant model


 *************** function _OSCILLATOR_Initialize *****************
 Defined at:
		line 79 in file "mcc_generated_files/mcc.c"
 Parameters:    Size  Location     Type
		None
 Auto vars:     Size  Location     Type
		None
 Return value:  Size  Location     Type
                  1    wreg      void 
 Registers used:
		wreg, status,2
 Tracked objects:
		On entry : 
		On exit  : 
		Unchanged: 
 Data sizes:     COMMON   BANK0   BANK1   BANK2   BANK3   BANK4   BANK5   BANK6   BANK7   BANK8   BANK9  BANK10  BANK11  BANK12
      Params:         0       0       0       0       0       0       0       0       0       0       0       0       0       0
      Locals:         0       0       0       0       0       0       0       0       0       0       0       0       0       0
      Temps:          0       0       0       0       0       0       0       0       0       0       0       0       0       0
      Totals:         0       0       0       0       0       0       0       0       0       0       0       0       0       0
Total ram usage:        0 bytes
 Hardware stack levels used:    1
 Hardware stack levels required when called:    2
 This function calls:
		Nothing
 This function is called by:
		_SYSTEM_Initialize
 This function uses a non-reentrant model


 *************** function _EUSART_Initialize *****************
 Defined at:
		line 78 in file "mcc_generated_files/eusart.c"
 Parameters:    Size  Location     Type
		None
 Auto vars:     Size  Location     Type
		None
 Return value:  Size  Location     Type
                  1    wreg      void 
 Registers used:
		wreg, status,2
 Tracked objects:
		On entry : 
		On exit  : 
		Unchanged: 
 Data sizes:     COMMON   BANK0   BANK1   BANK2   BANK3   BANK4   BANK5   BANK6   BANK7   BANK8   BANK9  BANK10  BANK11  BANK12
      Params:         0       0       0       0       0       0       0       0       0       0       0       0       0       0
      Locals:         0       0       0       0       0       0       0       0       0       0       0       0       0       0
      Temps:          1       0       0       0       0       0       0       0       0       0       0       0       0       0
      Totals:         1       0       0       0       0       0       0       0       0       0       0       0       0       0
Total ram usage:        1 bytes
 Hardware stack levels used:    1
 Hardware stack levels required when called:    2
 This function calls:
		Nothing
 This function is called by:
		_SYSTEM_Initialize
 This function uses a non-reentrant model


 *************** function _INTERRUPT_InterruptManager *****************
 Defined at:
		line 52 in file "mcc_generated_files/interrupt_manager.c"
 Parameters:    Size  Location     Type
		None
 Auto vars:     Size  Location     Type
		None
 Return value:  Size  Location     Type
                  1    wreg      void 
 Registers used:
		wreg, fsr1l, fsr1h, status,2, status,0, pclath, cstack
 Tracked objects:
		On entry : 
		On exit  : 
		Unchanged: 
 Data sizes:     COMMON   BANK0   BANK1   BANK2   BANK3   BANK4   BANK5   BANK6   BANK7   BANK8   BANK9  BANK10  BANK11  BANK12
      Params:         0       0       0       0       0       0       0       0       0       0       0       0       0       0
      Locals:         0       0       0       0       0       0       0       0       0       0       0       0       0       0
      Temps:          0       0       0       0       0       0       0       0       0       0       0       0       0       0
      Totals:         0       0       0       0       0       0       0       0       0       0       0       0       0       0
Total ram usage:        0 bytes
 Hardware stack levels used:    1
 Hardware stack levels required when called:    1
 This function calls:
		_EUSART_Receive_ISR
		_EUSART_Transmit_ISR
 This function is called by:
		Interrupt level 1
 This function uses a non-reentrant model


 *************** function _EUSART_Transmit_ISR *****************
 Defined at:
		line 158 in file "mcc_generated_files/eusart.c"
 Parameters:    Size  Location     Type
		None
 Auto vars:     Size  Location     Type
		None
 Return value:  Size  Location     Type
                  1    wreg      void 
 Registers used:
		wreg, fsr1l, fsr1h, status,2, status,0
 Tracked objects:
		On entry : 
		On exit  : 
		Unchanged: 
 Data sizes:     COMMON   BANK0   BANK1   BANK2   BANK3   BANK4   BANK5   BANK6   BANK7   BANK8   BANK9  BANK10  BANK11  BANK12
      Params:         0       0       0       0       0       0       0       0       0       0       0       0       0       0
      Locals:         0       0       0       0       0       0       0       0       0       0       0       0       0       0
      Temps:          1       0       0       0       0       0       0       0       0       0       0       0       0       0
      Totals:         1       0       0       0       0       0       0       0       0       0       0       0       0       0
Total ram usage:        1 bytes
 Hardware stack levels used:    1
 This function calls:
		Nothing
 This function is called by:
		_INTERRUPT_InterruptManager
 This function uses a non-reentrant model


 *************** function _EUSART_Receive_ISR *****************
 Defined at:
		line 177 in file "mcc_generated_files/eusart.c"
 Parameters:    Size  Location     Type
		None
 Auto vars:     Size  Location     Type
  t8              1    2[COMMON] unsigned char 
 Return value:  Size  Location     Type
                  1    wreg      void 
 Registers used:
		wreg, fsr1l, fsr1h, status,2, status,0
 Tracked objects:
		On entry : 
		On exit  : 
		Unchanged: 
 Data sizes:     COMMON   BANK0   BANK1   BANK2   BANK3   BANK4   BANK5   BANK6   BANK7   BANK8   BANK9  BANK10  BANK11  BANK12
      Params:         0       0       0       0       0       0       0       0       0       0       0       0       0       0
      Locals:         1       0       0       0       0       0       0       0       0       0       0       0       0       0
      Temps:          2       0       0       0       0       0       0       0       0       0       0       0       0       0
      Totals:         3       0       0       0       0       0       0       0       0       0       0       0       0       0
Total ram usage:        3 bytes
 Hardware stack levels used:    1
 This function calls:
		Nothing
 This function is called by:
		_INTERRUPT_InterruptManager
 This function uses a non-reentrant model



MODULE INFORMATION

Module		Function		Class		Link	Load	Size
src/api/iap.c
		_iap_process   		CODE           	020D	0000	108
		_iap_received_package		CODE           	03FE	0000	49
		_decode_xmodem_package		CODE           	0376	0000	74
		_api_write_block		CODE           	0326	0000	81
		_decode_hex_len		CODE           	0082	0000	239

src/api/iap.c estimated size: 551

mcc_generated_files/tmr2.c
		_TMR2_Initialize		CODE           	0547	0000	20
		_TMR2_SetInterruptHandler		CODE           	05AA	0000	7
		_TMR2_StartTimer		CODE           	05BC	0000	4

mcc_generated_files/tmr2.c estimated size: 31

src/app/boot_main.c
		_main          		CODE           	0170	0000	158

src/app/boot_main.c estimated size: 158

mcc_generated_files/interrupt_manager.c
		_INTERRUPT_InterruptManager		CODE           	0004	0000	62

mcc_generated_files/interrupt_manager.c estimated size: 62

mcc_generated_files/pin_manager.c
		_PIN_MANAGER_Initialize		CODE           	03BF	0000	64

mcc_generated_files/pin_manager.c estimated size: 64

src/api/my_uart.c
		_uart_received_start		CODE           	05A4	0000	7
		_uart_send_str 		CODE           	0455	0000	39
		_uart_send_byte		CODE           	058A	0000	15

src/api/my_uart.c estimated size: 61

src/depend/m_string.c
		_m_str_h2b     		CODE           	02D0	0000	87
		_m_mem_set     		CODE           	0509	0000	24
		__chr2hex      		CODE           	042E	0000	40

src/depend/m_string.c estimated size: 151

shared
		_HexTable      		STRCODE        	055A	0000	18
		__initialization		CODE           	0043	0000	60

shared estimated size: 78

mcc_generated_files/mcc.c
		_WDT_Initialize		CODE           	05B5	0000	5
		_OSCILLATOR_Initialize		CODE           	05B0	0000	6
		_SYSTEM_Initialize		CODE           	057B	0000	16

mcc_generated_files/mcc.c estimated size: 27

mcc_generated_files/memory.c
		_FLASH_EraseBlock		CODE           	049E	0000	29
		_FLASH_ReadWord		CODE           	04F0	0000	26
		_FLASH_WriteBlock		CODE           	0278	0000	89

mcc_generated_files/memory.c estimated size: 144

mcc_generated_files/eusart.c
		_EUSART_Transmit_ISR		CODE           	04BA	0000	29
		_EUSART_Initialize		CODE           	04D6	0000	27
		_EUSART_Receive_ISR		CODE           	047B	0000	36

mcc_generated_files/eusart.c estimated size: 92

