Microchip MPLAB XC8 Compiler V1.37 ()

Linker command line:

-W-3 --edf=C:\Program Files (x86)\Microchip\xc8\v1.37\dat\en_msgs.txt -cs \
  -h+dist/default/debug\gasflowSensor.X.debug.sym \
  --cmf=dist/default/debug\gasflowSensor.X.debug.cmf -z -Q16F1575 \
  -oC:\Users\ADMINI~1\AppData\Local\Temp\s2uu4.2 \
  -Mdist/default/debug/gasflowSensor.X.debug.map -E1 -ver=XC8 \
  -ASTACK=02180h-023dfh -pstack=STACK -ACODE=00h-07FFhx3,01800h-01F7Fh \
  -ASTRCODE=00h-01F7Fh -ASTRING=00h-0FFhx31,01F00h-01F7Fh \
  -ACONST=00h-0FFhx31,01F00h-01F7Fh -AENTRY=00h-0FFhx31,01F00h-01F7Fh \
  -ACOMMON=070h-07Fh -ABANK0=020h-06Fh -ABANK1=0A0h-0EFh \
  -ABANK2=0120h-016Fh -ABANK3=01A0h-01EFh -ABANK4=0220h-026Fh \
  -ABANK5=02A0h-02EFh -ABANK6=0320h-036Fh -ABANK7=03A0h-03EFh \
  -ABANK8=0420h-046Fh -ABANK9=04A0h-04EFh -ABANK10=0520h-056Fh \
  -ABANK11=05A0h-05EFh -ABANK12=0620h-063Fh -ABIGRAM=02000h-023DFh \
  -ARAM=020h-06Fh,0A0h-0EFh,0120h-016Fh,01A0h-01EFh,0220h-026Fh,02A0h-02EFh,0320h-036Fh,03A0h-03EFh,0420h-046Fh,04A0h-04EFh,0520h-056Fh,05A0h-05EFh,0620h-063Fh \
  -AABS1=020h-07Fh,0A0h-0EFh,0120h-016Fh,01A0h-01EFh,0220h-026Fh,02A0h-02EFh,0320h-036Fh,03A0h-03EFh,0420h-046Fh,04A0h-04EFh,0520h-056Fh,05A0h-05EFh,0620h-063Fh \
  -ASFR0=00h-01Fh -ASFR1=080h-09Fh -ASFR2=0100h-011Fh -ASFR3=0180h-019Fh \
  -ASFR4=0200h-021Fh -ASFR5=0280h-029Fh -ASFR6=0300h-031Fh \
  -ASFR7=0380h-039Fh -ASFR8=0400h-041Fh -ASFR9=0480h-049Fh \
  -ASFR10=0500h-051Fh -ASFR11=0580h-059Fh -ASFR12=0600h-061Fh \
  -ASFR13=0680h-06EFh -ASFR14=0700h-076Fh -ASFR15=0780h-07EFh \
  -ASFR16=0800h-086Fh -ASFR17=0880h-08EFh -ASFR18=0900h-096Fh \
  -ASFR19=0980h-09EFh -ASFR20=0A00h-0A6Fh -ASFR21=0A80h-0AEFh \
  -ASFR22=0B00h-0B6Fh -ASFR23=0B80h-0BEFh -ASFR24=0C00h-0C6Fh \
  -ASFR25=0C80h-0CEFh -ASFR26=0D00h-0D6Fh -ASFR27=0D80h-0DEFh \
  -ASFR28=0E00h-0E6Fh -ASFR29=0E80h-0EEFh -ASFR30=0F00h-0F6Fh \
  -ASFR31=0F80h-0FEFh -preset_vec=00h,intentry=04h,init,end_init \
  -ppowerup=CODE -pcinit=CODE -pfunctab=CODE -ACONFIG=08007h-08008h \
  -pconfig=CONFIG -DCONFIG=2 -AIDLOC=08000h-08003h -pidloc=IDLOC -DIDLOC=2 \
  -DCODE=2 -DSTRCODE=2 -DSTRING=2 -DCONST=2 -DENTRY=2 -k \
  C:\Users\ADMINI~1\AppData\Local\Temp\s2uu4.obj \
  dist/default/debug\gasflowSensor.X.debug.obj 

Object code version is 3.11

Machine type is 16F1575



                Name                               Link     Load   Length Selector   Space Scale
C:\Users\ADMINI~1\AppData\Local\Temp\s2uu4.obj
                end_init                             50       50        2        8       0
                reset_vec                             0        0        3        0       0
                config                             8007     8007        2    1000E       0
dist/default/debug\gasflowSensor.X.debug.obj
                cinit                                52       52      77E        8       0
                intentry                              4        4       4C        8       0
                text40                              8C5      8C5       13     118A       0
                text28                              8D8      8D8       74     11B0       0
                swtext2                             7D0      7D0       1E      FA0       0
                text14                              C50      C50      3B0     18A0       0
                swtext1                             800      800        C     1000       0
                text10                              A41      A41      20F     1482       0
                text5                               94C      94C       F5     1298       0
                cstackBANK0                          20       20       2D       20       1
                cstackCOMMON                         70       70        C       70       1
                cstackBANK2                         154      154       16      120       1
                inittext                            8B3      8B3        6     1166       0
                clrtext                             8B9      8B9        6     1172       0
                bssBANK4                            220      220       40      220       1
                bssBANK3                            1A0      1A0       40      1A0       1
                bssBANK2                            120      120       34      120       1
                dataBANK1                            D0       D0       10       A0       1
                bssBANK1                             A0       A0       30       A0       1
                dataBANK0                            67       67        6       20       1
                bssBANK0                             4D       4D       1A       20       1
                bssCOMMON                            7C       7C        1       70       1
                idataBANK1                          7EE      7EE       10      FDC       0
                idataBANK0                          8BF      8BF        6     117E       0

TOTAL           Name                               Link     Load   Length     Space
        CLASS   STACK          

        CLASS   CODE           
                end_init                             50       50        2         0
                cinit                                52       52      77E         0
                intentry                              4        4       4C         0
                reset_vec                             0        0        3         0
                text40                              8C5      8C5       13         0
                text28                              8D8      8D8       74         0
                text14                              C50      C50      3B0         0
                text10                              A41      A41      20F         0
                text5                               94C      94C       F5         0
                inittext                            8B3      8B3        6         0
                clrtext                             8B9      8B9        6         0
                idataBANK1                          7EE      7EE       10         0
                idataBANK0                          8BF      8BF        6         0

        CLASS   STRCODE        

        CLASS   STRING         

        CLASS   CONST          
                swtext2                             7D0      7D0       1E         0
                swtext1                             800      800        C         0

        CLASS   ENTRY          

        CLASS   COMMON         
                cstackCOMMON                         70       70        C         1
                bssCOMMON                            7C       7C        1         1

        CLASS   BANK0          
                cstackBANK0                          20       20       2D         1
                dataBANK0                            67       67        6         1
                bssBANK0                             4D       4D       1A         1

        CLASS   BANK1          
                dataBANK1                            D0       D0       10         1
                bssBANK1                             A0       A0       30         1

        CLASS   BANK2          
                cstackBANK2                         154      154       16         1
                bssBANK2                            120      120       34         1

        CLASS   BANK3          
                bssBANK3                            1A0      1A0       40         1

        CLASS   BANK4          
                bssBANK4                            220      220       40         1

        CLASS   BANK5          

        CLASS   BANK6          

        CLASS   BANK7          

        CLASS   BANK8          

        CLASS   BANK9          

        CLASS   BANK10         

        CLASS   BANK11         

        CLASS   BANK12         

        CLASS   BIGRAM         

        CLASS   RAM            

        CLASS   ABS1           
                abs_s1                               7E       7E        2         1

        CLASS   SFR0           

        CLASS   SFR1           

        CLASS   SFR2           

        CLASS   SFR3           

        CLASS   SFR4           

        CLASS   SFR5           

        CLASS   SFR6           

        CLASS   SFR7           

        CLASS   SFR8           

        CLASS   SFR9           

        CLASS   SFR10          

        CLASS   SFR11          

        CLASS   SFR12          

        CLASS   SFR13          

        CLASS   SFR14          

        CLASS   SFR15          

        CLASS   SFR16          

        CLASS   SFR17          

        CLASS   SFR18          

        CLASS   SFR19          

        CLASS   SFR20          

        CLASS   SFR21          

        CLASS   SFR22          

        CLASS   SFR23          

        CLASS   SFR24          

        CLASS   SFR25          

        CLASS   SFR26          

        CLASS   SFR27          

        CLASS   SFR28          

        CLASS   SFR29          

        CLASS   SFR30          

        CLASS   SFR31          

        CLASS   CONFIG         
                config                             8007     8007        2         0

        CLASS   IDLOC          

        CLASS   BANK31         

        CLASS   BANK30         

        CLASS   BANK29         

        CLASS   BANK28         

        CLASS   BANK27         

        CLASS   BANK26         

        CLASS   BANK25         

        CLASS   BANK24         

        CLASS   BANK23         

        CLASS   BANK22         

        CLASS   BANK21         

        CLASS   BANK20         

        CLASS   BANK19         

        CLASS   BANK18         

        CLASS   BANK17         

        CLASS   BANK16         

        CLASS   BANK15         

        CLASS   BANK14         

        CLASS   BANK13         

        CLASS   EEDATA         



SEGMENTS        Name                           Load    Length   Top    Selector   Space  Class     Delta

                reset_vec                      000000  000003  000003         0       0  CODE        2
                intentry                       000004  0007CC  0007D0         8       0  CODE        2
                cstackBANK0                    000020  00004D  00006D        20       1  BANK0       1
                cstackCOMMON                   000070  00000D  00007D        70       1  COMMON      1
                bssBANK1                       0000A0  000040  0000E0        A0       1  BANK1       1
                bssBANK2                       000120  00004A  00016A       120       1  BANK2       1
                bssBANK3                       0001A0  000040  0001E0       1A0       1  BANK3       1
                bssBANK4                       000220  000040  000260       220       1  BANK4       1
                swtext2                        0007D0  00001E  0007EE       FA0       0  CONST       2
                idataBANK1                     0007EE  000010  0007FE       FDC       0  CODE        2
                swtext1                        000800  00000C  00080C      1000       0  CONST       2
                inittext                       0008B3  000006  0008B9      1166       0  CODE        2
                clrtext                        0008B9  000006  0008BF      1172       0  CODE        2
                idataBANK0                     0008BF  000006  0008C5      117E       0  CODE        2
                text40                         0008C5  000013  0008D8      118A       0  CODE        2
                text28                         0008D8  000074  00094C      11B0       0  CODE        2
                text5                          00094C  0000F5  000A41      1298       0  CODE        2
                text10                         000A41  00020F  000C50      1482       0  CODE        2
                text14                         000C50  0003B0  001000      18A0       0  CODE        2
                config                         008007  000002  008009     1000E       0  CONFIG      2


UNUSED ADDRESS RANGES

        Name                Unused          Largest block    Delta
        BANK0            0006D-0006F               3           1
        BANK1            000E0-000EF              10           1
        BANK10           00520-0056F              50           1
        BANK11           005A0-005EF              50           1
        BANK12           00620-0063F              20           1
        BANK2            0016A-0016F               6           1
        BANK3            001E0-001EF              10           1
        BANK4            00260-0026F              10           1
        BANK5            002A0-002EF              50           1
        BANK6            00320-0036F              50           1
        BANK7            003A0-003EF              50           1
        BANK8            00420-0046F              50           1
        BANK9            004A0-004EF              50           1
        BIGRAM           02000-023DF             3E0           1
        CODE             00003-00003               1           2
                         007FE-007FF               2
                         0080C-008B2              A7
                         01000-01F7F             800
        COMMON           0007D-0007D               1           1
        CONST            00003-00003               1           2
                         007FE-007FF               2
                         0080C-008B2              A7
                         01000-01F7F             100
        ENTRY            00003-00003               1           2
                         007FE-007FF               2
                         0080C-008B2              A7
                         01000-01F7F             100
        IDLOC            08000-08003               4           2
        RAM              0006D-0006F               3           1
                         000E0-000EF              10
                         0016A-0016F               6
                         001E0-001EF              10
                         00260-0026F              10
                         002A0-002EF              50
                         00320-0036F              50
                         003A0-003EF              50
                         00420-0046F              50
                         004A0-004EF              50
                         00520-0056F              50
                         005A0-005EF              50
                         00620-0063F              20
        SFR0             00000-0001F              20           1
        SFR1             00080-0009F              20           1
        SFR10            00500-0051F              20           1
        SFR11            00580-0059F              20           1
        SFR12            00600-0061F              20           1
        SFR13            00680-006EF              70           1
        SFR14            00700-0076F              70           1
        SFR15            00780-007EF              70           1
        SFR16            00800-0086F              70           1
        SFR17            00880-008EF              70           1
        SFR18            00900-0096F              70           1
        SFR19            00980-009EF              70           1
        SFR2             00100-0011F              20           1
        SFR20            00A00-00A6F              70           1
        SFR21            00A80-00AEF              70           1
        SFR22            00B00-00B6F              70           1
        SFR23            00B80-00BEF              70           1
        SFR24            00C00-00C6F              70           1
        SFR25            00C80-00CEF              70           1
        SFR26            00D00-00D6F              70           1
        SFR27            00D80-00DEF              70           1
        SFR28            00E00-00E6F              70           1
        SFR29            00E80-00EEF              70           1
        SFR3             00180-0019F              20           1
        SFR30            00F00-00F6F              70           1
        SFR31            00F80-00FEF              70           1
        SFR4             00200-0021F              20           1
        SFR5             00280-0029F              20           1
        SFR6             00300-0031F              20           1
        SFR7             00380-0039F              20           1
        SFR8             00400-0041F              20           1
        SFR9             00480-0049F              20           1
        STACK            02180-023DF             260           1
        STRCODE          00003-00003               1           2
                         007FE-007FF               2
                         0080C-008B2              A7
                         01000-01F7F             F80
        STRING           00003-00003               1           2
                         007FE-007FF               2
                         0080C-008B2              A7
                         01000-01F7F             100

                                  Symbol Table

?___aldiv                                       cstackBANK0  00024
?___awdiv                                       cstackCOMMON 00071
?___lldiv                                       cstackCOMMON 00071
?___lmul                                        cstackCOMMON 00071
?___lwdiv                                       cstackCOMMON 00071
?___wmul                                        cstackCOMMON 00071
?_adc_sample                                    cstackCOMMON 00073
?_cal_rs_simulate_power                         cstackBANK0  00024
?_calc_expect_vout_adc_value                    cstackBANK0  00032
?_calc_temp_rc                                  cstackBANK0  00025
?_calc_temp_rs                                  cstackBANK0  00025
?_crc_sum                                       cstackCOMMON 00071
?_get_idrv_pwm1_duty                            cstackCOMMON 00071
?_get_vout_pwm2_duty                            cstackCOMMON 00071
FLASH_EraseBlock@GIEBitValue                    cstackCOMMON 00073
FLASH_EraseBlock@startAddr                      cstackCOMMON 00071
INTERRUPT_InterruptManager@t8                   cstackCOMMON 00070
PIN_MANAGER_Initialize@state                    cstackCOMMON 00071
PL10                                            cinit        0075E
PL12                                            text14       00FB4
PL14                                            text14       00FBF
PL16                                            cinit        00766
PL18                                            cinit        0076D
PL2                                             cinit        00742
PL20                                            cinit        00773
PL22                                            text14       00FC6
PL24                                            text14       00FCE
PL26                                            cinit        0077C
PL28                                            cinit        00783
PL30                                            cinit        00789
PL32                                            text14       00FFA
PL34                                            cinit        00790
PL36                                            cinit        00796
PL4                                             cinit        0074B
PL6                                             text10       00C31
PL8                                             text10       00C41
TMR2_SetInterruptHandler@InterruptHandler       cstackCOMMON 00071
_ADC1_Initialize                                cinit        001D6
_ADCON0                                         (abs)        0009D
_ADCON0bits                                     (abs)        0009D
_ADCON1                                         (abs)        0009E
_ADCON2                                         (abs)        0009F
_ADRESH                                         (abs)        0009C
_ADRESL                                         (abs)        0009B
_ANSELA                                         (abs)        0018C
_ANSELC                                         (abs)        0018E
_BAUDCON                                        (abs)        0019F
_EUSART_Initialize                              cinit        007C2
_Event                                          bssBANK0     00061
_FLASH_EraseBlock                               cinit        0079B
_FVRCON                                         (abs)        00117
_FVRCONbits                                     (abs)        00117
_FVR_Initialize                                 cinit        001DA
_GIE                                            (abs)        0005F
_INTCONbits                                     (abs)        0000B
_INTERRUPT_InterruptManager                     intentry     00004
_LATA                                           (abs)        0010C
_LATC                                           (abs)        0010E
_ODCONA                                         (abs)        0028C
_ODCONC                                         (abs)        0028E
_OPTION_REGbits                                 (abs)        00095
_OSCCON                                         (abs)        00099
_OSCILLATOR_Initialize                          cinit        001DE
_OSCTUNE                                        (abs)        00098
_PIE1bits                                       (abs)        00091
_PIN_MANAGER_Initialize                         cinit        001E3
_PIR1bits                                       (abs)        00011
_PMADRH                                         (abs)        00192
_PMADRL                                         (abs)        00191
_PMCON1bits                                     (abs)        00195
_PMCON2                                         (abs)        00196
_PMDATH                                         (abs)        00194
_PMDATL                                         (abs)        00193
_PPSLOCK                                        (abs)        00E0F
_PPSLOCKbits                                    (abs)        00E0F
_PR2                                            (abs)        0001B
_PWM1CLKCON                                     (abs)        00D9E
_PWM1CON                                        (abs)        00D9B
_PWM1CONbits                                    (abs)        00D9B
_PWM1DCH                                        (abs)        00D94
_PWM1DCL                                        (abs)        00D93
_PWM1INTE                                       (abs)        00D9C
_PWM1INTF                                       (abs)        00D9D
_PWM1LDCON                                      (abs)        00D9F
_PWM1OFCON                                      (abs)        00DA0
_PWM1OFH                                        (abs)        00D98
_PWM1OFL                                        (abs)        00D97
_PWM1PHH                                        (abs)        00D92
_PWM1PHL                                        (abs)        00D91
_PWM1PRH                                        (abs)        00D96
_PWM1PRL                                        (abs)        00D95
_PWM1TMRH                                       (abs)        00D9A
_PWM1TMRL                                       (abs)        00D99
_PWM1_Initialize                                cinit        0021C
_PWM2CLKCON                                     (abs)        00DAE
_PWM2CON                                        (abs)        00DAB
_PWM2CONbits                                    (abs)        00DAB
_PWM2DCH                                        (abs)        00DA4
_PWM2DCL                                        (abs)        00DA3
_PWM2INTE                                       (abs)        00DAC
_PWM2INTF                                       (abs)        00DAD
_PWM2LDCON                                      (abs)        00DAF
_PWM2OFCON                                      (abs)        00DB0
_PWM2OFH                                        (abs)        00DA8
_PWM2OFL                                        (abs)        00DA7
_PWM2PHH                                        (abs)        00DA2
_PWM2PHL                                        (abs)        00DA1
_PWM2PRH                                        (abs)        00DA6
_PWM2PRL                                        (abs)        00DA5
_PWM2TMRH                                       (abs)        00DAA
_PWM2TMRL                                       (abs)        00DA9
_PWM2_Initialize                                cinit        00234
_PidKp                                          bssBANK0     0004D
_PidTd                                          bssBANK1     000AC
_PidTi                                          bssBANK1     000B0
_RA4PPSbits                                     (abs)        00E94
_RA5PPSbits                                     (abs)        00E95
_RC5PPSbits                                     (abs)        00EA5
_RCREG                                          (abs)        00199
_RCSTA                                          (abs)        0019D
_RCSTAbits                                      (abs)        0019D
_RXPPSbits                                      (abs)        00E15
_SPBRGH                                         (abs)        0019C
_SPBRGL                                         (abs)        0019B
_SYSTEM_Initialize                              cinit        001C5
_T2CON                                          (abs)        0001C
_T2CONbits                                      (abs)        0001C
_TMR2                                           (abs)        0001A
_TMR2_DefaultInterruptHandler                   (abs)        00000
_TMR2_Initialize                                text40       008C5
_TMR2_SetInterruptHandler                       text40       008D4
_TMR2_StartTimer                                text40       008D5
_TRISA                                          (abs)        0008C
_TRISC                                          (abs)        0008E
_TXREG                                          (abs)        0019A
_TXSTA                                          (abs)        0019E
_TXSTAbits                                      (abs)        0019E
_WDTCON                                         (abs)        00097
_WDT_Initialize                                 cinit        0024B
_WPUA                                           (abs)        0020C
_WPUC                                           (abs)        0020E
__CFG_BOREN$ON                                  (abs)        00000
__CFG_BORV$LO                                   (abs)        00000
__CFG_CLKOUTEN$OFF                              (abs)        00000
__CFG_CP$OFF                                    (abs)        00000
__CFG_FOSC$INTOSC                               (abs)        00000
__CFG_LPBOREN$OFF                               (abs)        00000
__CFG_LVP$ON                                    (abs)        00000
__CFG_MCLRE$ON                                  (abs)        00000
__CFG_PLLEN$OFF                                 (abs)        00000
__CFG_PPS1WAY$ON                                (abs)        00000
__CFG_PWRTE$OFF                                 (abs)        00000
__CFG_STVREN$ON                                 (abs)        00000
__CFG_WDTE$OFF                                  (abs)        00000
__CFG_WRT$OFF                                   (abs)        00000
__Habs1                                         abs1         00000
__Hbank0                                        bank0        00000
__Hbank1                                        bank1        00000
__Hbank10                                       bank10       00000
__Hbank11                                       bank11       00000
__Hbank12                                       bank12       00000
__Hbank13                                       bank13       00000
__Hbank14                                       bank14       00000
__Hbank15                                       bank15       00000
__Hbank16                                       bank16       00000
__Hbank17                                       bank17       00000
__Hbank18                                       bank18       00000
__Hbank19                                       bank19       00000
__Hbank2                                        bank2        00000
__Hbank20                                       bank20       00000
__Hbank21                                       bank21       00000
__Hbank22                                       bank22       00000
__Hbank23                                       bank23       00000
__Hbank24                                       bank24       00000
__Hbank25                                       bank25       00000
__Hbank26                                       bank26       00000
__Hbank27                                       bank27       00000
__Hbank28                                       bank28       00000
__Hbank29                                       bank29       00000
__Hbank3                                        bank3        00000
__Hbank30                                       bank30       00000
__Hbank31                                       bank31       00000
__Hbank4                                        bank4        00000
__Hbank5                                        bank5        00000
__Hbank6                                        bank6        00000
__Hbank7                                        bank7        00000
__Hbank8                                        bank8        00000
__Hbank9                                        bank9        00000
__Hbigram                                       bigram       00000
__HbssBANK0                                     bssBANK0     00000
__HbssBANK1                                     bssBANK1     00000
__HbssBANK2                                     bssBANK2     00000
__HbssBANK3                                     bssBANK3     00000
__HbssBANK4                                     bssBANK4     00000
__HbssCOMMON                                    bssCOMMON    00000
__Hcinit                                        cinit        007D0
__Hclrtext                                      clrtext      00000
__Hcode                                         code         00000
__Hcommon                                       common       00000
__Hconfig                                       config       08009
__HcstackBANK0                                  cstackBANK0  00000
__HcstackBANK2                                  cstackBANK2  00000
__HcstackCOMMON                                 cstackCOMMON 00000
__HdataBANK0                                    dataBANK0    00000
__HdataBANK1                                    dataBANK1    00000
__Heeprom_data                                  eeprom_data  00000
__Hend_init                                     end_init     00052
__Hfunctab                                      functab      00000
__HidataBANK0                                   idataBANK0   00000
__HidataBANK1                                   idataBANK1   00000
__Hidloc                                        idloc        00000
__Hinit                                         init         00050
__Hinittext                                     inittext     00000
__Hintentry                                     intentry     00050
__Hmaintext                                     maintext     00000
__Hpa_nodes                                     pa_nodes     00000
__Hpowerup                                      powerup      00000
__Hram                                          ram          00000
__Hreset_vec                                    reset_vec    00003
__Hsfr0                                         sfr0         00000
__Hsfr1                                         sfr1         00000
__Hsfr10                                        sfr10        00000
__Hsfr11                                        sfr11        00000
__Hsfr12                                        sfr12        00000
__Hsfr13                                        sfr13        00000
__Hsfr14                                        sfr14        00000
__Hsfr15                                        sfr15        00000
__Hsfr16                                        sfr16        00000
__Hsfr17                                        sfr17        00000
__Hsfr18                                        sfr18        00000
__Hsfr19                                        sfr19        00000
__Hsfr2                                         sfr2         00000
__Hsfr20                                        sfr20        00000
__Hsfr21                                        sfr21        00000
__Hsfr22                                        sfr22        00000
__Hsfr23                                        sfr23        00000
__Hsfr24                                        sfr24        00000
__Hsfr25                                        sfr25        00000
__Hsfr26                                        sfr26        00000
__Hsfr27                                        sfr27        00000
__Hsfr28                                        sfr28        00000
__Hsfr29                                        sfr29        00000
__Hsfr3                                         sfr3         00000
__Hsfr30                                        sfr30        00000
__Hsfr31                                        sfr31        00000
__Hsfr4                                         sfr4         00000
__Hsfr5                                         sfr5         00000
__Hsfr6                                         sfr6         00000
__Hsfr7                                         sfr7         00000
__Hsfr8                                         sfr8         00000
__Hsfr9                                         sfr9         00000
__Hspace_0                                      (abs)        08009
__Hspace_1                                      (abs)        00260
__Hspace_2                                      (abs)        00000
__Hspace_3                                      (abs)        00000
__Hstack                                        stack        00000
__Hstrings                                      strings      00000
__Htext                                         text         00000
__Labs1                                         abs1         00000
__Lbank0                                        bank0        00000
__Lbank1                                        bank1        00000
__Lbank10                                       bank10       00000
__Lbank11                                       bank11       00000
__Lbank12                                       bank12       00000
__Lbank13                                       bank13       00000
__Lbank14                                       bank14       00000
__Lbank15                                       bank15       00000
__Lbank16                                       bank16       00000
__Lbank17                                       bank17       00000
__Lbank18                                       bank18       00000
__Lbank19                                       bank19       00000
__Lbank2                                        bank2        00000
__Lbank20                                       bank20       00000
__Lbank21                                       bank21       00000
__Lbank22                                       bank22       00000
__Lbank23                                       bank23       00000
__Lbank24                                       bank24       00000
__Lbank25                                       bank25       00000
__Lbank26                                       bank26       00000
__Lbank27                                       bank27       00000
__Lbank28                                       bank28       00000
__Lbank29                                       bank29       00000
__Lbank3                                        bank3        00000
__Lbank30                                       bank30       00000
__Lbank31                                       bank31       00000
__Lbank4                                        bank4        00000
__Lbank5                                        bank5        00000
__Lbank6                                        bank6        00000
__Lbank7                                        bank7        00000
__Lbank8                                        bank8        00000
__Lbank9                                        bank9        00000
__Lbigram                                       bigram       00000
__LbssBANK0                                     bssBANK0     00000
__LbssBANK1                                     bssBANK1     00000
__LbssBANK2                                     bssBANK2     00000
__LbssBANK3                                     bssBANK3     00000
__LbssBANK4                                     bssBANK4     00000
__LbssCOMMON                                    bssCOMMON    00000
__Lcinit                                        cinit        00052
__Lclrtext                                      clrtext      00000
__Lcode                                         code         00000
__Lcommon                                       common       00000
__Lconfig                                       config       08007
__LcstackBANK0                                  cstackBANK0  00000
__LcstackBANK2                                  cstackBANK2  00000
__LcstackCOMMON                                 cstackCOMMON 00000
__LdataBANK0                                    dataBANK0    00000
__LdataBANK1                                    dataBANK1    00000
__Leeprom_data                                  eeprom_data  00000
__Lend_init                                     end_init     00050
__Lfunctab                                      functab      00000
__LidataBANK0                                   idataBANK0   00000
__LidataBANK1                                   idataBANK1   00000
__Lidloc                                        idloc        00000
__Linit                                         init         00050
__Linittext                                     inittext     00000
__Lintentry                                     intentry     00004
__Lmaintext                                     maintext     00000
__Lpa_nodes                                     pa_nodes     00000
__Lpowerup                                      powerup      00000
__Lram                                          ram          00000
__Lreset_vec                                    reset_vec    00000
__Lsfr0                                         sfr0         00000
__Lsfr1                                         sfr1         00000
__Lsfr10                                        sfr10        00000
__Lsfr11                                        sfr11        00000
__Lsfr12                                        sfr12        00000
__Lsfr13                                        sfr13        00000
__Lsfr14                                        sfr14        00000
__Lsfr15                                        sfr15        00000
__Lsfr16                                        sfr16        00000
__Lsfr17                                        sfr17        00000
__Lsfr18                                        sfr18        00000
__Lsfr19                                        sfr19        00000
__Lsfr2                                         sfr2         00000
__Lsfr20                                        sfr20        00000
__Lsfr21                                        sfr21        00000
__Lsfr22                                        sfr22        00000
__Lsfr23                                        sfr23        00000
__Lsfr24                                        sfr24        00000
__Lsfr25                                        sfr25        00000
__Lsfr26                                        sfr26        00000
__Lsfr27                                        sfr27        00000
__Lsfr28                                        sfr28        00000
__Lsfr29                                        sfr29        00000
__Lsfr3                                         sfr3         00000
__Lsfr30                                        sfr30        00000
__Lsfr31                                        sfr31        00000
__Lsfr4                                         sfr4         00000
__Lsfr5                                         sfr5         00000
__Lsfr6                                         sfr6         00000
__Lsfr7                                         sfr7         00000
__Lsfr8                                         sfr8         00000
__Lsfr9                                         sfr9         00000
__Lspace_0                                      (abs)        00000
__Lspace_1                                      (abs)        00000
__Lspace_2                                      (abs)        00000
__Lspace_3                                      (abs)        00000
__Lstack                                        stack        00000
__Lstrings                                      strings      00000
__Ltext                                         text         00000
__S0                                            (abs)        08009
__S1                                            (abs)        00260
__S2                                            (abs)        00000
___aldiv                                        cinit        00572
___aldiv@counter                                cstackBANK0  0002C
___aldiv@dividend                               cstackBANK0  00028
___aldiv@divisor                                cstackBANK0  00024
___aldiv@quotient                               cstackBANK0  0002E
___aldiv@sign                                   cstackBANK0  0002D
___awdiv                                        text5        009C0
___awdiv@counter                                cstackCOMMON 00075
___awdiv@dividend                               cstackCOMMON 00073
___awdiv@divisor                                cstackCOMMON 00071
___awdiv@quotient                               cstackCOMMON 00077
___awdiv@sign                                   cstackCOMMON 00076
___int_sp                                       stack        00000
___latbits                                      (abs)        00002
___lldiv                                        cinit        006A3
___lldiv@counter                                cstackBANK0  00024
___lldiv@dividend                               cstackCOMMON 00075
___lldiv@divisor                                cstackCOMMON 00071
___lldiv@quotient                               cstackBANK0  00020
___lmul                                         cinit        005DE
___lmul@multiplicand                            cstackCOMMON 00075
___lmul@multiplier                              cstackCOMMON 00071
___lmul@product                                 cstackBANK0  00020
___lwdiv                                        text5        00A00
___lwdiv@counter                                cstackCOMMON 00077
___lwdiv@dividend                               cstackCOMMON 00073
___lwdiv@divisor                                cstackCOMMON 00071
___lwdiv@quotient                               cstackCOMMON 00075
___sp                                           stack        00000
___wmul                                         text14       00E93
___wmul@multiplicand                            cstackCOMMON 00073
___wmul@multiplier                              cstackCOMMON 00071
___wmul@product                                 cstackCOMMON 00075
__end_ofPL10                                    cinit        00766
__end_ofPL12                                    text14       00FBF
__end_ofPL14                                    text14       00FC6
__end_ofPL16                                    cinit        0076D
__end_ofPL18                                    cinit        00773
__end_ofPL2                                     cinit        0074B
__end_ofPL20                                    cinit        0077C
__end_ofPL22                                    text14       00FCE
__end_ofPL24                                    text14       00FD3
__end_ofPL26                                    cinit        00783
__end_ofPL28                                    cinit        00789
__end_ofPL30                                    cinit        00790
__end_ofPL32                                    text14       01000
__end_ofPL34                                    cinit        00796
__end_ofPL36                                    cinit        0079B
__end_ofPL4                                     cinit        0075E
__end_ofPL6                                     text10       00C41
__end_ofPL8                                     text10       00C50
__end_of_ADC1_Initialize                        cinit        001DA
__end_of_EUSART_Initialize                      cinit        007D0
__end_of_FLASH_EraseBlock                       cinit        007B4
__end_of_FVR_Initialize                         cinit        001DE
__end_of_INTERRUPT_InterruptManager             intentry     00050
__end_of_OSCILLATOR_Initialize                  cinit        001E3
__end_of_PIN_MANAGER_Initialize                 cinit        0021C
__end_of_PWM1_Initialize                        cinit        00234
__end_of_PWM2_Initialize                        cinit        0024B
__end_of_SYSTEM_Initialize                      cinit        001D6
__end_of_TMR2_Initialize                        text40       008D4
__end_of_TMR2_SetInterruptHandler               text40       008D5
__end_of_TMR2_StartTimer                        text40       008D8
__end_of_WDT_Initialize                         cinit        0024E
__end_of___aldiv                                cinit        005DE
__end_of___awdiv                                text5        00A00
__end_of___lldiv                                cinit        006E2
__end_of___lmul                                 cinit        00606
__end_of___lwdiv                                text5        00A25
__end_of___wmul                                 text14       00EA8
__end_of__initialization                        cinit        00093
__end_of_adc_init                               cinit        0025D
__end_of_adc_sample                             cinit        001C5
__end_of_cal_rs_simulate_power                  cinit        002C9
__end_of_calc_expect_vout_adc_value             cinit        0039F
__end_of_calc_temp_rc                           cinit        006A3
__end_of_calc_temp_rs                           text28       0094C
__end_of_crc_append                             cinit        00737
__end_of_crc_sum                                text14       00F0B
__end_of_crc_verify                             text14       00ED5
__end_of_fvr_set_gain                           cinit        0026E
__end_of_getRegisterVal                         text14       00D9B
__end_of_get_idrv_pwm1_duty                     text10       00C31
__end_of_get_vout_pwm2_duty                     text5        00A41
__end_of_m_mem_cpy_len                          cinit        006FD
__end_of_main                                   cinit        0018D
__end_of_modbus_response_command                text14       00CEF
__end_of_modbus_response_illgeal_function       text14       00FFA
__end_of_modbus_response_process                text14       00C7F
__end_of_modbus_response_write_single_register  text14       00E24
__end_of_my_flash_read_system_erase             cinit        00742
__end_of_my_flash_system_read                   text14       00F3A
__end_of_my_flash_system_write                  text14       00FB4
__end_of_pid_pwm1_idrv_b_b                      cinit        00572
__end_of_pid_pwm1_idrv_run                      text10       00C15
__end_of_pid_pwm2_vout_run                      text5        009C0
__end_of_set_idrv_pwm1_duty                     text10       00C2A
__end_of_set_vout_pwm2_duty                     text5        00A3A
__end_of_sys_data_init                          text14       00E93
__end_of_sys_data_save                          cinit        00708
__end_of_uart_received_start                    cinit        007C2
__end_of_uart_send_len                          text14       00E42
__initialization                                cinit        00052
__pbssBANK0                                     bssBANK0     0004D
__pbssBANK1                                     bssBANK1     000A0
__pbssBANK2                                     bssBANK2     00120
__pbssBANK3                                     bssBANK3     001A0
__pbssBANK4                                     bssBANK4     00220
__pbssCOMMON                                    bssCOMMON    0007C
__pcstackBANK0                                  cstackBANK0  00020
__pcstackBANK2                                  cstackBANK2  00154
__pcstackCOMMON                                 cstackCOMMON 00070
__pdataBANK0                                    dataBANK0    00067
__pdataBANK1                                    dataBANK1    000D0
__pidataBANK0                                   idataBANK0   008BF
__pidataBANK1                                   idataBANK1   007EE
__pintentry                                     intentry     00004
__pmaintext                                     cinit        00096
__pswtext1                                      swtext1      00800
__pswtext2                                      swtext2      007D0
__ptext1                                        cinit        007B4
__ptext10                                       text10       00A41
__ptext11                                       cinit        0039F
__ptext12                                       text10       00C15
__ptext13                                       text10       00C2A
__ptext14                                       text14       00C50
__ptext15                                       text14       00D9B
__ptext16                                       cinit        006FD
__ptext17                                       text14       00F3A
__ptext18                                       cinit        00737
__ptext19                                       cinit        0079B
__ptext2                                        text14       00E42
__ptext20                                       text14       00FD3
__ptext21                                       text14       00C7F
__ptext22                                       text14       00E24
__ptext23                                       text14       00CEF
__ptext24                                       cinit        00708
__ptext25                                       text14       00EA8
__ptext26                                       cinit        006E2
__ptext27                                       text14       00ED5
__ptext28                                       text28       008D8
__ptext29                                       cinit        00606
__ptext3                                        text14       00F0B
__ptext30                                       cinit        006A3
__ptext31                                       cinit        002C9
__ptext32                                       cinit        00572
__ptext33                                       cinit        0026E
__ptext34                                       cinit        005DE
__ptext35                                       cinit        0018D
__ptext36                                       cinit        0025D
__ptext37                                       cinit        0024E
__ptext38                                       cinit        001C5
__ptext39                                       cinit        0024B
__ptext4                                        text14       00E93
__ptext40                                       text40       008C5
__ptext41                                       text40       008D5
__ptext42                                       text40       008D4
__ptext43                                       cinit        00234
__ptext44                                       cinit        0021C
__ptext45                                       cinit        001E3
__ptext46                                       cinit        001DE
__ptext47                                       cinit        001DA
__ptext48                                       cinit        007C2
__ptext49                                       cinit        001D6
__ptext5                                        text5        0094C
__ptext6                                        text5        00A25
__ptext7                                        text5        00A3A
__ptext8                                        text5        00A00
__ptext9                                        text5        009C0
__size_of_ADC1_Initialize                       (abs)        00000
__size_of_EUSART_Initialize                     (abs)        00000
__size_of_FLASH_EraseBlock                      (abs)        00000
__size_of_FVR_Initialize                        (abs)        00000
__size_of_INTERRUPT_InterruptManager            (abs)        00000
__size_of_OSCILLATOR_Initialize                 (abs)        00000
__size_of_PIN_MANAGER_Initialize                (abs)        00000
__size_of_PWM1_Initialize                       (abs)        00000
__size_of_PWM2_Initialize                       (abs)        00000
__size_of_SYSTEM_Initialize                     (abs)        00000
__size_of_TMR2_Initialize                       (abs)        00000
__size_of_TMR2_SetInterruptHandler              (abs)        00000
__size_of_TMR2_StartTimer                       (abs)        00000
__size_of_WDT_Initialize                        (abs)        00000
__size_of___aldiv                               (abs)        00000
__size_of___awdiv                               (abs)        00000
__size_of___lldiv                               (abs)        00000
__size_of___lmul                                (abs)        00000
__size_of___lwdiv                               (abs)        00000
__size_of___wmul                                (abs)        00000
__size_of_adc_init                              (abs)        00000
__size_of_adc_sample                            (abs)        00000
__size_of_cal_rs_simulate_power                 (abs)        00000
__size_of_calc_expect_vout_adc_value            (abs)        00000
__size_of_calc_temp_rc                          (abs)        00000
__size_of_calc_temp_rs                          (abs)        00000
__size_of_crc_append                            (abs)        00000
__size_of_crc_sum                               (abs)        00000
__size_of_crc_verify                            (abs)        00000
__size_of_fvr_set_gain                          (abs)        00000
__size_of_getRegisterVal                        (abs)        00000
__size_of_get_idrv_pwm1_duty                    (abs)        00000
__size_of_get_vout_pwm2_duty                    (abs)        00000
__size_of_m_mem_cpy_len                         (abs)        00000
__size_of_main                                  (abs)        00000
__size_of_modbus_response_command               (abs)        00000
__size_of_modbus_response_illgeal_function      (abs)        00000
__size_of_modbus_response_process               (abs)        00000
__size_of_modbus_response_write_single_register (abs)        00000
__size_of_my_flash_read_system_erase            (abs)        00000
__size_of_my_flash_system_read                  (abs)        00000
__size_of_my_flash_system_write                 (abs)        00000
__size_of_pid_pwm1_idrv_b_b                     (abs)        00000
__size_of_pid_pwm1_idrv_run                     (abs)        00000
__size_of_pid_pwm2_vout_run                     (abs)        00000
__size_of_set_idrv_pwm1_duty                    (abs)        00000
__size_of_set_vout_pwm2_duty                    (abs)        00000
__size_of_sys_data_init                         (abs)        00000
__size_of_sys_data_save                         (abs)        00000
__size_of_uart_received_start                   (abs)        00000
__size_of_uart_send_len                         (abs)        00000
_adc_init                                       cinit        0024E
_adc_sample                                     cinit        0018D
_bbku                                           bssBANK1     000B4
_bbmax                                          dataBANK1    000D0
_bbmin                                          dataBANK1    000D4
_bbt0                                           bssBANK1     000B8
_bbt1                                           bssBANK1     000BC
_bbta                                           bssBANK1     000C0
_bbtu                                           bssBANK1     000C4
_bbu                                            bssBANK1     000C8
_cal_rs_simulate_power                          cinit        0026E
_calc_expect_vout_adc_value                     cinit        002C9
_calc_temp_rc                                   cinit        00606
_calc_temp_rs                                   text28       008D8
_crc_append                                     cinit        00708
_crc_sum                                        text14       00ED5
_crc_verify                                     text14       00EA8
_err                                            bssBANK1     000A0
_eusartRxBuffer                                 bssBANK3     001A0
_eusartRxCount                                  bssCOMMON    0007C
_eusartRxIdleTime_ms                            bssBANK0     00062
_fvr_set_gain                                   cinit        0025D
_getRegisterVal                                 text14       00CEF
_get_idrv_pwm1_duty                             text10       00C2A
_get_vout_pwm2_duty                             text5        00A3A
_globalTicker                                   bssBANK1     000CC
_m_mem_cpy_len                                  cinit        006E2
_main                                           cinit        00096
_modbusBuf                                      bssBANK4     00220
_modbus_response_command                        text14       00C7F
_modbus_response_illgeal_function               text14       00FD3
_modbus_response_process                        text14       00C50
_modbus_response_write_single_register          text14       00D9B
_my_flash_read_system_erase                     cinit        00737
_my_flash_system_read                           text14       00F0B
_my_flash_system_write                          text14       00F3A
_pidBbSm                                        bssBANK0     00063
_pidTestNum                                     bssBANK0     00064
_pidU                                           dataBANK1    000D8
_pid_pwm1_idrv_b_b                              cinit        0039F
_pid_pwm1_idrv_run                              text10       00A41
_pid_pwm1_idrv_run$2201                         cstackBANK2  00160
_pid_pwm2_vout_run                              text5        0094C
_pwm2DutyForVout                                dataBANK0    0006B
_pwm2Ei                                         bssBANK0     00051
_resRc                                          dataBANK0    00067
_resRs                                          dataBANK1    000DC
_rsSimPower                                     bssBANK0     00053
_rtAdcValueRcHi                                 bssBANK0     00055
_rtAdcValueRcLo                                 bssBANK0     00057
_rtAdcValueRsHi                                 bssBANK0     00059
_rtAdcValueRsLo                                 bssBANK0     0005B
_rtAdcValueVoFb                                 bssBANK0     0005D
_set_idrv_pwm1_duty                             text10       00C15
_set_vout_pwm2_duty                             text5        00A25
_subTickerX                                     bssBANK0     00065
_subTickerX_1s                                  bssBANK0     00066
_sysData                                        bssBANK2     00120
_sys_data_init                                  text14       00E42
_sys_data_save                                  cinit        006FD
_uart_received_start                            cinit        007B4
_uart_send_len                                  text14       00E24
_voExpectAdcValue                               bssBANK0     0005F
adc_init@ch                                     cstackCOMMON 00072
adc_sample@ch                                   cstackCOMMON 00076
adc_sample@gfvr                                 cstackCOMMON 00073
adc_sample@i                                    cstackCOMMON 00079
adc_sample@num                                  cstackCOMMON 00074
adc_sample@ret                                  cstackCOMMON 00077
adc_sample@t16                                  cstackCOMMON 0007A
btemp                                           (abs)        0007E
cal_rs_simulate_power@t16                       cstackBANK0  0002A
cal_rs_simulate_power@t32                       cstackBANK0  00026
calc_expect_vout_adc_value@i                    cstackBANK0  0004C
calc_expect_vout_adc_value@t32                  cstackBANK0  00048
calc_expect_vout_adc_value@x                    cstackBANK0  00032
calc_expect_vout_adc_value@x0                   cstackBANK0  00044
calc_expect_vout_adc_value@x1                   cstackBANK0  0003C
calc_expect_vout_adc_value@y0                   cstackBANK0  00040
calc_expect_vout_adc_value@y1                   cstackBANK0  00038
calc_temp_rc@x                                  cstackBANK0  0002D
calc_temp_rc@y                                  cstackBANK0  00031
calc_temp_rs@x                                  cstackBANK0  00029
calc_temp_rs@y                                  cstackBANK0  0002D
clear_ram0                                      clrtext      008B9
crc_append@crc                                  cstackBANK0  00029
crc_append@message                              cstackBANK0  00020
crc_append@n                                    cstackBANK0  00022
crc_sum@buf                                     cstackCOMMON 00071
crc_sum@crc                                     cstackCOMMON 00079
crc_sum@i                                       cstackCOMMON 00077
crc_sum@j                                       cstackCOMMON 00075
crc_sum@len                                     cstackCOMMON 00073
crc_verify@crccal                               cstackBANK0  00024
crc_verify@expected                             cstackBANK0  00026
crc_verify@message                              cstackBANK0  00020
crc_verify@n                                    cstackBANK0  00022
end_of_initialization                           cinit        00093
fvr_set_gain@g                                  cstackCOMMON 00072
fvr_set_gain@t8                                 cstackCOMMON 00071
getRegisterVal@addr                             cstackCOMMON 00071
getRegisterVal@tempAddr                         cstackCOMMON 00078
getRegisterVal@tempData                         cstackCOMMON 00073
init_ram                                        inittext     008B3
int$flags                                       (abs)        0007E
intlevel0                                       functab      00000
intlevel1                                       functab      00000
intlevel2                                       functab      00000
intlevel3                                       functab      00000
intlevel4                                       functab      00000
intlevel5                                       functab      00000
ltemp                                           (abs)        0007E
ltemp0                                          (abs)        0007E
ltemp1                                          (abs)        00082
ltemp2                                          (abs)        00086
ltemp3                                          (abs)        00080
m_mem_cpy_len@d                                 cstackCOMMON 00071
m_mem_cpy_len@len                               cstackCOMMON 00075
m_mem_cpy_len@s                                 cstackCOMMON 00073
modbus_response_command@i                       cstackBANK0  0002F
modbus_response_command@len                     cstackBANK0  00031
modbus_response_command@pmdbs                   cstackBANK0  00030
modbus_response_command@rbuf                    cstackBANK0  00032
modbus_response_command@startAddr               cstackBANK0  0002D
modbus_response_command@tempData                cstackBANK0  00033
modbus_response_command@tmpAddr                 cstackBANK0  0002B
modbus_response_illgeal_function@buf            cstackBANK0  0002C
modbus_response_illgeal_function@errcode        cstackBANK0  0002B
modbus_response_illgeal_function@pmdbs          cstackBANK0  0002D
modbus_response_process@pmdbs                   cstackBANK0  00037
modbus_response_process@rbuf                    cstackBANK0  00038
modbus_response_process@rlen                    cstackBANK0  00035
modbus_response_write_single_register@fiSave    cstackBANK0  00030
modbus_response_write_single_register@pmdbs     cstackBANK0  00031
modbus_response_write_single_register@rbuf      cstackBANK0  00034
modbus_response_write_single_register@startAddr cstackBANK0  00032
modbus_response_write_single_register@t16       cstackBANK0  0002E
my_flash_system_read@GIEBitValue                cstackCOMMON 00074
my_flash_system_read@buf                        cstackCOMMON 00075
my_flash_system_read@flashAddr                  cstackCOMMON 00078
my_flash_system_read@i                          cstackCOMMON 00076
my_flash_system_read@len                        cstackCOMMON 00071
my_flash_system_write@GIEBitValue               cstackBANK0  00022
my_flash_system_write@blocNum                   cstackBANK0  00023
my_flash_system_write@buf                       cstackBANK0  00025
my_flash_system_write@flashAddr                 cstackBANK0  00028
my_flash_system_write@i                         cstackBANK0  0002A
my_flash_system_write@j                         cstackBANK0  00020
my_flash_system_write@len                       cstackCOMMON 00071
my_flash_system_write@loc                       cstackBANK0  00026
pid_pwm1_idrv_b_b@t32                           cstackBANK0  00032
pid_pwm1_idrv_run@ed                            cstackBANK2  0015C
pid_pwm1_idrv_run@ei                            cstackBANK2  00158
pid_pwm1_idrv_run@ep                            cstackBANK2  00154
pid_pwm1_idrv_run@t16                           cstackBANK2  00164
pid_pwm1_idrv_run@t32                           cstackBANK2  00166
pid_pwm2_vout_run@ei                            cstackBANK0  00020
pid_pwm2_vout_run@t16                           cstackBANK0  00022
reset_vec                                       reset_vec    00000
set_idrv_pwm1_duty@duty                         cstackCOMMON 00073
set_idrv_pwm1_duty@t16                          cstackCOMMON 00075
set_vout_pwm2_duty@duty                         cstackCOMMON 00073
set_vout_pwm2_duty@t16                          cstackCOMMON 00075
stackhi                                         (abs)        023DF
stacklo                                         (abs)        02180
start                                           init         00050
start_initialization                            cinit        00052
sys_data_init@i                                 cstackBANK0  0002E
sys_data_init@ret                               cstackBANK0  0002C
ttemp                                           (abs)        0007E
ttemp0                                          (abs)        0007E
ttemp1                                          (abs)        00081
ttemp2                                          (abs)        00084
ttemp3                                          (abs)        00087
ttemp4                                          (abs)        0007F
uart_send_len@buf                               cstackCOMMON 00073
uart_send_len@i                                 cstackCOMMON 00074
uart_send_len@len                               cstackCOMMON 00071
wtemp                                           (abs)        0007E
wtemp0                                          (abs)        0007E
wtemp1                                          (abs)        00080
wtemp2                                          (abs)        00082
wtemp3                                          (abs)        00084
wtemp4                                          (abs)        00086
wtemp5                                          (abs)        00088
wtemp6                                          (abs)        0007F


FUNCTION INFORMATION:

 *************** function _main *****************
 Defined at:
		line 17 in file "src/app/main.c"
 Parameters:    Size  Location     Type
		None
 Auto vars:     Size  Location     Type
		None
 Return value:  Size  Location     Type
                  1    wreg      void 
 Registers used:
		wreg, fsr0l, fsr0h, fsr1l, fsr1h, status,2, status,0, pclath, cstack
 Tracked objects:
		On entry : 
		On exit  : 
		Unchanged: 
 Data sizes:     COMMON   BANK0   BANK1   BANK2   BANK3   BANK4   BANK5   BANK6   BANK7   BANK8   BANK9  BANK10  BANK11  BANK12
      Params:         0       0       0       0       0       0       0       0       0       0       0       0       0       0
      Locals:         0       0       0       0       0       0       0       0       0       0       0       0       0       0
      Temps:          0       0       0       0       0       0       0       0       0       0       0       0       0       0
      Totals:         0       0       0       0       0       0       0       0       0       0       0       0       0       0
Total ram usage:        0 bytes
 Hardware stack levels required when called:    6
 This function calls:
		_SYSTEM_Initialize
		_adc_sample
		_cal_rs_simulate_power
		_calc_expect_vout_adc_value
		_calc_temp_rc
		_calc_temp_rs
		_m_mem_cpy_len
		_modbus_response_process
		_pid_pwm1_idrv_b_b
		_pid_pwm1_idrv_run
		_pid_pwm2_vout_run
		_set_vout_pwm2_duty
		_sys_data_init
		_sys_data_save
		_uart_received_start
 This function is called by:
		Startup code after reset
 This function uses a non-reentrant model


 *************** function _uart_received_start *****************
 Defined at:
		line 49 in file "src/api/my_uart.c"
 Parameters:    Size  Location     Type
		None
 Auto vars:     Size  Location     Type
		None
 Return value:  Size  Location     Type
                  1    wreg      void 
 Registers used:
		status,2
 Tracked objects:
		On entry : 
		On exit  : 
		Unchanged: 
 Data sizes:     COMMON   BANK0   BANK1   BANK2   BANK3   BANK4   BANK5   BANK6   BANK7   BANK8   BANK9  BANK10  BANK11  BANK12
      Params:         0       0       0       0       0       0       0       0       0       0       0       0       0       0
      Locals:         0       0       0       0       0       0       0       0       0       0       0       0       0       0
      Temps:          0       0       0       0       0       0       0       0       0       0       0       0       0       0
      Totals:         0       0       0       0       0       0       0       0       0       0       0       0       0       0
Total ram usage:        0 bytes
 Hardware stack levels used:    1
 Hardware stack levels required when called:    1
 This function calls:
		Nothing
 This function is called by:
		_main
 This function uses a non-reentrant model


 *************** function _sys_data_init *****************
 Defined at:
		line 87 in file "src/api/sysData.c"
 Parameters:    Size  Location     Type
		None
 Auto vars:     Size  Location     Type
  i               2   14[BANK0 ] unsigned int 
  ret             2   12[BANK0 ] unsigned int 
 Return value:  Size  Location     Type
                  2  748[None  ] unsigned int 
 Registers used:
		wreg, fsr1l, fsr1h, status,2, status,0, pclath, cstack
 Tracked objects:
		On entry : 
		On exit  : 
		Unchanged: 
 Data sizes:     COMMON   BANK0   BANK1   BANK2   BANK3   BANK4   BANK5   BANK6   BANK7   BANK8   BANK9  BANK10  BANK11  BANK12
      Params:         0       0       0       0       0       0       0       0       0       0       0       0       0       0
      Locals:         0       4       0       0       0       0       0       0       0       0       0       0       0       0
      Temps:          0       0       0       0       0       0       0       0       0       0       0       0       0       0
      Totals:         0       4       0       0       0       0       0       0       0       0       0       0       0       0
Total ram usage:        4 bytes
 Hardware stack levels used:    1
 Hardware stack levels required when called:    3
 This function calls:
		___wmul
		_crc_append
		_crc_verify
		_my_flash_read_system_erase
		_my_flash_system_read
		_my_flash_system_write
 This function is called by:
		_main
 This function uses a non-reentrant model


 *************** function _my_flash_system_read *****************
 Defined at:
		line 14 in file "src/api/sysData.c"
 Parameters:    Size  Location     Type
  buf             1    wreg     PTR unsigned char 
		 -> sysData(52), 
  len             2    1[COMMON] unsigned int 
 Auto vars:     Size  Location     Type
  buf             1    5[COMMON] PTR unsigned char 
		 -> sysData(52), 
  flashAddr       2    8[COMMON] unsigned int 
  i               2    6[COMMON] unsigned int 
  GIEBitValue     1    4[COMMON] unsigned char 
 Return value:  Size  Location     Type
                  1    wreg      void 
 Registers used:
		wreg, fsr1l, fsr1h, status,2, status,0
 Tracked objects:
		On entry : 
		On exit  : 
		Unchanged: 
 Data sizes:     COMMON   BANK0   BANK1   BANK2   BANK3   BANK4   BANK5   BANK6   BANK7   BANK8   BANK9  BANK10  BANK11  BANK12
      Params:         2       0       0       0       0       0       0       0       0       0       0       0       0       0
      Locals:         6       0       0       0       0       0       0       0       0       0       0       0       0       0
      Temps:          1       0       0       0       0       0       0       0       0       0       0       0       0       0
      Totals:         9       0       0       0       0       0       0       0       0       0       0       0       0       0
Total ram usage:        9 bytes
 Hardware stack levels used:    1
 Hardware stack levels required when called:    1
 This function calls:
		Nothing
 This function is called by:
		_sys_data_init
 This function uses a non-reentrant model


 *************** function ___wmul *****************
 Defined at:
		line 15 in file "C:\Program Files (x86)\Microchip\xc8\v1.37\sources\common\Umul16.c"
 Parameters:    Size  Location     Type
  multiplier      2    1[COMMON] unsigned int 
  multiplicand    2    3[COMMON] unsigned int 
 Auto vars:     Size  Location     Type
  product         2    5[COMMON] unsigned int 
 Return value:  Size  Location     Type
                  2    1[COMMON] unsigned int 
 Registers used:
		wreg, status,2, status,0
 Tracked objects:
		On entry : 
		On exit  : 
		Unchanged: 
 Data sizes:     COMMON   BANK0   BANK1   BANK2   BANK3   BANK4   BANK5   BANK6   BANK7   BANK8   BANK9  BANK10  BANK11  BANK12
      Params:         4       0       0       0       0       0       0       0       0       0       0       0       0       0
      Locals:         2       0       0       0       0       0       0       0       0       0       0       0       0       0
      Temps:          0       0       0       0       0       0       0       0       0       0       0       0       0       0
      Totals:         6       0       0       0       0       0       0       0       0       0       0       0       0       0
Total ram usage:        6 bytes
 Hardware stack levels used:    1
 Hardware stack levels required when called:    1
 This function calls:
		Nothing
 This function is called by:
		_sys_data_init
 This function uses a non-reentrant model


 *************** function _pid_pwm2_vout_run *****************
 Defined at:
		line 306 in file "src/api/sample.c"
 Parameters:    Size  Location     Type
		None
 Auto vars:     Size  Location     Type
  t16             2    2[BANK0 ] int 
  ei              2    0[BANK0 ] int 
 Return value:  Size  Location     Type
                  1    wreg      void 
 Registers used:
		wreg, status,2, status,0, pclath, cstack
 Tracked objects:
		On entry : 
		On exit  : 
		Unchanged: 
 Data sizes:     COMMON   BANK0   BANK1   BANK2   BANK3   BANK4   BANK5   BANK6   BANK7   BANK8   BANK9  BANK10  BANK11  BANK12
      Params:         0       0       0       0       0       0       0       0       0       0       0       0       0       0
      Locals:         0       4       0       0       0       0       0       0       0       0       0       0       0       0
      Temps:          1       0       0       0       0       0       0       0       0       0       0       0       0       0
      Totals:         1       4       0       0       0       0       0       0       0       0       0       0       0       0
Total ram usage:        5 bytes
 Hardware stack levels used:    1
 Hardware stack levels required when called:    3
 This function calls:
		___awdiv
		___lwdiv
		_set_vout_pwm2_duty
 This function is called by:
		_main
 This function uses a non-reentrant model


 *************** function _set_vout_pwm2_duty *****************
 Defined at:
		line 62 in file "src/api/sample.c"
 Parameters:    Size  Location     Type
  duty            2    3[COMMON] unsigned int 
 Auto vars:     Size  Location     Type
  t16             2    5[COMMON] unsigned int 
 Return value:  Size  Location     Type
                  1    wreg      void 
 Registers used:
		wreg, pclath, cstack
 Tracked objects:
		On entry : 
		On exit  : 
		Unchanged: 
 Data sizes:     COMMON   BANK0   BANK1   BANK2   BANK3   BANK4   BANK5   BANK6   BANK7   BANK8   BANK9  BANK10  BANK11  BANK12
      Params:         2       0       0       0       0       0       0       0       0       0       0       0       0       0
      Locals:         2       0       0       0       0       0       0       0       0       0       0       0       0       0
      Temps:          0       0       0       0       0       0       0       0       0       0       0       0       0       0
      Totals:         4       0       0       0       0       0       0       0       0       0       0       0       0       0
Total ram usage:        4 bytes
 Hardware stack levels used:    1
 Hardware stack levels required when called:    2
 This function calls:
		_get_vout_pwm2_duty
 This function is called by:
		_pid_pwm2_vout_run
		_main
 This function uses a non-reentrant model


 *************** function _get_vout_pwm2_duty *****************
 Defined at:
		line 57 in file "src/api/sample.c"
 Parameters:    Size  Location     Type
		None
 Auto vars:     Size  Location     Type
		None
 Return value:  Size  Location     Type
                  2    1[COMMON] unsigned int 
 Registers used:
		wreg
 Tracked objects:
		On entry : 
		On exit  : 
		Unchanged: 
 Data sizes:     COMMON   BANK0   BANK1   BANK2   BANK3   BANK4   BANK5   BANK6   BANK7   BANK8   BANK9  BANK10  BANK11  BANK12
      Params:         2       0       0       0       0       0       0       0       0       0       0       0       0       0
      Locals:         0       0       0       0       0       0       0       0       0       0       0       0       0       0
      Temps:          0       0       0       0       0       0       0       0       0       0       0       0       0       0
[...]
 This function uses a non-reentrant model


 *************** function _TMR2_Initialize *****************
 Defined at:
		line 63 in file "mcc_generated_files/tmr2.c"
 Parameters:    Size  Location     Type
		None
 Auto vars:     Size  Location     Type
		None
 Return value:  Size  Location     Type
                  1    wreg      void 
 Registers used:
		wreg, status,2, status,0, pclath, cstack
 Tracked objects:
		On entry : 
		On exit  : 
		Unchanged: 
 Data sizes:     COMMON   BANK0   BANK1   BANK2   BANK3   BANK4   BANK5   BANK6   BANK7   BANK8   BANK9  BANK10  BANK11  BANK12
      Params:         0       0       0       0       0       0       0       0       0       0       0       0       0       0
      Locals:         0       0       0       0       0       0       0       0       0       0       0       0       0       0
      Temps:          0       0       0       0       0       0       0       0       0       0       0       0       0       0
      Totals:         0       0       0       0       0       0       0       0       0       0       0       0       0       0
Total ram usage:        0 bytes
 Hardware stack levels used:    1
 Hardware stack levels required when called:    2
 This function calls:
		_TMR2_SetInterruptHandler
		_TMR2_StartTimer
 This function is called by:
		_SYSTEM_Initialize
 This function uses a non-reentrant model


 *************** function _TMR2_StartTimer *****************
 Defined at:
		line 89 in file "mcc_generated_files/tmr2.c"
 Parameters:    Size  Location     Type
		None
 Auto vars:     Size  Location     Type
		None
 Return value:  Size  Location     Type
                  1    wreg      void 
 Registers used:
		None
 Tracked objects:
		On entry : 
		On exit  : 
		Unchanged: 
 Data sizes:     COMMON   BANK0   BANK1   BANK2   BANK3   BANK4   BANK5   BANK6   BANK7   BANK8   BANK9  BANK10  BANK11  BANK12
      Params:         0       0       0       0       0       0       0       0       0       0       0       0       0       0
      Locals:         0       0       0       0       0       0       0       0       0       0       0       0       0       0
      Temps:          0       0       0       0       0       0       0       0       0       0       0       0       0       0
      Totals:         0       0       0       0       0       0       0       0       0       0       0       0       0       0
Total ram usage:        0 bytes
 Hardware stack levels used:    1
 Hardware stack levels required when called:    1
 This function calls:
		Nothing
 This function is called by:
		_TMR2_Initialize
 This function uses a non-reentrant model


 *************** function _TMR2_SetInterruptHandler *****************
 Defined at:
		line 142 in file "mcc_generated_files/tmr2.c"
 Parameters:    Size  Location     Type
  InterruptHan    2    1[COMMON] PTR FTN()void 
		 -> TMR2_DefaultInterruptHandler(1), 
 Auto vars:     Size  Location     Type
		None
 Return value:  Size  Location     Type
                  1    wreg      void 
 Registers used:
		None
 Tracked objects:
		On entry : 
		On exit  : 
		Unchanged: 
 Data sizes:     COMMON   BANK0   BANK1   BANK2   BANK3   BANK4   BANK5   BANK6   BANK7   BANK8   BANK9  BANK10  BANK11  BANK12
      Params:         2       0       0       0       0       0       0       0       0       0       0       0       0       0
      Locals:         0       0       0       0       0       0       0       0       0       0       0       0       0       0
      Temps:          0       0       0       0       0       0       0       0       0       0       0       0       0       0
      Totals:         2       0       0       0       0       0       0       0       0       0       0       0       0       0
Total ram usage:        2 bytes
 Hardware stack levels used:    1
 Hardware stack levels required when called:    1
 This function calls:
		Nothing
 This function is called by:
		_TMR2_Initialize
 This function uses a non-reentrant model


 *************** function _PWM2_Initialize *****************
 Defined at:
		line 58 in file "mcc_generated_files/pwm2.c"
 Parameters:    Size  Location     Type
		None
 Auto vars:     Size  Location     Type
		None
 Return value:  Size  Location     Type
                  1    wreg      void 
 Registers used:
		wreg, status,2
 Tracked objects:
		On entry : 
		On exit  : 
		Unchanged: 
 Data sizes:     COMMON   BANK0   BANK1   BANK2   BANK3   BANK4   BANK5   BANK6   BANK7   BANK8   BANK9  BANK10  BANK11  BANK12
      Params:         0       0       0       0       0       0       0       0       0       0       0       0       0       0
      Locals:         0       0       0       0       0       0       0       0       0       0       0       0       0       0
      Temps:          0       0       0       0       0       0       0       0       0       0       0       0       0       0
      Totals:         0       0       0       0       0       0       0       0       0       0       0       0       0       0
Total ram usage:        0 bytes
 Hardware stack levels used:    1
 Hardware stack levels required when called:    1
 This function calls:
		Nothing
 This function is called by:
		_SYSTEM_Initialize
 This function uses a non-reentrant model


 *************** function _PWM1_Initialize *****************
 Defined at:
		line 58 in file "mcc_generated_files/pwm1.c"
 Parameters:    Size  Location     Type
		None
 Auto vars:     Size  Location     Type
		None
 Return value:  Size  Location     Type
                  1    wreg      void 
 Registers used:
		wreg, status,2
 Tracked objects:
		On entry : 
		On exit  : 
		Unchanged: 
 Data sizes:     COMMON   BANK0   BANK1   BANK2   BANK3   BANK4   BANK5   BANK6   BANK7   BANK8   BANK9  BANK10  BANK11  BANK12
      Params:         0       0       0       0       0       0       0       0       0       0       0       0       0       0
      Locals:         0       0       0       0       0       0       0       0       0       0       0       0       0       0
      Temps:          0       0       0       0       0       0       0       0       0       0       0       0       0       0
      Totals:         0       0       0       0       0       0       0       0       0       0       0       0       0       0
Total ram usage:        0 bytes
 Hardware stack levels used:    1
 Hardware stack levels required when called:    1
 This function calls:
		Nothing
 This function is called by:
		_SYSTEM_Initialize
 This function uses a non-reentrant model


 *************** function _PIN_MANAGER_Initialize *****************
 Defined at:
		line 52 in file "mcc_generated_files/pin_manager.c"
 Parameters:    Size  Location     Type
		None
 Auto vars:     Size  Location     Type
  state           1    1[COMMON] unsigned char 
 Return value:  Size  Location     Type
                  1    wreg      void 
 Registers used:
		wreg, status,2, status,0
 Tracked objects:
		On entry : 
		On exit  : 
		Unchanged: 
 Data sizes:     COMMON   BANK0   BANK1   BANK2   BANK3   BANK4   BANK5   BANK6   BANK7   BANK8   BANK9  BANK10  BANK11  BANK12
      Params:         0       0       0       0       0       0       0       0       0       0       0       0       0       0
      Locals:         1       0       0       0       0       0       0       0       0       0       0       0       0       0
      Temps:          0       0       0       0       0       0       0       0       0       0       0       0       0       0
      Totals:         1       0       0       0       0       0       0       0       0       0       0       0       0       0
Total ram usage:        1 bytes
 Hardware stack levels used:    1
 Hardware stack levels required when called:    1
 This function calls:
		Nothing
 This function is called by:
		_SYSTEM_Initialize
 This function uses a non-reentrant model


 *************** function _OSCILLATOR_Initialize *****************
 Defined at:
		line 82 in file "mcc_generated_files/mcc.c"
 Parameters:    Size  Location     Type
		None
 Auto vars:     Size  Location     Type
		None
 Return value:  Size  Location     Type
                  1    wreg      void 
 Registers used:
		wreg, status,2
 Tracked objects:
		On entry : 
		On exit  : 
		Unchanged: 
 Data sizes:     COMMON   BANK0   BANK1   BANK2   BANK3   BANK4   BANK5   BANK6   BANK7   BANK8   BANK9  BANK10  BANK11  BANK12
      Params:         0       0       0       0       0       0       0       0       0       0       0       0       0       0
      Locals:         0       0       0       0       0       0       0       0       0       0       0       0       0       0
      Temps:          0       0       0       0       0       0       0       0       0       0       0       0       0       0
      Totals:         0       0       0       0       0       0       0       0       0       0       0       0       0       0
Total ram usage:        0 bytes
 Hardware stack levels used:    1
 Hardware stack levels required when called:    1
 This function calls:
		Nothing
 This function is called by:
		_SYSTEM_Initialize
 This function uses a non-reentrant model


 *************** function _FVR_Initialize *****************
 Defined at:
		line 57 in file "mcc_generated_files/fvr.c"
 Parameters:    Size  Location     Type
		None
 Auto vars:     Size  Location     Type
		None
 Return value:  Size  Location     Type
                  1    wreg      void 
 Registers used:
		wreg
 Tracked objects:
		On entry : 
		On exit  : 
		Unchanged: 
 Data sizes:     COMMON   BANK0   BANK1   BANK2   BANK3   BANK4   BANK5   BANK6   BANK7   BANK8   BANK9  BANK10  BANK11  BANK12
      Params:         0       0       0       0       0       0       0       0       0       0       0       0       0       0
      Locals:         0       0       0       0       0       0       0       0       0       0       0       0       0       0
      Temps:          0       0       0       0       0       0       0       0       0       0       0       0       0       0
      Totals:         0       0       0       0       0       0       0       0       0       0       0       0       0       0
Total ram usage:        0 bytes
 Hardware stack levels used:    1
 Hardware stack levels required when called:    1
 This function calls:
		Nothing
 This function is called by:
		_SYSTEM_Initialize
 This function uses a non-reentrant model


 *************** function _EUSART_Initialize *****************
 Defined at:
		line 55 in file "mcc_generated_files/eusart.c"
 Parameters:    Size  Location     Type
		None
 Auto vars:     Size  Location     Type
		None
 Return value:  Size  Location     Type
                  1    wreg      void 
 Registers used:
		wreg
 Tracked objects:
		On entry : 
		On exit  : 
		Unchanged: 
 Data sizes:     COMMON   BANK0   BANK1   BANK2   BANK3   BANK4   BANK5   BANK6   BANK7   BANK8   BANK9  BANK10  BANK11  BANK12
      Params:         0       0       0       0       0       0       0       0       0       0       0       0       0       0
      Locals:         0       0       0       0       0       0       0       0       0       0       0       0       0       0
      Temps:          0       0       0       0       0       0       0       0       0       0       0       0       0       0
      Totals:         0       0       0       0       0       0       0       0       0       0       0       0       0       0
Total ram usage:        0 bytes
 Hardware stack levels used:    1
 Hardware stack levels required when called:    1
 This function calls:
		Nothing
 This function is called by:
		_SYSTEM_Initialize
 This function uses a non-reentrant model


 *************** function _ADC1_Initialize *****************
 Defined at:
		line 64 in file "mcc_generated_files/adc1.c"
 Parameters:    Size  Location     Type
		None
 Auto vars:     Size  Location     Type
		None
 Return value:  Size  Location     Type
                  1    wreg      void 
 Registers used:
		wreg, status,2
 Tracked objects:
		On entry : 
		On exit  : 
		Unchanged: 
 Data sizes:     COMMON   BANK0   BANK1   BANK2   BANK3   BANK4   BANK5   BANK6   BANK7   BANK8   BANK9  BANK10  BANK11  BANK12
      Params:         0       0       0       0       0       0       0       0       0       0       0       0       0       0
      Locals:         0       0       0       0       0       0       0       0       0       0       0       0       0       0
      Temps:          0       0       0       0       0       0       0       0       0       0       0       0       0       0
      Totals:         0       0       0       0       0       0       0       0       0       0       0       0       0       0
Total ram usage:        0 bytes
 Hardware stack levels used:    1
 Hardware stack levels required when called:    1
 This function calls:
		Nothing
 This function is called by:
		_SYSTEM_Initialize
 This function uses a non-reentrant model


 *************** function _INTERRUPT_InterruptManager *****************
 Defined at:
		line 54 in file "mcc_generated_files/interrupt_manager.c"
 Parameters:    Size  Location     Type
		None
 Auto vars:     Size  Location     Type
  t8              1    0[COMMON] unsigned char 
 Return value:  Size  Location     Type
                  1    wreg      void 
 Registers used:
		wreg, fsr1l, fsr1h, status,2, status,0
 Tracked objects:
		On entry : 
		On exit  : 
		Unchanged: 
 Data sizes:     COMMON   BANK0   BANK1   BANK2   BANK3   BANK4   BANK5   BANK6   BANK7   BANK8   BANK9  BANK10  BANK11  BANK12
      Params:         0       0       0       0       0       0       0       0       0       0       0       0       0       0
      Locals:         1       0       0       0       0       0       0       0       0       0       0       0       0       0
      Temps:          0       0       0       0       0       0       0       0       0       0       0       0       0       0
      Totals:         1       0       0       0       0       0       0       0       0       0       0       0       0       0
Total ram usage:        1 bytes
 Hardware stack levels used:    1
 This function calls:
		Nothing
 This function is called by:
		Interrupt level 1
 This function uses a non-reentrant model



MODULE INFORMATION

Module		Function		Class		Link	Load	Size
mcc_generated_files/fvr.c
		_FVR_Initialize		CODE           	01DA	0000	5

mcc_generated_files/fvr.c estimated size: 5

mcc_generated_files/tmr2.c
		_TMR2_Initialize		CODE           	08C5	0000	16
		_TMR2_SetInterruptHandler		CODE           	08D4	0000	2
		_TMR2_StartTimer		CODE           	08D5	0000	4

mcc_generated_files/tmr2.c estimated size: 22

mcc_generated_files/interrupt_manager.c
		_INTERRUPT_InterruptManager		CODE           	0004	0000	77

mcc_generated_files/interrupt_manager.c estimated size: 77

mcc_generated_files/pwm2.c
		_PWM2_Initialize		CODE           	0234	0000	24

mcc_generated_files/pwm2.c estimated size: 24

mcc_generated_files/adc1.c
		_ADC1_Initialize		CODE           	01D6	0000	5

mcc_generated_files/adc1.c estimated size: 5

C:\Program Files (x86)\Microchip\xc8\v1.37\sources\common\Umul16.c
		___wmul        		CODE           	0E93	0000	22

C:\Program Files (x86)\Microchip\xc8\v1.37\sources\common\Umul16.c estimated size: 22

C:\Program Files (x86)\Microchip\xc8\v1.37\sources\common\lwdiv.c
		___lwdiv       		CODE           	0A00	0000	38

C:\Program Files (x86)\Microchip\xc8\v1.37\sources\common\lwdiv.c estimated size: 38

mcc_generated_files/pin_manager.c
		_PIN_MANAGER_Initialize		CODE           	01E3	0000	58

mcc_generated_files/pin_manager.c estimated size: 58

C:\Program Files (x86)\Microchip\xc8\v1.37\sources\common\awdiv.c
		___awdiv       		CODE           	09C0	0000	65

C:\Program Files (x86)\Microchip\xc8\v1.37\sources\common\awdiv.c estimated size: 65

src/api/sample.c
		_fvr_set_gain  		CODE           	025D	0000	18
		_calc_temp_rc  		CODE           	0606	0000	158
		_calc_temp_rs  		CODE           	08D8	0000	117
		_pid_pwm1_idrv_b_b		CODE           	039F	0000	468
		_get_idrv_pwm1_duty		CODE           	0C2A	0000	8
		_get_vout_pwm2_duty		CODE           	0A3A	0000	8
		_set_idrv_pwm1_duty		CODE           	0C15	0000	22
		_pid_pwm1_idrv_run		CODE           	0A41	0000	469
		_pid_pwm2_vout_run		CODE           	094C	0000	117
		_set_vout_pwm2_duty		CODE           	0A25	0000	22
		_cal_rs_simulate_power		CODE           	026E	0000	92
		_adc_init      		CODE           	024E	0000	16
		_adc_sample    		CODE           	018D	0000	57
		_calc_expect_vout_adc_value		CODE           	02C9	0000	215

src/api/sample.c estimated size: 1787

src/depend/crc16.c
		_crc_sum       		CODE           	0ED5	0000	55
		_crc_append    		CODE           	0708	0000	48
		_crc_verify    		CODE           	0EA8	0000	46

src/depend/crc16.c estimated size: 149

C:\Program Files (x86)\Microchip\xc8\v1.37\sources\common\lldiv.c
		___lldiv       		CODE           	06A3	0000	64

C:\Program Files (x86)\Microchip\xc8\v1.37\sources\common\lldiv.c estimated size: 64

C:\Program Files (x86)\Microchip\xc8\v1.37\sources\common\aldiv.c
		___aldiv       		CODE           	0572	0000	109

C:\Program Files (x86)\Microchip\xc8\v1.37\sources\common\aldiv.c estimated size: 109

src/api/my_uart.c
		_uart_received_start		CODE           	07B4	0000	15
		_uart_send_len 		CODE           	0E24	0000	31

src/api/my_uart.c estimated size: 46

C:\Program Files (x86)\Microchip\xc8\v1.37\sources\common\Umul32.c
		___lmul        		CODE           	05DE	0000	41

C:\Program Files (x86)\Microchip\xc8\v1.37\sources\common\Umul32.c estimated size: 41

src/depend/m_string.c
		_m_mem_cpy_len 		CODE           	06E2	0000	28

src/depend/m_string.c estimated size: 28

shared
		PL12           		CODE           	0FB4	0000	12
		PL8            		CODE           	0C41	0000	16
		PL22           		CODE           	0FC6	0000	9
		PL32           		CODE           	0FFA	0000	7
		PL14           		CODE           	0FBF	0000	8
		PL24           		CODE           	0FCE	0000	6
		PL34           		CODE           	0790	0000	7
		PL16           		CODE           	0766	0000	8
		PL26           		CODE           	077C	0000	8
		PL36           		CODE           	0796	0000	6
		PL18           		CODE           	076D	0000	7
		PL28           		CODE           	0783	0000	7
		__initialization		CODE           	0052	0000	66
		PL2            		CODE           	0742	0000	10
		PL10           		CODE           	075E	0000	9
		PL4            		CODE           	074B	0000	20
		PL20           		CODE           	0773	0000	10
		PL30           		CODE           	0789	0000	8
		PL6            		CODE           	0C31	0000	17

shared estimated size: 241

mcc_generated_files/mcc.c
		_WDT_Initialize		CODE           	024B	0000	4
		_OSCILLATOR_Initialize		CODE           	01DE	0000	6
		_SYSTEM_Initialize		CODE           	01C5	0000	18

mcc_generated_files/mcc.c estimated size: 28

mcc_generated_files/pwm1.c
		_PWM1_Initialize		CODE           	021C	0000	25

mcc_generated_files/pwm1.c estimated size: 25

src/api/sysData.c
		_my_flash_system_read		CODE           	0F0B	0000	48
		_my_flash_system_write		CODE           	0F3A	0000	123
		_sys_data_save 		CODE           	06FD	0000	12
		_sys_data_init 		CODE           	0E42	0000	82
		_my_flash_read_system_erase		CODE           	0737	0000	12

src/api/sysData.c estimated size: 277

src/api/modbus.c
		_modbus_response_command		CODE           	0C7F	0000	113
		_modbus_response_process		CODE           	0C50	0000	48
		_modbus_response_illgeal_function		CODE           	0FD3	0000	40
		_getRegisterVal		CODE           	0CEF	0000	173
		_modbus_response_write_single_register		CODE           	0D9B	0000	138

src/api/modbus.c estimated size: 512

mcc_generated_files/memory.c
		_FLASH_EraseBlock		CODE           	079B	0000	26

mcc_generated_files/memory.c estimated size: 26

mcc_generated_files/eusart.c
		_EUSART_Initialize		CODE           	07C2	0000	15

mcc_generated_files/eusart.c estimated size: 15

src/app/main.c
		_main          		CODE           	0096	0000	248

src/app/main.c estimated size: 248

